Frase: Charset: ISO-8859-15
Token: 
()
id _1 ; name Charset ; punc : ; whitespace "" ; prepunctuation "" ; 
id _2 ; name ISO-8859-15 ; whitespace " " ; prepunctuation "" ; 
Word: 
()
id _3 ; name Charset ; pos_index 60 ; pos_index_score 0 ; pos VSP ; pbreak BB ; 
id _4 ; name #i ; pos_index 54 ; pos_index_score 0 ; pos VMP ; pbreak NB ; 
id _5 ; name #s ; pos_index 42 ; pos_index_score 0 ; pos SP ; pbreak NB ; 
id _6 ; name #o ; pos_index 4 ; pos_index_score 0 ; pos DA ; pbreak NB ; 
id _7 ; name guió ; pos_index 30 ; pos_index_score 0 ; pos NC ; pbreak NB ; 
id _8 ; name vuit ; pos_index 35 ; pos_index_score 0 ; pos PN ; pbreak NB ; 
id _9 ; name vuit ; pos_index 8 ; pos_index_score 0 ; pos DN ; pbreak NB ; 
id _10 ; name cinc ; pos_index 8 ; pos_index_score 0 ; pos DN ; pbreak NB ; 
id _11 ; name nou ; pos_index 1 ; pos_index_score 0 ; pos AQ ; pbreak NB ; 
id _12 ; name guió ; pos_index 30 ; pos_index_score 0 ; pos NC ; pbreak NB ; 
id _13 ; name un ; pos_index 7 ; pos_index_score 0 ; pos DI ; pbreak NB ; 
id _14 ; name cinc ; pos_index 8 ; pos_index_score 0 ; pos DN ; pbreak BB ; 

Frase: 
Token: 
()
Word: 
()

Frase: \
Token: 
()
id _1 ; name "\\" ; whitespace "" ; prepunctuation "" ; 
Word: 
()
id _2 ; name contrabarra ; pos_index 30 ; pos_index_score 0 ; pos NC ; pbreak BB ; 

Frase: '
Token: 
()
id _1 ; name ' ; whitespace "" ; prepunctuation "" ; 
Word: 
()
id _2 ; name ' ; pos_index 28 ; pos_index_score 0 ; pos Fz ; pbreak BB ; 

Frase: ?
Token: 
()
id _1 ; name ? ; whitespace "" ; prepunctuation "" ; 
Word: 
()

Frase: ¡
Token: 
()
id _1 ; name ¡ ; whitespace "" ; prepunctuation "" ; 
Word: 
()

Frase: ¿
Token: 
()
id _1 ; name ¿ ; whitespace "" ; prepunctuation "" ; 
Word: 
()

Frase: [
Token: 
()
id _1 ; name [ ; whitespace "" ; prepunctuation "" ; 
Word: 
()
id _2 ; name claudàtor ; pos_index 30 ; pos_index_score 0 ; pos NC ; pbreak NB ; 
id _3 ; name obert ; pos_index 1 ; pos_index_score 0 ; pos AQ ; pbreak BB ; 

Frase: ]
Token: 
()
id _1 ; name ] ; whitespace "" ; prepunctuation "" ; 
Word: 
()
id _2 ; name claudàtor ; pos_index 30 ; pos_index_score 0 ; pos NC ; pbreak NB ; 
id _3 ; name tancat ; pos_index 1 ; pos_index_score 0 ; pos AQ ; pbreak BB ; 

Frase: {
Token: 
()
id _1 ; name { ; whitespace "" ; prepunctuation "" ; 
Word: 
()
id _2 ; name clau ; pos_index 1 ; pos_index_score 0 ; pos AQ ; pbreak NB ; 
id _3 ; name corba ; pos_index 30 ; pos_index_score 0 ; pos NC ; pbreak NB ; 
id _4 ; name oberta ; pos_index 1 ; pos_index_score 0 ; pos AQ ; pbreak BB ; 

Frase: }
Token: 
()
id _1 ; name } ; whitespace "" ; prepunctuation "" ; 
Word: 
()
id _2 ; name clau ; pos_index 1 ; pos_index_score 0 ; pos AQ ; pbreak NB ; 
id _3 ; name corba ; pos_index 30 ; pos_index_score 0 ; pos NC ; pbreak NB ; 
id _4 ; name tancada ; pos_index 1 ; pos_index_score 0 ; pos AQ ; pbreak BB ; 

Frase: <
Token: 
()
id _1 ; name < ; whitespace "" ; prepunctuation "" ; 
Word: 
()

Frase: >
Token: 
()
id _1 ; name > ; whitespace "" ; prepunctuation "" ; 
Word: 
()

Frase: ,
Token: 
()
id _1 ; name , ; whitespace "" ; prepunctuation "" ; 
Word: 
()
id _2 ; name coma ; pos_index 30 ; pos_index_score 0 ; pos NC ; pbreak BB ; 

Frase: .
Token: 
()
id _1 ; name . ; whitespace "" ; prepunctuation "" ; 
Word: 
()
id _2 ; name punt ; pos_index 30 ; pos_index_score 0 ; pos NC ; pbreak BB ; 

Frase: -
Token: 
()
id _1 ; name - ; whitespace "" ; prepunctuation "" ; 
Word: 
()
id _2 ; name guió ; pos_index 30 ; pos_index_score 0 ; pos NC ; pbreak BB ; 

Frase: ;
Token: 
()
id _1 ; name ";" ; whitespace "" ; prepunctuation "" ; 
Word: 
()
id _2 ; name punt ; pos_index 30 ; pos_index_score 0 ; pos NC ; pbreak NB ; 
id _3 ; name i ; pos_index 2 ; pos_index_score 0 ; pos CC ; pbreak NB ; 
id _4 ; name coma ; pos_index 30 ; pos_index_score 0 ; pos NC ; pbreak BB ; 

Frase: :
Token: 
()
id _1 ; name : ; whitespace "" ; prepunctuation "" ; 
Word: 
()
id _2 ; name dos ; pos_index 8 ; pos_index_score 0 ; pos DN ; pbreak NB ; 
id _3 ; name punts ; pos_index 30 ; pos_index_score 0 ; pos NC ; pbreak BB ; 

Frase: _
Token: 
()
id _1 ; name _ ; whitespace "" ; prepunctuation "" ; 
Word: 
()
id _2 ; name guió ; pos_index 30 ; pos_index_score 0 ; pos NC ; pbreak NB ; 
id _3 ; name baix ; pos_index 1 ; pos_index_score 0 ; pos AQ ; pbreak BB ; 

Frase: +
Token: 
()
id _1 ; name + ; whitespace "" ; prepunctuation "" ; 
Word: 
()
id _2 ; name més ; pos_index 40 ; pos_index_score 0 ; pos RG ; pbreak BB ; 

Frase: *
Token: 
()
id _1 ; name * ; whitespace "" ; prepunctuation "" ; 
Word: 
()
id _2 ; name asterisc ; pos_index 30 ; pos_index_score 0 ; pos NC ; pbreak BB ; 

Frase: a
Token: 
()
id _1 ; name a ; whitespace "" ; prepunctuation "" ; 
Word: 
()
id _2 ; name a ; pos_index 42 ; pos_index_score 0 ; pos SP ; pbreak BB ; 

Frase: b
Token: 
()
id _1 ; name b ; whitespace "" ; prepunctuation "" ; 
Word: 
()
id _2 ; name #b ; pos_index 0 ; pos_index_score 0 ; pos AO ; pbreak BB ; 

Frase: c
Token: 
()
id _1 ; name c ; whitespace "" ; prepunctuation "" ; 
Word: 
()
id _2 ; name #c ; pos_index 0 ; pos_index_score 0 ; pos AO ; pbreak BB ; 

Frase: d
Token: 
()
id _1 ; name d ; whitespace "" ; prepunctuation "" ; 
Word: 
()
id _2 ; name #d ; pos_index 0 ; pos_index_score 0 ; pos AO ; pbreak BB ; 

Frase: e
Token: 
()
id _1 ; name e ; whitespace "" ; prepunctuation "" ; 
Word: 
()
id _2 ; name #e ; pos_index 0 ; pos_index_score 0 ; pos AO ; pbreak BB ; 

Frase: f
Token: 
()
id _1 ; name f ; whitespace "" ; prepunctuation "" ; 
Word: 
()
id _2 ; name #f ; pos_index 0 ; pos_index_score 0 ; pos AO ; pbreak BB ; 

Frase: g
Token: 
()
id _1 ; name g ; whitespace "" ; prepunctuation "" ; 
Word: 
()
id _2 ; name #g ; pos_index 0 ; pos_index_score 0 ; pos AO ; pbreak BB ; 

Frase: h
Token: 
()
id _1 ; name h ; whitespace "" ; prepunctuation "" ; 
Word: 
()
id _2 ; name #h ; pos_index 0 ; pos_index_score 0 ; pos AO ; pbreak BB ; 

Frase: i
Token: 
()
id _1 ; name i ; whitespace "" ; prepunctuation "" ; 
Word: 
()
id _2 ; name i ; pos_index 2 ; pos_index_score 0 ; pos CC ; pbreak BB ; 

Frase: j
Token: 
()
id _1 ; name j ; whitespace "" ; prepunctuation "" ; 
Word: 
()
id _2 ; name #j ; pos_index 0 ; pos_index_score 0 ; pos AO ; pbreak BB ; 

Frase: k
Token: 
()
id _1 ; name k ; whitespace "" ; prepunctuation "" ; 
Word: 
()
id _2 ; name #k ; pos_index 0 ; pos_index_score 0 ; pos AO ; pbreak BB ; 

Frase: l
Token: 
()
id _1 ; name l ; whitespace "" ; prepunctuation "" ; 
Word: 
()
id _2 ; name #l ; pos_index 0 ; pos_index_score 0 ; pos AO ; pbreak BB ; 

Frase: m
Token: 
()
id _1 ; name m ; whitespace "" ; prepunctuation "" ; 
Word: 
()
id _2 ; name #m ; pos_index 0 ; pos_index_score 0 ; pos AO ; pbreak BB ; 

Frase: n
Token: 
()
id _1 ; name n ; whitespace "" ; prepunctuation "" ; 
Word: 
()
id _2 ; name #n ; pos_index 0 ; pos_index_score 0 ; pos AO ; pbreak BB ; 

Frase: o
Token: 
()
id _1 ; name o ; whitespace "" ; prepunctuation "" ; 
Word: 
()
id _2 ; name o ; pos_index 2 ; pos_index_score 0 ; pos CC ; pbreak BB ; 

Frase: p
Token: 
()
id _1 ; name p ; whitespace "" ; prepunctuation "" ; 
Word: 
()
id _2 ; name #p ; pos_index 0 ; pos_index_score 0 ; pos AO ; pbreak BB ; 

Frase: q
Token: 
()
id _1 ; name q ; whitespace "" ; prepunctuation "" ; 
Word: 
()
id _2 ; name #q ; pos_index 0 ; pos_index_score 0 ; pos AO ; pbreak BB ; 

Frase: r
Token: 
()
id _1 ; name r ; whitespace "" ; prepunctuation "" ; 
Word: 
()
id _2 ; name #r ; pos_index 0 ; pos_index_score 0 ; pos AO ; pbreak BB ; 

Frase: s
Token: 
()
id _1 ; name s ; whitespace "" ; prepunctuation "" ; 
Word: 
()
id _2 ; name #s ; pos_index 0 ; pos_index_score 0 ; pos AO ; pbreak BB ; 

Frase: t
Token: 
()
id _1 ; name t ; whitespace "" ; prepunctuation "" ; 
Word: 
()
id _2 ; name #t ; pos_index 0 ; pos_index_score 0 ; pos AO ; pbreak BB ; 

Frase: u
Token: 
()
id _1 ; name u ; whitespace "" ; prepunctuation "" ; 
Word: 
()
id _2 ; name #u ; pos_index 0 ; pos_index_score 0 ; pos AO ; pbreak BB ; 

Frase: v
Token: 
()
id _1 ; name v ; whitespace "" ; prepunctuation "" ; 
Word: 
()
id _2 ; name #v ; pos_index 0 ; pos_index_score 0 ; pos AO ; pbreak BB ; 

Frase: w
Token: 
()
id _1 ; name w ; whitespace "" ; prepunctuation "" ; 
Word: 
()
id _2 ; name #w ; pos_index 0 ; pos_index_score 0 ; pos AO ; pbreak BB ; 

Frase: x
Token: 
()
id _1 ; name x ; whitespace "" ; prepunctuation "" ; 
Word: 
()
id _2 ; name #x ; pos_index 0 ; pos_index_score 0 ; pos AO ; pbreak BB ; 

Frase: y
Token: 
()
id _1 ; name y ; whitespace "" ; prepunctuation "" ; 
Word: 
()
id _2 ; name #y ; pos_index 0 ; pos_index_score 0 ; pos AO ; pbreak BB ; 

Frase: z
Token: 
()
id _1 ; name z ; whitespace "" ; prepunctuation "" ; 
Word: 
()
id _2 ; name #z ; pos_index 0 ; pos_index_score 0 ; pos AO ; pbreak BB ; 

Frase: à
Token: 
()
id _1 ; name à ; whitespace "" ; prepunctuation "" ; 
Word: 
()
id _2 ; name #a ; pos_index 0 ; pos_index_score 0 ; pos AO ; pbreak BB ; 

Frase: á
Token: 
()
id _1 ; name á ; whitespace "" ; prepunctuation "" ; 
Word: 
()
id _2 ; name #a ; pos_index 0 ; pos_index_score 0 ; pos AO ; pbreak BB ; 

Frase: ä
Token: 
()
id _1 ; name ä ; whitespace "" ; prepunctuation "" ; 
Word: 
()
id _2 ; name #a ; pos_index 0 ; pos_index_score 0 ; pos AO ; pbreak BB ; 

Frase: â
Token: 
()
id _1 ; name â ; whitespace "" ; prepunctuation "" ; 
Word: 
()
id _2 ; name #a ; pos_index 0 ; pos_index_score 0 ; pos AO ; pbreak BB ; 

Frase: è
Token: 
()
id _1 ; name è ; whitespace "" ; prepunctuation "" ; 
Word: 
()
id _2 ; name #e ; pos_index 0 ; pos_index_score 0 ; pos AO ; pbreak BB ; 

Frase: é
Token: 
()
id _1 ; name é ; whitespace "" ; prepunctuation "" ; 
Word: 
()
id _2 ; name #e ; pos_index 0 ; pos_index_score 0 ; pos AO ; pbreak BB ; 

Frase: ë
Token: 
()
id _1 ; name ë ; whitespace "" ; prepunctuation "" ; 
Word: 
()
id _2 ; name #e ; pos_index 0 ; pos_index_score 0 ; pos AO ; pbreak BB ; 

Frase: ê
Token: 
()
id _1 ; name ê ; whitespace "" ; prepunctuation "" ; 
Word: 
()
id _2 ; name #e ; pos_index 0 ; pos_index_score 0 ; pos AO ; pbreak BB ; 

Frase: í
Token: 
()
id _1 ; name í ; whitespace "" ; prepunctuation "" ; 
Word: 
()
id _2 ; name #i ; pos_index 0 ; pos_index_score 0 ; pos AO ; pbreak BB ; 

Frase: ì
Token: 
()
id _1 ; name ì ; whitespace "" ; prepunctuation "" ; 
Word: 
()
id _2 ; name #i ; pos_index 0 ; pos_index_score 0 ; pos AO ; pbreak BB ; 

Frase: ï
Token: 
()
id _1 ; name ï ; whitespace "" ; prepunctuation "" ; 
Word: 
()
id _2 ; name #i ; pos_index 0 ; pos_index_score 0 ; pos AO ; pbreak BB ; 

Frase: î
Token: 
()
id _1 ; name î ; whitespace "" ; prepunctuation "" ; 
Word: 
()
id _2 ; name #i ; pos_index 0 ; pos_index_score 0 ; pos AO ; pbreak BB ; 

Frase: ò
Token: 
()
id _1 ; name ò ; whitespace "" ; prepunctuation "" ; 
Word: 
()
id _2 ; name #o ; pos_index 0 ; pos_index_score 0 ; pos AO ; pbreak BB ; 

Frase: ó
Token: 
()
id _1 ; name ó ; whitespace "" ; prepunctuation "" ; 
Word: 
()
id _2 ; name #o ; pos_index 0 ; pos_index_score 0 ; pos AO ; pbreak BB ; 

Frase: ö
Token: 
()
id _1 ; name ö ; whitespace "" ; prepunctuation "" ; 
Word: 
()
id _2 ; name #o ; pos_index 0 ; pos_index_score 0 ; pos AO ; pbreak BB ; 

Frase: ô
Token: 
()
id _1 ; name ô ; whitespace "" ; prepunctuation "" ; 
Word: 
()
id _2 ; name #o ; pos_index 0 ; pos_index_score 0 ; pos AO ; pbreak BB ; 

Frase: ú
Token: 
()
id _1 ; name ú ; whitespace "" ; prepunctuation "" ; 
Word: 
()
id _2 ; name #u ; pos_index 0 ; pos_index_score 0 ; pos AO ; pbreak BB ; 

Frase: ù
Token: 
()
id _1 ; name ù ; whitespace "" ; prepunctuation "" ; 
Word: 
()
id _2 ; name #u ; pos_index 0 ; pos_index_score 0 ; pos AO ; pbreak BB ; 

Frase: ü
Token: 
()
id _1 ; name ü ; whitespace "" ; prepunctuation "" ; 
Word: 
()
id _2 ; name #u ; pos_index 0 ; pos_index_score 0 ; pos AO ; pbreak BB ; 

Frase: û
Token: 
()
id _1 ; name û ; whitespace "" ; prepunctuation "" ; 
Word: 
()
id _2 ; name #u ; pos_index 0 ; pos_index_score 0 ; pos AO ; pbreak BB ; 

Frase: ç
Token: 
()
id _1 ; name ç ; whitespace "" ; prepunctuation "" ; 
Word: 
()
id _2 ; name #ç ; pos_index 0 ; pos_index_score 0 ; pos AO ; pbreak BB ; 

Frase: ñ
Token: 
()
id _1 ; name ñ ; whitespace "" ; prepunctuation "" ; 
Word: 
()
id _2 ; name #ñ ; pos_index 0 ; pos_index_score 0 ; pos AO ; pbreak BB ; 

Frase: 0
Token: 
()
id _1 ; name "0" ; whitespace "" ; prepunctuation "" ; token_pos cardinal ; 
Word: 
()
id _2 ; name zero ; pos_index 8 ; pos_index_score 0 ; pos DN ; pbreak BB ; 

Frase: 1
Token: 
()
id _1 ; name "1" ; whitespace "" ; prepunctuation "" ; token_pos cardinal ; 
Word: 
()
id _2 ; name un ; pos_index 7 ; pos_index_score 0 ; pos DI ; pbreak BB ; 

Frase: 2
Token: 
()
id _1 ; name "2" ; whitespace "" ; prepunctuation "" ; token_pos cardinal ; 
Word: 
()
id _2 ; name dos ; pos_index 8 ; pos_index_score 0 ; pos DN ; pbreak BB ; 

Frase: 3
Token: 
()
id _1 ; name "3" ; whitespace "" ; prepunctuation "" ; token_pos cardinal ; 
Word: 
()
id _2 ; name tres ; pos_index 8 ; pos_index_score 0 ; pos DN ; pbreak BB ; 

Frase: 4
Token: 
()
id _1 ; name "4" ; whitespace "" ; prepunctuation "" ; token_pos cardinal ; 
Word: 
()
id _2 ; name quatre ; pos_index 8 ; pos_index_score 0 ; pos DN ; pbreak BB ; 

Frase: 5
Token: 
()
id _1 ; name "5" ; whitespace "" ; prepunctuation "" ; token_pos cardinal ; 
Word: 
()
id _2 ; name cinc ; pos_index 8 ; pos_index_score 0 ; pos DN ; pbreak BB ; 

Frase: 6
Token: 
()
id _1 ; name "6" ; whitespace "" ; prepunctuation "" ; token_pos cardinal ; 
Word: 
()
id _2 ; name sis ; pos_index 8 ; pos_index_score 0 ; pos DN ; pbreak BB ; 

Frase: 7
Token: 
()
id _1 ; name "7" ; whitespace "" ; prepunctuation "" ; token_pos cardinal ; 
Word: 
()
id _2 ; name set ; pos_index 35 ; pos_index_score 0 ; pos PN ; pbreak BB ; 

Frase: 8
Token: 
()
id _1 ; name "8" ; whitespace "" ; prepunctuation "" ; token_pos cardinal ; 
Word: 
()
id _2 ; name vuit ; pos_index 8 ; pos_index_score 0 ; pos DN ; pbreak BB ; 

Frase: 9
Token: 
()
id _1 ; name "9" ; whitespace "" ; prepunctuation "" ; token_pos cardinal ; 
Word: 
()
id _2 ; name nou ; pos_index 35 ; pos_index_score 0 ; pos PN ; pbreak BB ; 

Frase: !
Token: 
()
id _1 ; name ! ; whitespace "" ; prepunctuation "" ; 
Word: 
()
id _2 ; name exclamació ; pos_index 30 ; pos_index_score 0 ; pos NC ; pbreak BB ; 

Frase: |
Token: 
()
id _1 ; name | ; whitespace "" ; prepunctuation "" ; 
Word: 
()
id _2 ; name barra ; pos_index 30 ; pos_index_score 0 ; pos NC ; pbreak NB ; 
id _3 ; name vertical ; pos_index 1 ; pos_index_score 0 ; pos AQ ; pbreak BB ; 

Frase: @
Token: 
()
id _1 ; name @ ; whitespace "" ; prepunctuation "" ; 
Word: 
()
id _2 ; name arrova ; pos_index 30 ; pos_index_score 0 ; pos NC ; pbreak BB ; 

Frase: ·
Token: 
()
id _1 ; name · ; whitespace "" ; prepunctuation "" ; 
Word: 
()
id _2 ; name punt ; pos_index 30 ; pos_index_score 0 ; pos NC ; pbreak NB ; 
id _3 ; name volat ; pos_index 54 ; pos_index_score 0 ; pos VMP ; pbreak BB ; 

Frase: $
Token: 
()
id _1 ; name $ ; whitespace "" ; prepunctuation "" ; 
Word: 
()
id _2 ; name dòlar ; pos_index 64 ; pos_index_score 0 ; pos Zm ; pbreak BB ; 

Frase: %
Token: 
()
id _1 ; name % ; whitespace "" ; prepunctuation "" ; 
Word: 
()
id _2 ; name tant ; pos_index 40 ; pos_index_score 0 ; pos RG ; pbreak NB ; 
id _3 ; name per ; pos_index 42 ; pos_index_score 0 ; pos SP ; pbreak NB ; 
id _4 ; name cent ; pos_index 8 ; pos_index_score 0 ; pos DN ; pbreak BB ; 

Frase: &
Token: 
()
id _1 ; name & ; whitespace "" ; prepunctuation "" ; 
Word: 
()
id _2 ; name ampersand ; pos_index 0 ; pos_index_score 0 ; pos AO ; pbreak BB ; 

Frase: /
Token: 
()
id _1 ; name / ; whitespace "" ; prepunctuation "" ; 
Word: 
()
id _2 ; name barra ; pos_index 30 ; pos_index_score 0 ; pos NC ; pbreak BB ; 

Frase: ©
Token: 
()
id _1 ; name © ; whitespace "" ; prepunctuation "" ; 
Word: 
()
id _2 ; name copyright ; pos_index 30 ; pos_index_score 0 ; pos NC ; pbreak BB ; 

Frase: (
Token: 
()
id _1 ; name "(" ; whitespace "" ; prepunctuation "" ; 
Word: 
()

Frase: )
Token: 
()
id _1 ; name ")" ; whitespace "" ; prepunctuation "" ; 
Word: 
()

Frase: =
Token: 
()
id _1 ; name = ; whitespace "" ; prepunctuation "" ; 
Word: 
()
id _2 ; name igual ; pos_index 40 ; pos_index_score 0 ; pos RG ; pbreak BB ; 

Frase: º
Token: 
()
id _1 ; name º ; whitespace "" ; prepunctuation "" ; 
Word: 
()
id _2 ; name indicador ; pos_index 1 ; pos_index_score 0 ; pos AQ ; pbreak NB ; 
id _3 ; name ordinal ; pos_index 30 ; pos_index_score 0 ; pos NC ; pbreak NB ; 
id _4 ; name masculí ; pos_index 1 ; pos_index_score 0 ; pos AQ ; pbreak BB ; 

Frase: ª.
Token: 
()
id _1 ; name ª ; punc . ; whitespace "" ; prepunctuation "" ; 
Word: 
()
id _2 ; name indicador ; pos_index 1 ; pos_index_score 0 ; pos AQ ; pbreak NB ; 
id _3 ; name ordinal ; pos_index 30 ; pos_index_score 0 ; pos NC ; pbreak NB ; 
id _4 ; name femení ; pos_index 1 ; pos_index_score 0 ; pos AQ ; pbreak BB ; 

Frase: 
Token: 
()
Word: 
()

