Frase: Bon dia, amics.
Token: 
()
id _1 ; name Bon ; whitespace "" ; prepunctuation "" ; 
id _2 ; name dia ; punc , ; whitespace " " ; prepunctuation "" ; 
id _3 ; name amics ; punc . ; whitespace " " ; prepunctuation "" ; 
Word: 
()
id _4 ; name Bon ; pos_index 1 ; pos_index_score 0 ; pos AQ ; pbreak NB ; 
id _5 ; name dia ; pos_index 30 ; pos_index_score 0 ; pos NC ; pbreak B ; 
id _6 ; name amics ; pos_index 1 ; pos_index_score 0 ; pos AQ ; pbreak BB ; 

Frase: Bon dia,amics.
Token: 
()
id _1 ; name Bon ; whitespace "" ; prepunctuation "" ; 
id _2 ; name dia ; punc , ; whitespace " " ; prepunctuation "" ; 
id _4 ; name amics ; punc . ; 
Word: 
()
id _3 ; name Bon ; pos_index 1 ; pos_index_score 0 ; pos AQ ; pbreak NB ; 
id _5 ; name dia ; pos_index 30 ; pos_index_score 0 ; pos NC ; pbreak B ; 
id _6 ; name amics ; pos_index 1 ; pos_index_score 0 ; pos AQ ; pbreak BB ; 

Frase: Bon dia ,amics.
Token: 
()
id _1 ; name Bon ; whitespace "" ; prepunctuation "" ; 
id _2 ; name dia ; whitespace " " ; prepunctuation "" ; punc , ; 
id _3 ; name amics ; punc . ; whitespace " " ; prepunctuation "" ; 
Word: 
()
id _4 ; name Bon ; pos_index 1 ; pos_index_score 0 ; pos AQ ; pbreak NB ; 
id _5 ; name dia ; pos_index 30 ; pos_index_score 0 ; pos NC ; pbreak B ; 
id _6 ; name amics ; pos_index 1 ; pos_index_score 0 ; pos AQ ; pbreak BB ; 

Frase: Bon dia , amics.
Token: 
()
id _1 ; name Bon ; whitespace "" ; prepunctuation "" ; 
id _2 ; name dia ; whitespace " " ; prepunctuation "" ; 
id _3 ; name , ; whitespace " " ; prepunctuation "" ; 
id _4 ; name amics ; punc . ; whitespace " " ; prepunctuation "" ; 
Word: 
()
id _5 ; name Bon ; pos_index 1 ; pos_index_score 0 ; pos AQ ; pbreak NB ; 
id _6 ; name dia ; pos_index 30 ; pos_index_score 0 ; pos NC ; pbreak NB ; 
id _7 ; name coma ; pos_index 51 ; pos_index_score 0 ; pos VMI ; pbreak NB ; 
id _8 ; name amics ; pos_index 30 ; pos_index_score 0 ; pos NC ; pbreak BB ; 

Frase: Era gran. Molt gran.
Token: 
()
id _1 ; name Era ; whitespace "" ; prepunctuation "" ; 
id _2 ; name gran ; punc . ; whitespace " " ; prepunctuation "" ; 
id _3 ; name Molt ; whitespace " " ; prepunctuation "" ; 
id _4 ; name gran ; punc . ; whitespace " " ; prepunctuation "" ; 
Word: 
()
id _5 ; name Era ; pos_index 57 ; pos_index_score 0 ; pos VSI ; pbreak NB ; 
id _6 ; name gran ; pos_index 1 ; pos_index_score 0 ; pos AQ ; pbreak BB ; 
id _7 ; name Molt ; pos_index 40 ; pos_index_score 0 ; pos RG ; pbreak NB ; 
id _8 ; name gran ; pos_index 1 ; pos_index_score 0 ; pos AQ ; pbreak BB ; 

Frase: Era gran.Molt gran.
Token: 
()
id _1 ; name Era ; whitespace "" ; prepunctuation "" ; 
id _2 ; name gran ; whitespace " " ; prepunctuation "" ; punc . ; 
id _5 ; name Molt ; punc "" ; 
id _3 ; name gran ; punc . ; whitespace " " ; prepunctuation "" ; 
Word: 
()
id _4 ; name Era ; pos_index 57 ; pos_index_score 0 ; pos VSI ; pbreak NB ; 
id _6 ; name gran ; pos_index 1 ; pos_index_score 0 ; pos AQ ; pbreak BB ; 
id _7 ; name Molt ; pos_index 40 ; pos_index_score 0 ; pos RG ; pbreak NB ; 
id _8 ; name gran ; pos_index 1 ; pos_index_score 0 ; pos AQ ; pbreak BB ; 

Frase: Era gran .Molt gran.
Token: 
()
id _1 ; name Era ; whitespace "" ; prepunctuation "" ; 
id _2 ; name gran ; whitespace " " ; prepunctuation "" ; punc . ; 
id _3 ; name Molt ; whitespace " " ; prepunctuation "" ; punc "" ; 
id _4 ; name gran ; punc . ; whitespace " " ; prepunctuation "" ; 
Word: 
()
id _5 ; name Era ; pos_index 57 ; pos_index_score 0 ; pos VSI ; pbreak NB ; 
id _6 ; name gran ; pos_index 1 ; pos_index_score 0 ; pos AQ ; pbreak BB ; 
id _7 ; name Molt ; pos_index 40 ; pos_index_score 0 ; pos RG ; pbreak NB ; 
id _8 ; name gran ; pos_index 1 ; pos_index_score 0 ; pos AQ ; pbreak BB ; 

Frase: Era gran . Molt gran.
Token: 
()
id _1 ; name Era ; whitespace "" ; prepunctuation "" ; 
id _2 ; name gran ; whitespace " " ; prepunctuation "" ; 
id _3 ; name . ; whitespace " " ; prepunctuation "" ; 
id _4 ; name Molt ; whitespace " " ; prepunctuation "" ; 
id _5 ; name gran ; punc . ; whitespace " " ; prepunctuation "" ; 
Word: 
()
id _6 ; name Era ; pos_index 57 ; pos_index_score 0 ; pos VSI ; pbreak NB ; 
id _7 ; name gran ; pos_index 1 ; pos_index_score 0 ; pos AQ ; pbreak NB ; 
id _8 ; name punt ; pos_index 30 ; pos_index_score 0 ; pos NC ; pbreak NB ; 
id _9 ; name Molt ; pos_index 40 ; pos_index_score 0 ; pos RG ; pbreak NB ; 
id _10 ; name gran ; pos_index 1 ; pos_index_score 0 ; pos AQ ; pbreak BB ; 

Frase: (.)
Token: 
()
id _1 ; name . ; punc ")" ; whitespace "" ; prepunctuation "(" ; 
Word: 
()
id _2 ; name punt ; pos_index 30 ; pos_index_score 0 ; pos NC ; pbreak B ; 

Frase: http://
Token: 
()
id _1 ; name http:// ; whitespace "" ; prepunctuation "" ; 
Word: 
()
id _2 ; name #h ; pos_index 53 ; pos_index_score 0 ; pos VMN ; pbreak NB ; 
id _3 ; name #t ; pos_index 4 ; pos_index_score 0 ; pos DA ; pbreak NB ; 
id _4 ; name #t ; pos_index 30 ; pos_index_score 0 ; pos NC ; pbreak NB ; 
id _5 ; name #p ; pos_index 42 ; pos_index_score 0 ; pos SP ; pbreak NB ; 
id _6 ; name dos ; pos_index 8 ; pos_index_score 0 ; pos DN ; pbreak NB ; 
id _7 ; name punts ; pos_index 30 ; pos_index_score 0 ; pos NC ; pbreak NB ; 
id _8 ; name barra ; pos_index 51 ; pos_index_score 0 ; pos VMI ; pbreak NB ; 
id _9 ; name barra ; pos_index 30 ; pos_index_score 0 ; pos NC ; pbreak BB ; 

Frase: ftp://
Token: 
()
id _1 ; name ftp:// ; whitespace "" ; prepunctuation "" ; 
Word: 
()
id _2 ; name #f ; pos_index 60 ; pos_index_score 0 ; pos VSP ; pbreak NB ; 
id _3 ; name #t ; pos_index 54 ; pos_index_score 0 ; pos VMP ; pbreak NB ; 
id _4 ; name #p ; pos_index 42 ; pos_index_score 0 ; pos SP ; pbreak NB ; 
id _5 ; name dos ; pos_index 8 ; pos_index_score 0 ; pos DN ; pbreak NB ; 
id _6 ; name punts ; pos_index 30 ; pos_index_score 0 ; pos NC ; pbreak NB ; 
id _7 ; name barra ; pos_index 51 ; pos_index_score 0 ; pos VMI ; pbreak NB ; 
id _8 ; name barra ; pos_index 30 ; pos_index_score 0 ; pos NC ; pbreak BB ; 

Frase: www
Token: 
()
id _1 ; name www ; whitespace "" ; prepunctuation "" ; 
Word: 
()
id _2 ; name tres ; pos_index 8 ; pos_index_score 0 ; pos DN ; pbreak NB ; 
id _3 ; name #ws ; pos_index 30 ; pos_index_score 0 ; pos NC ; pbreak BB ; 

Frase: WWW
Token: 
()
id _1 ; name WWW ; whitespace "" ; prepunctuation "" ; 
Word: 
()
id _2 ; name tres ; pos_index 8 ; pos_index_score 0 ; pos DN ; pbreak NB ; 
id _3 ; name #ws ; pos_index 30 ; pos_index_score 0 ; pos NC ; pbreak BB ; 

Frase: www.talp.cat
Token: 
()
id _1 ; name www.talp.cat ; whitespace "" ; prepunctuation "" ; 
Word: 
()
id _2 ; name tres ; pos_index 35 ; pos_index_score 0 ; pos PN ; pbreak NB ; 
id _3 ; name #ws ; pos_index 42 ; pos_index_score 0 ; pos SP ; pbreak NB ; 
id _4 ; name talp ; pos_index 30 ; pos_index_score 0 ; pos NC ; pbreak NB ; 
id _5 ; name punt ; pos_index 30 ; pos_index_score 0 ; pos NC ; pbreak NB ; 
id _6 ; name cat ; pos_index 31 ; pos_index_score 0 ; pos NP ; pbreak BB ; 

Frase: festcat.talp.cat
Token: 
()
id _1 ; name festcat.talp.cat ; whitespace "" ; prepunctuation "" ; 
Word: 
()
id _2 ; name festcat ; pos_index 7 ; pos_index_score 0 ; pos DI ; pbreak NB ; 
id _3 ; name punt ; pos_index 30 ; pos_index_score 0 ; pos NC ; pbreak NB ; 
id _4 ; name talp ; pos_index 30 ; pos_index_score 0 ; pos NC ; pbreak NB ; 
id _5 ; name punt ; pos_index 30 ; pos_index_score 0 ; pos NC ; pbreak NB ; 
id _6 ; name cat ; pos_index 31 ; pos_index_score 0 ; pos NP ; pbreak BB ; 

Frase: exemple.com
Token: 
()
id _1 ; name exemple.com ; whitespace "" ; prepunctuation "" ; 
Word: 
()
id _2 ; name exemple ; pos_index 30 ; pos_index_score 0 ; pos NC ; pbreak NB ; 
id _3 ; name punt ; pos_index 51 ; pos_index_score 0 ; pos VMI ; pbreak NB ; 
id _4 ; name com ; pos_index 3 ; pos_index_score 0 ; pos CS ; pbreak BB ; 

Frase: http://www.exemple.com
Token: 
()
id _1 ; name http://www.exemple.com ; whitespace "" ; prepunctuation "" ; 
Word: 
()
id _2 ; name #h ; pos_index 53 ; pos_index_score 0 ; pos VMN ; pbreak NB ; 
id _3 ; name #t ; pos_index 4 ; pos_index_score 0 ; pos DA ; pbreak NB ; 
id _4 ; name #t ; pos_index 30 ; pos_index_score 0 ; pos NC ; pbreak NB ; 
id _5 ; name #p ; pos_index 42 ; pos_index_score 0 ; pos SP ; pbreak NB ; 
id _6 ; name dos ; pos_index 8 ; pos_index_score 0 ; pos DN ; pbreak NB ; 
id _7 ; name punts ; pos_index 30 ; pos_index_score 0 ; pos NC ; pbreak NB ; 
id _8 ; name barra ; pos_index 30 ; pos_index_score 0 ; pos NC ; pbreak NB ; 
id _9 ; name barra ; pos_index 30 ; pos_index_score 0 ; pos NC ; pbreak NB ; 
id _10 ; name tres ; pos_index 63 ; pos_index_score 0 ; pos Z ; pbreak NB ; 
id _11 ; name #ws ; pos_index 42 ; pos_index_score 0 ; pos SP ; pbreak NB ; 
id _12 ; name exemple ; pos_index 30 ; pos_index_score 0 ; pos NC ; pbreak NB ; 
id _13 ; name punt ; pos_index 51 ; pos_index_score 0 ; pos VMI ; pbreak NB ; 
id _14 ; name com ; pos_index 3 ; pos_index_score 0 ; pos CS ; pbreak BB ; 

Frase: http://exemple2.com
Token: 
()
id _1 ; name http://exemple2.com ; whitespace "" ; prepunctuation "" ; 
Word: 
()
id _2 ; name #h ; pos_index 53 ; pos_index_score 0 ; pos VMN ; pbreak NB ; 
id _3 ; name #t ; pos_index 4 ; pos_index_score 0 ; pos DA ; pbreak NB ; 
id _4 ; name #t ; pos_index 30 ; pos_index_score 0 ; pos NC ; pbreak NB ; 
id _5 ; name #p ; pos_index 42 ; pos_index_score 0 ; pos SP ; pbreak NB ; 
id _6 ; name dos ; pos_index 8 ; pos_index_score 0 ; pos DN ; pbreak NB ; 
id _7 ; name punts ; pos_index 30 ; pos_index_score 0 ; pos NC ; pbreak NB ; 
id _8 ; name barra ; pos_index 30 ; pos_index_score 0 ; pos NC ; pbreak NB ; 
id _9 ; name barra ; pos_index 30 ; pos_index_score 0 ; pos NC ; pbreak NB ; 
id _10 ; name exemple ; pos_index 30 ; pos_index_score 0 ; pos NC ; pbreak NB ; 
id _11 ; name dos ; pos_index 51 ; pos_index_score 0 ; pos VMI ; pbreak NB ; 
id _12 ; name punt ; pos_index 30 ; pos_index_score 0 ; pos NC ; pbreak NB ; 
id _13 ; name com ; pos_index 3 ; pos_index_score 0 ; pos CS ; pbreak BB ; 

Frase: http://a.example.com
Token: 
()
id _1 ; name http://a.example.com ; whitespace "" ; prepunctuation "" ; 
Word: 
()
id _2 ; name #h ; pos_index 53 ; pos_index_score 0 ; pos VMN ; pbreak NB ; 
id _3 ; name #t ; pos_index 4 ; pos_index_score 0 ; pos DA ; pbreak NB ; 
id _4 ; name #t ; pos_index 30 ; pos_index_score 0 ; pos NC ; pbreak NB ; 
id _5 ; name #p ; pos_index 42 ; pos_index_score 0 ; pos SP ; pbreak NB ; 
id _6 ; name dos ; pos_index 8 ; pos_index_score 0 ; pos DN ; pbreak NB ; 
id _7 ; name punts ; pos_index 30 ; pos_index_score 0 ; pos NC ; pbreak NB ; 
id _8 ; name barra ; pos_index 51 ; pos_index_score 0 ; pos VMI ; pbreak NB ; 
id _9 ; name barra ; pos_index 30 ; pos_index_score 0 ; pos NC ; pbreak NB ; 
id _10 ; name a ; pos_index 42 ; pos_index_score 0 ; pos SP ; pbreak NB ; 
id _11 ; name punt ; pos_index 30 ; pos_index_score 0 ; pos NC ; pbreak NB ; 
id _12 ; name example ; pos_index 42 ; pos_index_score 0 ; pos SP ; pbreak NB ; 
id _13 ; name punt ; pos_index 30 ; pos_index_score 0 ; pos NC ; pbreak NB ; 
id _14 ; name com ; pos_index 3 ; pos_index_score 0 ; pos CS ; pbreak BB ; 

Frase: https://a.example.com
Token: 
()
id _1 ; name https://a.example.com ; whitespace "" ; prepunctuation "" ; 
Word: 
()
id _2 ; name #h ; pos_index 11 ; pos_index_score 0 ; pos DT ; pbreak NB ; 
id _3 ; name #t ; pos_index 30 ; pos_index_score 0 ; pos NC ; pbreak NB ; 
id _4 ; name #t ; pos_index 32 ; pos_index_score 0 ; pos P0 ; pbreak NB ; 
id _5 ; name #p ; pos_index 51 ; pos_index_score 0 ; pos VMI ; pbreak NB ; 
id _6 ; name #s ; pos_index 42 ; pos_index_score 0 ; pos SP ; pbreak NB ; 
id _7 ; name dos ; pos_index 8 ; pos_index_score 0 ; pos DN ; pbreak NB ; 
id _8 ; name punts ; pos_index 30 ; pos_index_score 0 ; pos NC ; pbreak NB ; 
id _9 ; name barra ; pos_index 51 ; pos_index_score 0 ; pos VMI ; pbreak NB ; 
id _10 ; name barra ; pos_index 30 ; pos_index_score 0 ; pos NC ; pbreak NB ; 
id _11 ; name a ; pos_index 42 ; pos_index_score 0 ; pos SP ; pbreak NB ; 
id _12 ; name punt ; pos_index 30 ; pos_index_score 0 ; pos NC ; pbreak NB ; 
id _13 ; name example ; pos_index 42 ; pos_index_score 0 ; pos SP ; pbreak NB ; 
id _14 ; name punt ; pos_index 30 ; pos_index_score 0 ; pos NC ; pbreak NB ; 
id _15 ; name com ; pos_index 3 ; pos_index_score 0 ; pos CS ; pbreak BB ; 

Frase: https://a.example.com/test.html
Token: 
()
id _1 ; name https://a.example.com/test.html ; whitespace "" ; prepunctuation "" ; 
Word: 
()
id _2 ; name #h ; pos_index 11 ; pos_index_score 0 ; pos DT ; pbreak NB ; 
id _3 ; name #t ; pos_index 30 ; pos_index_score 0 ; pos NC ; pbreak NB ; 
id _4 ; name #t ; pos_index 32 ; pos_index_score 0 ; pos P0 ; pbreak NB ; 
id _5 ; name #p ; pos_index 51 ; pos_index_score 0 ; pos VMI ; pbreak NB ; 
id _6 ; name #s ; pos_index 42 ; pos_index_score 0 ; pos SP ; pbreak NB ; 
id _7 ; name dos ; pos_index 8 ; pos_index_score 0 ; pos DN ; pbreak NB ; 
id _8 ; name punts ; pos_index 30 ; pos_index_score 0 ; pos NC ; pbreak NB ; 
id _9 ; name barra ; pos_index 51 ; pos_index_score 0 ; pos VMI ; pbreak NB ; 
id _10 ; name barra ; pos_index 30 ; pos_index_score 0 ; pos NC ; pbreak NB ; 
id _11 ; name a ; pos_index 42 ; pos_index_score 0 ; pos SP ; pbreak NB ; 
id _12 ; name punt ; pos_index 30 ; pos_index_score 0 ; pos NC ; pbreak NB ; 
id _13 ; name example ; pos_index 42 ; pos_index_score 0 ; pos SP ; pbreak NB ; 
id _14 ; name punt ; pos_index 30 ; pos_index_score 0 ; pos NC ; pbreak NB ; 
id _15 ; name com ; pos_index 37 ; pos_index_score 0 ; pos PR ; pbreak NB ; 
id _16 ; name barra ; pos_index 51 ; pos_index_score 0 ; pos VMI ; pbreak NB ; 
id _17 ; name test ; pos_index 1 ; pos_index_score 0 ; pos AQ ; pbreak NB ; 
id _18 ; name punt ; pos_index 30 ; pos_index_score 0 ; pos NC ; pbreak NB ; 
id _19 ; name #h ; pos_index 42 ; pos_index_score 0 ; pos SP ; pbreak NB ; 
id _20 ; name #t ; pos_index 4 ; pos_index_score 0 ; pos DA ; pbreak NB ; 
id _21 ; name #m ; pos_index 30 ; pos_index_score 0 ; pos NC ; pbreak NB ; 
id _22 ; name #l ; pos_index 42 ; pos_index_score 0 ; pos SP ; pbreak BB ; 

Frase: https://a.example.com/a
Token: 
()
id _1 ; name https://a.example.com/a ; whitespace "" ; prepunctuation "" ; 
Word: 
()
id _2 ; name #h ; pos_index 11 ; pos_index_score 0 ; pos DT ; pbreak NB ; 
id _3 ; name #t ; pos_index 30 ; pos_index_score 0 ; pos NC ; pbreak NB ; 
id _4 ; name #t ; pos_index 32 ; pos_index_score 0 ; pos P0 ; pbreak NB ; 
id _5 ; name #p ; pos_index 51 ; pos_index_score 0 ; pos VMI ; pbreak NB ; 
id _6 ; name #s ; pos_index 42 ; pos_index_score 0 ; pos SP ; pbreak NB ; 
id _7 ; name dos ; pos_index 8 ; pos_index_score 0 ; pos DN ; pbreak NB ; 
id _8 ; name punts ; pos_index 30 ; pos_index_score 0 ; pos NC ; pbreak NB ; 
id _9 ; name barra ; pos_index 51 ; pos_index_score 0 ; pos VMI ; pbreak NB ; 
id _10 ; name barra ; pos_index 30 ; pos_index_score 0 ; pos NC ; pbreak NB ; 
id _11 ; name a ; pos_index 42 ; pos_index_score 0 ; pos SP ; pbreak NB ; 
id _12 ; name punt ; pos_index 30 ; pos_index_score 0 ; pos NC ; pbreak NB ; 
id _13 ; name example ; pos_index 42 ; pos_index_score 0 ; pos SP ; pbreak NB ; 
id _14 ; name punt ; pos_index 30 ; pos_index_score 0 ; pos NC ; pbreak NB ; 
id _15 ; name com ; pos_index 42 ; pos_index_score 0 ; pos SP ; pbreak NB ; 
id _16 ; name barra ; pos_index 30 ; pos_index_score 0 ; pos NC ; pbreak NB ; 
id _17 ; name a ; pos_index 42 ; pos_index_score 0 ; pos SP ; pbreak BB ; 

Frase: https://a.example.com/
Token: 
()
id _1 ; name https://a.example.com/ ; whitespace "" ; prepunctuation "" ; 
Word: 
()
id _2 ; name #h ; pos_index 11 ; pos_index_score 0 ; pos DT ; pbreak NB ; 
id _3 ; name #t ; pos_index 30 ; pos_index_score 0 ; pos NC ; pbreak NB ; 
id _4 ; name #t ; pos_index 32 ; pos_index_score 0 ; pos P0 ; pbreak NB ; 
id _5 ; name #p ; pos_index 51 ; pos_index_score 0 ; pos VMI ; pbreak NB ; 
id _6 ; name #s ; pos_index 42 ; pos_index_score 0 ; pos SP ; pbreak NB ; 
id _7 ; name dos ; pos_index 8 ; pos_index_score 0 ; pos DN ; pbreak NB ; 
id _8 ; name punts ; pos_index 30 ; pos_index_score 0 ; pos NC ; pbreak NB ; 
id _9 ; name barra ; pos_index 51 ; pos_index_score 0 ; pos VMI ; pbreak NB ; 
id _10 ; name barra ; pos_index 30 ; pos_index_score 0 ; pos NC ; pbreak NB ; 
id _11 ; name a ; pos_index 42 ; pos_index_score 0 ; pos SP ; pbreak NB ; 
id _12 ; name punt ; pos_index 30 ; pos_index_score 0 ; pos NC ; pbreak NB ; 
id _13 ; name example ; pos_index 42 ; pos_index_score 0 ; pos SP ; pbreak NB ; 
id _14 ; name punt ; pos_index 30 ; pos_index_score 0 ; pos NC ; pbreak NB ; 
id _15 ; name com ; pos_index 42 ; pos_index_score 0 ; pos SP ; pbreak NB ; 
id _16 ; name barra ; pos_index 30 ; pos_index_score 0 ; pos NC ; pbreak BB ; 

Frase: https://example.com/test.html?doing_wp_cron=123
Token: 
()
id _1 ; name https://example.com/test.html?doing_wp_cron=123 ; whitespace "" ; prepunctuation "" ; 
Word: 
()
id _2 ; name #h ; pos_index 11 ; pos_index_score 0 ; pos DT ; pbreak NB ; 
id _3 ; name #t ; pos_index 30 ; pos_index_score 0 ; pos NC ; pbreak NB ; 
id _4 ; name #t ; pos_index 32 ; pos_index_score 0 ; pos P0 ; pbreak NB ; 
id _5 ; name #p ; pos_index 51 ; pos_index_score 0 ; pos VMI ; pbreak NB ; 
id _6 ; name #s ; pos_index 42 ; pos_index_score 0 ; pos SP ; pbreak NB ; 
id _7 ; name dos ; pos_index 8 ; pos_index_score 0 ; pos DN ; pbreak NB ; 
id _8 ; name punts ; pos_index 30 ; pos_index_score 0 ; pos NC ; pbreak NB ; 
id _9 ; name barra ; pos_index 51 ; pos_index_score 0 ; pos VMI ; pbreak NB ; 
id _10 ; name barra ; pos_index 30 ; pos_index_score 0 ; pos NC ; pbreak NB ; 
id _11 ; name example ; pos_index 42 ; pos_index_score 0 ; pos SP ; pbreak NB ; 
id _12 ; name punt ; pos_index 30 ; pos_index_score 0 ; pos NC ; pbreak NB ; 
id _13 ; name com ; pos_index 37 ; pos_index_score 0 ; pos PR ; pbreak NB ; 
id _14 ; name barra ; pos_index 51 ; pos_index_score 0 ; pos VMI ; pbreak NB ; 
id _15 ; name test ; pos_index 1 ; pos_index_score 0 ; pos AQ ; pbreak NB ; 
id _16 ; name punt ; pos_index 30 ; pos_index_score 0 ; pos NC ; pbreak NB ; 
id _17 ; name #h ; pos_index 42 ; pos_index_score 0 ; pos SP ; pbreak NB ; 
id _18 ; name #t ; pos_index 4 ; pos_index_score 0 ; pos DA ; pbreak NB ; 
id _19 ; name #m ; pos_index 30 ; pos_index_score 0 ; pos NC ; pbreak NB ; 
id _20 ; name #l ; pos_index 42 ; pos_index_score 0 ; pos SP ; pbreak NB ; 
id _21 ; name interrogant ; pos_index 30 ; pos_index_score 0 ; pos NC ; pbreak NB ; 
id _22 ; name doing ; pos_index 1 ; pos_index_score 0 ; pos AQ ; pbreak NB ; 
id _23 ; name #w ; pos_index 42 ; pos_index_score 0 ; pos SP ; pbreak NB ; 
id _24 ; name #p ; pos_index 4 ; pos_index_score 0 ; pos DA ; pbreak NB ; 
id _25 ; name cron ; pos_index 30 ; pos_index_score 0 ; pos NC ; pbreak NB ; 
id _26 ; name igual ; pos_index 51 ; pos_index_score 0 ; pos VMI ; pbreak NB ; 
id _27 ; name cent ; pos_index 8 ; pos_index_score 0 ; pos DN ; pbreak NB ; 
id _28 ; name vint-i-tres ; pos_index 30 ; pos_index_score 0 ; pos NC ; pbreak BB ; 

Frase: https://a.example.com/test.html?doing_wp_cron=123
Token: 
()
id _1 ; name https://a.example.com/test.html?doing_wp_cron=123 ; whitespace "" ; prepunctuation "" ; 
Word: 
()
id _2 ; name #h ; pos_index 11 ; pos_index_score 0 ; pos DT ; pbreak NB ; 
id _3 ; name #t ; pos_index 30 ; pos_index_score 0 ; pos NC ; pbreak NB ; 
id _4 ; name #t ; pos_index 32 ; pos_index_score 0 ; pos P0 ; pbreak NB ; 
id _5 ; name #p ; pos_index 51 ; pos_index_score 0 ; pos VMI ; pbreak NB ; 
id _6 ; name #s ; pos_index 42 ; pos_index_score 0 ; pos SP ; pbreak NB ; 
id _7 ; name dos ; pos_index 8 ; pos_index_score 0 ; pos DN ; pbreak NB ; 
id _8 ; name punts ; pos_index 30 ; pos_index_score 0 ; pos NC ; pbreak NB ; 
id _9 ; name barra ; pos_index 51 ; pos_index_score 0 ; pos VMI ; pbreak NB ; 
id _10 ; name barra ; pos_index 30 ; pos_index_score 0 ; pos NC ; pbreak NB ; 
id _11 ; name a ; pos_index 42 ; pos_index_score 0 ; pos SP ; pbreak NB ; 
id _12 ; name punt ; pos_index 30 ; pos_index_score 0 ; pos NC ; pbreak NB ; 
id _13 ; name example ; pos_index 42 ; pos_index_score 0 ; pos SP ; pbreak NB ; 
id _14 ; name punt ; pos_index 30 ; pos_index_score 0 ; pos NC ; pbreak NB ; 
id _15 ; name com ; pos_index 37 ; pos_index_score 0 ; pos PR ; pbreak NB ; 
id _16 ; name barra ; pos_index 51 ; pos_index_score 0 ; pos VMI ; pbreak NB ; 
id _17 ; name test ; pos_index 1 ; pos_index_score 0 ; pos AQ ; pbreak NB ; 
id _18 ; name punt ; pos_index 30 ; pos_index_score 0 ; pos NC ; pbreak NB ; 
id _19 ; name #h ; pos_index 42 ; pos_index_score 0 ; pos SP ; pbreak NB ; 
id _20 ; name #t ; pos_index 4 ; pos_index_score 0 ; pos DA ; pbreak NB ; 
id _21 ; name #m ; pos_index 30 ; pos_index_score 0 ; pos NC ; pbreak NB ; 
id _22 ; name #l ; pos_index 42 ; pos_index_score 0 ; pos SP ; pbreak NB ; 
id _23 ; name interrogant ; pos_index 30 ; pos_index_score 0 ; pos NC ; pbreak NB ; 
id _24 ; name doing ; pos_index 1 ; pos_index_score 0 ; pos AQ ; pbreak NB ; 
id _25 ; name #w ; pos_index 42 ; pos_index_score 0 ; pos SP ; pbreak NB ; 
id _26 ; name #p ; pos_index 4 ; pos_index_score 0 ; pos DA ; pbreak NB ; 
id _27 ; name cron ; pos_index 30 ; pos_index_score 0 ; pos NC ; pbreak NB ; 
id _28 ; name igual ; pos_index 51 ; pos_index_score 0 ; pos VMI ; pbreak NB ; 
id _29 ; name cent ; pos_index 8 ; pos_index_score 0 ; pos DN ; pbreak NB ; 
id _30 ; name vint-i-tres ; pos_index 30 ; pos_index_score 0 ; pos NC ; pbreak BB ; 

Frase: https://a.example.com/test.html?id=2
Token: 
()
id _1 ; name https://a.example.com/test.html?id=2 ; whitespace "" ; prepunctuation "" ; 
Word: 
()
id _2 ; name #h ; pos_index 11 ; pos_index_score 0 ; pos DT ; pbreak NB ; 
id _3 ; name #t ; pos_index 30 ; pos_index_score 0 ; pos NC ; pbreak NB ; 
id _4 ; name #t ; pos_index 32 ; pos_index_score 0 ; pos P0 ; pbreak NB ; 
id _5 ; name #p ; pos_index 51 ; pos_index_score 0 ; pos VMI ; pbreak NB ; 
id _6 ; name #s ; pos_index 42 ; pos_index_score 0 ; pos SP ; pbreak NB ; 
id _7 ; name dos ; pos_index 8 ; pos_index_score 0 ; pos DN ; pbreak NB ; 
id _8 ; name punts ; pos_index 30 ; pos_index_score 0 ; pos NC ; pbreak NB ; 
id _9 ; name barra ; pos_index 51 ; pos_index_score 0 ; pos VMI ; pbreak NB ; 
id _10 ; name barra ; pos_index 30 ; pos_index_score 0 ; pos NC ; pbreak NB ; 
id _11 ; name a ; pos_index 42 ; pos_index_score 0 ; pos SP ; pbreak NB ; 
id _12 ; name punt ; pos_index 30 ; pos_index_score 0 ; pos NC ; pbreak NB ; 
id _13 ; name example ; pos_index 42 ; pos_index_score 0 ; pos SP ; pbreak NB ; 
id _14 ; name punt ; pos_index 30 ; pos_index_score 0 ; pos NC ; pbreak NB ; 
id _15 ; name com ; pos_index 37 ; pos_index_score 0 ; pos PR ; pbreak NB ; 
id _16 ; name barra ; pos_index 51 ; pos_index_score 0 ; pos VMI ; pbreak NB ; 
id _17 ; name test ; pos_index 1 ; pos_index_score 0 ; pos AQ ; pbreak NB ; 
id _18 ; name punt ; pos_index 30 ; pos_index_score 0 ; pos NC ; pbreak NB ; 
id _19 ; name #h ; pos_index 42 ; pos_index_score 0 ; pos SP ; pbreak NB ; 
id _20 ; name #t ; pos_index 30 ; pos_index_score 0 ; pos NC ; pbreak NB ; 
id _21 ; name #m ; pos_index 42 ; pos_index_score 0 ; pos SP ; pbreak NB ; 
id _22 ; name #l ; pos_index 4 ; pos_index_score 0 ; pos DA ; pbreak NB ; 
id _23 ; name interrogant ; pos_index 30 ; pos_index_score 0 ; pos NC ; pbreak NB ; 
id _24 ; name id ; pos_index 42 ; pos_index_score 0 ; pos SP ; pbreak NB ; 
id _25 ; name igual ; pos_index 40 ; pos_index_score 0 ; pos RG ; pbreak NB ; 
id _26 ; name dos ; pos_index 8 ; pos_index_score 0 ; pos DN ; pbreak BB ; 

Frase: https://a.example.com/test.html?doing_wp_cron=123.43_432&id=2&cosa=abcd
Token: 
()
id _1 ; name https://a.example.com/test.html?doing_wp_cron=123.43_432&id=2&cosa=abcd ; whitespace "" ; prepunctuation "" ; 
Word: 
()
id _2 ; name #h ; pos_index 11 ; pos_index_score 0 ; pos DT ; pbreak NB ; 
id _3 ; name #t ; pos_index 30 ; pos_index_score 0 ; pos NC ; pbreak NB ; 
id _4 ; name #t ; pos_index 32 ; pos_index_score 0 ; pos P0 ; pbreak NB ; 
id _5 ; name #p ; pos_index 51 ; pos_index_score 0 ; pos VMI ; pbreak NB ; 
id _6 ; name #s ; pos_index 42 ; pos_index_score 0 ; pos SP ; pbreak NB ; 
id _7 ; name dos ; pos_index 8 ; pos_index_score 0 ; pos DN ; pbreak NB ; 
id _8 ; name punts ; pos_index 30 ; pos_index_score 0 ; pos NC ; pbreak NB ; 
id _9 ; name barra ; pos_index 51 ; pos_index_score 0 ; pos VMI ; pbreak NB ; 
id _10 ; name barra ; pos_index 30 ; pos_index_score 0 ; pos NC ; pbreak NB ; 
id _11 ; name a ; pos_index 42 ; pos_index_score 0 ; pos SP ; pbreak NB ; 
id _12 ; name punt ; pos_index 30 ; pos_index_score 0 ; pos NC ; pbreak NB ; 
id _13 ; name example ; pos_index 42 ; pos_index_score 0 ; pos SP ; pbreak NB ; 
id _14 ; name punt ; pos_index 30 ; pos_index_score 0 ; pos NC ; pbreak NB ; 
id _15 ; name com ; pos_index 37 ; pos_index_score 0 ; pos PR ; pbreak NB ; 
id _16 ; name barra ; pos_index 51 ; pos_index_score 0 ; pos VMI ; pbreak NB ; 
id _17 ; name test ; pos_index 1 ; pos_index_score 0 ; pos AQ ; pbreak NB ; 
id _18 ; name punt ; pos_index 30 ; pos_index_score 0 ; pos NC ; pbreak NB ; 
id _19 ; name #h ; pos_index 42 ; pos_index_score 0 ; pos SP ; pbreak NB ; 
id _20 ; name #t ; pos_index 4 ; pos_index_score 0 ; pos DA ; pbreak NB ; 
id _21 ; name #m ; pos_index 30 ; pos_index_score 0 ; pos NC ; pbreak NB ; 
id _22 ; name #l ; pos_index 42 ; pos_index_score 0 ; pos SP ; pbreak NB ; 
id _23 ; name interrogant ; pos_index 30 ; pos_index_score 0 ; pos NC ; pbreak NB ; 
id _24 ; name doing ; pos_index 1 ; pos_index_score 0 ; pos AQ ; pbreak NB ; 
id _25 ; name #w ; pos_index 42 ; pos_index_score 0 ; pos SP ; pbreak NB ; 
id _26 ; name #p ; pos_index 4 ; pos_index_score 0 ; pos DA ; pbreak NB ; 
id _27 ; name cron ; pos_index 30 ; pos_index_score 0 ; pos NC ; pbreak NB ; 
id _28 ; name igual ; pos_index 40 ; pos_index_score 0 ; pos RG ; pbreak NB ; 
id _29 ; name cent ; pos_index 35 ; pos_index_score 0 ; pos PN ; pbreak NB ; 
id _30 ; name vint-i-tres ; pos_index 42 ; pos_index_score 0 ; pos SP ; pbreak NB ; 
id _31 ; name punt ; pos_index 30 ; pos_index_score 0 ; pos NC ; pbreak NB ; 
id _32 ; name quaranta-tres ; pos_index 42 ; pos_index_score 0 ; pos SP ; pbreak NB ; 
id _33 ; name quatre-cents ; pos_index 8 ; pos_index_score 0 ; pos DN ; pbreak NB ; 
id _34 ; name trenta-dos ; pos_index 30 ; pos_index_score 0 ; pos NC ; pbreak NB ; 
id _35 ; name ampersand ; pos_index 42 ; pos_index_score 0 ; pos SP ; pbreak NB ; 
id _36 ; name id ; pos_index 4 ; pos_index_score 0 ; pos DA ; pbreak NB ; 
id _37 ; name igual ; pos_index 1 ; pos_index_score 0 ; pos AQ ; pbreak NB ; 
id _38 ; name dos ; pos_index 30 ; pos_index_score 0 ; pos NC ; pbreak NB ; 
id _39 ; name ampersand ; pos_index 42 ; pos_index_score 0 ; pos SP ; pbreak NB ; 
id _40 ; name cosa ; pos_index 30 ; pos_index_score 0 ; pos NC ; pbreak NB ; 
id _41 ; name igual ; pos_index 1 ; pos_index_score 0 ; pos AQ ; pbreak NB ; 
id _42 ; name abcd ; pos_index 42 ; pos_index_score 0 ; pos SP ; pbreak BB ; 

Frase: www.prova1.cat
Token: 
()
id _1 ; name www.prova1.cat ; whitespace "" ; prepunctuation "" ; 
Word: 
()
id _2 ; name tres ; pos_index 35 ; pos_index_score 0 ; pos PN ; pbreak NB ; 
id _3 ; name #ws ; pos_index 42 ; pos_index_score 0 ; pos SP ; pbreak NB ; 
id _4 ; name prova ; pos_index 30 ; pos_index_score 0 ; pos NC ; pbreak NB ; 
id _5 ; name un ; pos_index 7 ; pos_index_score 0 ; pos DI ; pbreak NB ; 
id _6 ; name punt ; pos_index 30 ; pos_index_score 0 ; pos NC ; pbreak NB ; 
id _7 ; name cat ; pos_index 31 ; pos_index_score 0 ; pos NP ; pbreak BB ; 

Frase: www.1prova.cat
Token: 
()
id _1 ; name www.1prova.cat ; whitespace "" ; prepunctuation "" ; 
Word: 
()
id _2 ; name tres ; pos_index 35 ; pos_index_score 0 ; pos PN ; pbreak NB ; 
id _3 ; name #ws ; pos_index 42 ; pos_index_score 0 ; pos SP ; pbreak NB ; 
id _4 ; name un ; pos_index 7 ; pos_index_score 0 ; pos DI ; pbreak NB ; 
id _5 ; name prova ; pos_index 30 ; pos_index_score 0 ; pos NC ; pbreak NB ; 
id _6 ; name punt ; pos_index 30 ; pos_index_score 0 ; pos NC ; pbreak NB ; 
id _7 ; name cat ; pos_index 31 ; pos_index_score 0 ; pos NP ; pbreak BB ; 

Frase: prova1.cat
Token: 
()
id _1 ; name prova1.cat ; whitespace "" ; prepunctuation "" ; 
Word: 
()
id _2 ; name prova ; pos_index 51 ; pos_index_score 0 ; pos VMI ; pbreak NB ; 
id _3 ; name un ; pos_index 7 ; pos_index_score 0 ; pos DI ; pbreak NB ; 
id _4 ; name punt ; pos_index 30 ; pos_index_score 0 ; pos NC ; pbreak NB ; 
id _5 ; name cat ; pos_index 31 ; pos_index_score 0 ; pos NP ; pbreak BB ; 

Frase: 1prova.cat
Token: 
()
id _1 ; name 1prova.cat ; whitespace "" ; prepunctuation "" ; 
Word: 
()
id _2 ; name un ; pos_index 7 ; pos_index_score 0 ; pos DI ; pbreak NB ; 
id _3 ; name prova ; pos_index 30 ; pos_index_score 0 ; pos NC ; pbreak NB ; 
id _4 ; name punt ; pos_index 30 ; pos_index_score 0 ; pos NC ; pbreak NB ; 
id _5 ; name cat ; pos_index 31 ; pos_index_score 0 ; pos NP ; pbreak BB ; 

Frase: camisa20
Token: 
()
id _1 ; name camisa20 ; whitespace "" ; prepunctuation "" ; 
Word: 
()
id _2 ; name camisa ; pos_index 30 ; pos_index_score 0 ; pos NC ; pbreak NB ; 
id _3 ; name vint ; pos_index 63 ; pos_index_score 0 ; pos Z ; pbreak BB ; 

Frase: 20camisa
Token: 
()
id _1 ; name 20camisa ; whitespace "" ; prepunctuation "" ; 
Word: 
()
id _2 ; name vint ; pos_index 8 ; pos_index_score 0 ; pos DN ; pbreak NB ; 
id _3 ; name camisa ; pos_index 30 ; pos_index_score 0 ; pos NC ; pbreak BB ; 

Frase: 10camisa20
Token: 
()
id _1 ; name 10camisa20 ; whitespace "" ; prepunctuation "" ; 
Word: 
()
id _2 ; name deu ; pos_index 35 ; pos_index_score 0 ; pos PN ; pbreak NB ; 
id _3 ; name camisa ; pos_index 30 ; pos_index_score 0 ; pos NC ; pbreak NB ; 
id _4 ; name vint ; pos_index 63 ; pos_index_score 0 ; pos Z ; pbreak BB ; 

Frase: camisa10samarreta
Token: 
()
id _1 ; name camisa10samarreta ; whitespace "" ; prepunctuation "" ; 
Word: 
()
id _2 ; name camisa ; pos_index 30 ; pos_index_score 0 ; pos NC ; pbreak NB ; 
id _3 ; name deu ; pos_index 8 ; pos_index_score 0 ; pos DN ; pbreak NB ; 
id _4 ; name samarreta ; pos_index 30 ; pos_index_score 0 ; pos NC ; pbreak BB ; 

Frase: http://
Token: 
()
id _1 ; name http:// ; whitespace "" ; prepunctuation "" ; 
Word: 
()
id _2 ; name #h ; pos_index 53 ; pos_index_score 0 ; pos VMN ; pbreak NB ; 
id _3 ; name #t ; pos_index 4 ; pos_index_score 0 ; pos DA ; pbreak NB ; 
id _4 ; name #t ; pos_index 30 ; pos_index_score 0 ; pos NC ; pbreak NB ; 
id _5 ; name #p ; pos_index 42 ; pos_index_score 0 ; pos SP ; pbreak NB ; 
id _6 ; name dos ; pos_index 8 ; pos_index_score 0 ; pos DN ; pbreak NB ; 
id _7 ; name punts ; pos_index 30 ; pos_index_score 0 ; pos NC ; pbreak NB ; 
id _8 ; name barra ; pos_index 51 ; pos_index_score 0 ; pos VMI ; pbreak NB ; 
id _9 ; name barra ; pos_index 30 ; pos_index_score 0 ; pos NC ; pbreak BB ; 

Frase: 1.234
Token: 
()
id _1 ; name "1.234" ; whitespace "" ; prepunctuation "" ; 
Word: 
()
id _2 ; name mil ; pos_index 8 ; pos_index_score 0 ; pos DN ; pbreak NB ; 
id _3 ; name dos-cents ; pos_index 30 ; pos_index_score 0 ; pos NC ; pbreak NB ; 
id _4 ; name trenta-quatre ; pos_index 42 ; pos_index_score 0 ; pos SP ; pbreak BB ; 

Frase: 1,234
Token: 
()
id _1 ; name 1,234 ; whitespace "" ; prepunctuation "" ; 
Word: 
()
id _2 ; name un ; pos_index 7 ; pos_index_score 0 ; pos DI ; pbreak NB ; 
id _3 ; name coma ; pos_index 30 ; pos_index_score 0 ; pos NC ; pbreak NB ; 
id _4 ; name dos-cents ; pos_index 42 ; pos_index_score 0 ; pos SP ; pbreak NB ; 
id _5 ; name trenta-quatre ; pos_index 30 ; pos_index_score 0 ; pos NC ; pbreak BB ; 

Frase: 1.234.234,234
Token: 
()
id _1 ; name 1.234.234,234 ; whitespace "" ; prepunctuation "" ; 
Word: 
()
id _2 ; name un ; pos_index 7 ; pos_index_score 0 ; pos DI ; pbreak NB ; 
id _3 ; name milió ; pos_index 30 ; pos_index_score 0 ; pos NC ; pbreak NB ; 
id _4 ; name dos-cents ; pos_index 42 ; pos_index_score 0 ; pos SP ; pbreak NB ; 
id _5 ; name trenta-quatre ; pos_index 4 ; pos_index_score 0 ; pos DA ; pbreak NB ; 
id _6 ; name mil ; pos_index 30 ; pos_index_score 0 ; pos NC ; pbreak NB ; 
id _7 ; name dos-cents ; pos_index 42 ; pos_index_score 0 ; pos SP ; pbreak NB ; 
id _8 ; name trenta-quatre ; pos_index 4 ; pos_index_score 0 ; pos DA ; pbreak NB ; 
id _9 ; name coma ; pos_index 30 ; pos_index_score 0 ; pos NC ; pbreak NB ; 
id _10 ; name dos-cents ; pos_index 42 ; pos_index_score 0 ; pos SP ; pbreak NB ; 
id _11 ; name trenta-quatre ; pos_index 30 ; pos_index_score 0 ; pos NC ; pbreak BB ; 

Frase: 53,8%
Token: 
()
id _1 ; name 53,8% ; whitespace "" ; prepunctuation "" ; 
Word: 
()
id _2 ; name cinquanta-tres ; pos_index 36 ; pos_index_score 0 ; pos PP ; pbreak NB ; 
id _3 ; name coma ; pos_index 51 ; pos_index_score 0 ; pos VMI ; pbreak NB ; 
id _4 ; name vuit ; pos_index 35 ; pos_index_score 0 ; pos PN ; pbreak NB ; 
id _5 ; name per ; pos_index 42 ; pos_index_score 0 ; pos SP ; pbreak NB ; 
id _6 ; name cent ; pos_index 35 ; pos_index_score 0 ; pos PN ; pbreak BB ; 

Frase: 9.100%
Token: 
()
id _1 ; name 9.100% ; whitespace "" ; prepunctuation "" ; 
Word: 
()
id _2 ; name nou ; pos_index 35 ; pos_index_score 0 ; pos PN ; pbreak NB ; 
id _3 ; name mil ; pos_index 30 ; pos_index_score 0 ; pos NC ; pbreak NB ; 
id _4 ; name cent ; pos_index 35 ; pos_index_score 0 ; pos PN ; pbreak NB ; 
id _5 ; name per ; pos_index 42 ; pos_index_score 0 ; pos SP ; pbreak NB ; 
id _6 ; name cent ; pos_index 35 ; pos_index_score 0 ; pos PN ; pbreak BB ; 

Frase: Qui menja; jo no.
Token: 
()
id _1 ; name Qui ; whitespace "" ; prepunctuation "" ; 
id _2 ; name menja ; punc ";" ; whitespace " " ; prepunctuation "" ; 
id _3 ; name jo ; whitespace " " ; prepunctuation "" ; 
id _4 ; name no ; punc . ; whitespace " " ; prepunctuation "" ; 
Word: 
()
id _5 ; name Qui ; pos_index 37 ; pos_index_score 0 ; pos PR ; pbreak NB ; 
id _6 ; name menja ; pos_index 51 ; pos_index_score 0 ; pos VMI ; pbreak BB ; 
id _7 ; name jo ; pos_index 30 ; pos_index_score 0 ; pos NC ; pbreak NB ; 
id _8 ; name no ; pos_index 41 ; pos_index_score 0 ; pos RN ; pbreak BB ; 

Frase: Qui menja;jo no.
Token: 
()
id _1 ; name Qui ; whitespace "" ; prepunctuation "" ; 
id _2 ; name menja ; whitespace " " ; prepunctuation "" ; punc ";" ; 
id _5 ; name jo ; punc "" ; 
id _3 ; name no ; punc . ; whitespace " " ; prepunctuation "" ; 
Word: 
()
id _4 ; name Qui ; pos_index 37 ; pos_index_score 0 ; pos PR ; pbreak NB ; 
id _6 ; name menja ; pos_index 51 ; pos_index_score 0 ; pos VMI ; pbreak BB ; 
id _7 ; name jo ; pos_index 30 ; pos_index_score 0 ; pos NC ; pbreak NB ; 
id _8 ; name no ; pos_index 41 ; pos_index_score 0 ; pos RN ; pbreak BB ; 

Frase: Qui menja ;jo no.
Token: 
()
id _1 ; name Qui ; whitespace "" ; prepunctuation "" ; 
id _2 ; name menja ; whitespace " " ; prepunctuation "" ; punc ";" ; 
id _3 ; name jo ; whitespace " " ; prepunctuation "" ; punc "" ; 
id _4 ; name no ; punc . ; whitespace " " ; prepunctuation "" ; 
Word: 
()
id _5 ; name Qui ; pos_index 37 ; pos_index_score 0 ; pos PR ; pbreak NB ; 
id _6 ; name menja ; pos_index 51 ; pos_index_score 0 ; pos VMI ; pbreak BB ; 
id _7 ; name jo ; pos_index 30 ; pos_index_score 0 ; pos NC ; pbreak NB ; 
id _8 ; name no ; pos_index 41 ; pos_index_score 0 ; pos RN ; pbreak BB ; 

Frase: Qui menja ; jo no.
Token: 
()
id _1 ; name Qui ; whitespace "" ; prepunctuation "" ; 
id _2 ; name menja ; whitespace " " ; prepunctuation "" ; 
id _3 ; name ";" ; whitespace " " ; prepunctuation "" ; 
id _4 ; name jo ; whitespace " " ; prepunctuation "" ; 
id _5 ; name no ; punc . ; whitespace " " ; prepunctuation "" ; 
Word: 
()
id _6 ; name Qui ; pos_index 37 ; pos_index_score 0 ; pos PR ; pbreak NB ; 
id _7 ; name menja ; pos_index 51 ; pos_index_score 0 ; pos VMI ; pbreak NB ; 
id _8 ; name punt ; pos_index 30 ; pos_index_score 0 ; pos NC ; pbreak NB ; 
id _9 ; name i ; pos_index 2 ; pos_index_score 0 ; pos CC ; pbreak NB ; 
id _10 ; name coma ; pos_index 30 ; pos_index_score 0 ; pos NC ; pbreak NB ; 
id _11 ; name jo ; pos_index 30 ; pos_index_score 0 ; pos NC ; pbreak NB ; 
id _12 ; name no ; pos_index 41 ; pos_index_score 0 ; pos RN ; pbreak BB ; 

Frase: Menja pomes i peres... altres fruites no.
Token: 
()
id _1 ; name Menja ; whitespace "" ; prepunctuation "" ; 
id _2 ; name pomes ; whitespace " " ; prepunctuation "" ; 
id _3 ; name i ; whitespace " " ; prepunctuation "" ; 
id _4 ; name peres ; punc ... ; whitespace " " ; prepunctuation "" ; 
id _5 ; name altres ; whitespace " " ; prepunctuation "" ; 
id _6 ; name fruites ; whitespace " " ; prepunctuation "" ; 
id _7 ; name no ; punc . ; whitespace " " ; prepunctuation "" ; 
Word: 
()
id _8 ; name Menja ; pos_index 52 ; pos_index_score 0 ; pos VMM ; pbreak NB ; 
id _9 ; name pomes ; pos_index 30 ; pos_index_score 0 ; pos NC ; pbreak NB ; 
id _10 ; name i ; pos_index 2 ; pos_index_score 0 ; pos CC ; pbreak NB ; 
id _11 ; name peres ; pos_index 30 ; pos_index_score 0 ; pos NC ; pbreak NB ; 
id _12 ; name altres ; pos_index 7 ; pos_index_score 0 ; pos DI ; pbreak NB ; 
id _13 ; name fruites ; pos_index 30 ; pos_index_score 0 ; pos NC ; pbreak NB ; 
id _14 ; name no ; pos_index 41 ; pos_index_score 0 ; pos RN ; pbreak BB ; 

Frase: Menja pomes i peres ...altres fruites no.
Token: 
()
id _1 ; name Menja ; whitespace "" ; prepunctuation "" ; 
id _2 ; name pomes ; whitespace " " ; prepunctuation "" ; 
id _3 ; name i ; whitespace " " ; prepunctuation "" ; 
id _4 ; name peres ; whitespace " " ; prepunctuation "" ; punc ... ; 
id _5 ; name altres ; whitespace " " ; prepunctuation "" ; punc "" ; 
id _6 ; name fruites ; whitespace " " ; prepunctuation "" ; 
id _7 ; name no ; punc . ; whitespace " " ; prepunctuation "" ; 
Word: 
()
id _8 ; name Menja ; pos_index 52 ; pos_index_score 0 ; pos VMM ; pbreak NB ; 
id _9 ; name pomes ; pos_index 30 ; pos_index_score 0 ; pos NC ; pbreak NB ; 
id _10 ; name i ; pos_index 2 ; pos_index_score 0 ; pos CC ; pbreak NB ; 
id _11 ; name peres ; pos_index 30 ; pos_index_score 0 ; pos NC ; pbreak NB ; 
id _12 ; name altres ; pos_index 7 ; pos_index_score 0 ; pos DI ; pbreak NB ; 
id _13 ; name fruites ; pos_index 30 ; pos_index_score 0 ; pos NC ; pbreak NB ; 
id _14 ; name no ; pos_index 41 ; pos_index_score 0 ; pos RN ; pbreak BB ; 

Frase: 
Token: 
()
Word: 
()

Frase: 
Token: 
()
Word: 
()

