Frase: 
Token: 
()
Word: 
()

Frase: ä
Token: 
()
id _1 ; name ä ; whitespace "" ; prepunctuation "" ; 
Word: 
()
id _2 ; name #a ; pos_index 0 ; pos_index_score 0 ; pos AO ; pbreak BB ; 

Frase: 2,3%
Token: 
()
id _1 ; name 2,3% ; whitespace "" ; prepunctuation "" ; 
Word: 
()
id _2 ; name dos ; pos_index 35 ; pos_index_score 0 ; pos PN ; pbreak NB ; 
id _3 ; name coma ; pos_index 30 ; pos_index_score 0 ; pos NC ; pbreak NB ; 
id _4 ; name tres ; pos_index 35 ; pos_index_score 0 ; pos PN ; pbreak NB ; 
id _5 ; name per ; pos_index 42 ; pos_index_score 0 ; pos SP ; pbreak NB ; 
id _6 ; name cent ; pos_index 35 ; pos_index_score 0 ; pos PN ; pbreak BB ; 

Frase: 2.3%
Token: 
()
id _1 ; name 2.3% ; whitespace "" ; prepunctuation "" ; 
Word: 
()
id _2 ; name dos ; pos_index 35 ; pos_index_score 0 ; pos PN ; pbreak NB ; 
id _3 ; name punt ; pos_index 30 ; pos_index_score 0 ; pos NC ; pbreak NB ; 
id _4 ; name tres ; pos_index 35 ; pos_index_score 0 ; pos PN ; pbreak NB ; 
id _5 ; name per ; pos_index 42 ; pos_index_score 0 ; pos SP ; pbreak NB ; 
id _6 ; name cent ; pos_index 35 ; pos_index_score 0 ; pos PN ; pbreak BB ; 

Frase: 1r
Token: 
()
id _1 ; name 1r ; whitespace "" ; prepunctuation "" ; 
Word: 
()
id _2 ; name primer ; pos_index 0 ; pos_index_score 0 ; pos AO ; pbreak BB ; 

Frase: 4rt
Token: 
()
id _1 ; name 4rt ; whitespace "" ; prepunctuation "" ; 
Word: 
()
id _2 ; name quart ; pos_index 0 ; pos_index_score 0 ; pos AO ; pbreak BB ; 

Frase: 2n
Token: 
()
id _1 ; name 2n ; whitespace "" ; prepunctuation "" ; 
Word: 
()
id _2 ; name segon ; pos_index 0 ; pos_index_score 0 ; pos AO ; pbreak BB ; 

Frase: 3a
Token: 
()
id _1 ; name 3a ; whitespace "" ; prepunctuation "" ; 
Word: 
()
id _2 ; name tercera ; pos_index 0 ; pos_index_score 0 ; pos AO ; pbreak BB ; 

Frase: 2º
Token: 
()
id _1 ; name 2º ; whitespace "" ; prepunctuation "" ; 
Word: 
()
id _2 ; name segon ; pos_index 0 ; pos_index_score 0 ; pos AO ; pbreak BB ; 

Frase: 12.234.532¤
Token: 
()
id _1 ; name 12.234.532¤ ; whitespace "" ; prepunctuation "" ; 
Word: 
()
id _2 ; name dotze ; pos_index 8 ; pos_index_score 0 ; pos DN ; pbreak NB ; 
id _3 ; name milions ; pos_index 30 ; pos_index_score 0 ; pos NC ; pbreak NB ; 
id _4 ; name dos-cents ; pos_index 1 ; pos_index_score 0 ; pos AQ ; pbreak NB ; 
id _5 ; name trenta-quatre ; pos_index 42 ; pos_index_score 0 ; pos SP ; pbreak NB ; 
id _6 ; name mil ; pos_index 8 ; pos_index_score 0 ; pos DN ; pbreak NB ; 
id _7 ; name cinc-cents ; pos_index 8 ; pos_index_score 0 ; pos DN ; pbreak NB ; 
id _8 ; name trenta-dos ; pos_index 4 ; pos_index_score 0 ; pos DA ; pbreak NB ; 
id _9 ; name euros ; pos_index 30 ; pos_index_score 0 ; pos NC ; pbreak BB ; 

Frase: 1.234¤
Token: 
()
id _1 ; name 1.234¤ ; whitespace "" ; prepunctuation "" ; 
Word: 
()
id _2 ; name mil ; pos_index 8 ; pos_index_score 0 ; pos DN ; pbreak NB ; 
id _3 ; name dos-cents ; pos_index 30 ; pos_index_score 0 ; pos NC ; pbreak NB ; 
id _4 ; name trenta-quatre ; pos_index 42 ; pos_index_score 0 ; pos SP ; pbreak NB ; 
id _5 ; name euros ; pos_index 64 ; pos_index_score 0 ; pos Zm ; pbreak BB ; 

Frase: $1.234
Token: 
()
id _1 ; name $1.234 ; whitespace "" ; prepunctuation "" ; 
Word: 
()
id _2 ; name mil ; pos_index 8 ; pos_index_score 0 ; pos DN ; pbreak NB ; 
id _3 ; name dos-cents ; pos_index 30 ; pos_index_score 0 ; pos NC ; pbreak NB ; 
id _4 ; name trenta-quatre ; pos_index 42 ; pos_index_score 0 ; pos SP ; pbreak NB ; 
id _5 ; name dòlars ; pos_index 30 ; pos_index_score 0 ; pos NC ; pbreak BB ; 

Frase: 1,23¤
Token: 
()
id _1 ; name 1,23¤ ; whitespace "" ; prepunctuation "" ; 
Word: 
()
id _2 ; name un ; pos_index 7 ; pos_index_score 0 ; pos DI ; pbreak NB ; 
id _3 ; name euro ; pos_index 30 ; pos_index_score 0 ; pos NC ; pbreak NB ; 
id _4 ; name amb ; pos_index 42 ; pos_index_score 0 ; pos SP ; pbreak NB ; 
id _5 ; name vint-i-tres ; pos_index 4 ; pos_index_score 0 ; pos DA ; pbreak NB ; 
id _6 ; name cèntims ; pos_index 30 ; pos_index_score 0 ; pos NC ; pbreak BB ; 

Frase: 1.23¤
Token: 
()
id _1 ; name 1.23¤ ; whitespace "" ; prepunctuation "" ; 
Word: 
()
id _2 ; name un ; pos_index 7 ; pos_index_score 0 ; pos DI ; pbreak NB ; 
id _3 ; name euro ; pos_index 30 ; pos_index_score 0 ; pos NC ; pbreak NB ; 
id _4 ; name amb ; pos_index 42 ; pos_index_score 0 ; pos SP ; pbreak NB ; 
id _5 ; name vint-i-tres ; pos_index 4 ; pos_index_score 0 ; pos DA ; pbreak NB ; 
id _6 ; name cèntims ; pos_index 30 ; pos_index_score 0 ; pos NC ; pbreak BB ; 

Frase: 10:24
Token: 
()
id _1 ; name 10:24 ; whitespace "" ; prepunctuation "" ; 
Word: 
()
id _2 ; name deu ; pos_index 35 ; pos_index_score 0 ; pos PN ; pbreak NB ; 
id _3 ; name i ; pos_index 2 ; pos_index_score 0 ; pos CC ; pbreak NB ; 
id _4 ; name vint-i-quatre ; pos_index 35 ; pos_index_score 0 ; pos PN ; pbreak NB ; 
id _5 ; name del ; pos_index 42 ; pos_index_score 0 ; pos SP ; pbreak NB ; 
id _6 ; name matí ; pos_index 30 ; pos_index_score 0 ; pos NC ; pbreak BB ; 

Frase: 7:43
Token: 
()
id _1 ; name 7:43 ; whitespace "" ; prepunctuation "" ; 
Word: 
()
id _2 ; name set ; pos_index 35 ; pos_index_score 0 ; pos PN ; pbreak NB ; 
id _3 ; name i ; pos_index 2 ; pos_index_score 0 ; pos CC ; pbreak NB ; 
id _4 ; name quaranta-tres ; pos_index 35 ; pos_index_score 0 ; pos PN ; pbreak NB ; 
id _5 ; name del ; pos_index 42 ; pos_index_score 0 ; pos SP ; pbreak NB ; 
id _6 ; name matí ; pos_index 30 ; pos_index_score 0 ; pos NC ; pbreak BB ; 

Frase: 17:23
Token: 
()
id _1 ; name 17:23 ; whitespace "" ; prepunctuation "" ; 
Word: 
()
id _2 ; name cinc ; pos_index 35 ; pos_index_score 0 ; pos PN ; pbreak NB ; 
id _3 ; name i ; pos_index 2 ; pos_index_score 0 ; pos CC ; pbreak NB ; 
id _4 ; name vint-i-tres ; pos_index 35 ; pos_index_score 0 ; pos PN ; pbreak NB ; 
id _5 ; name de ; pos_index 42 ; pos_index_score 0 ; pos SP ; pbreak NB ; 
id _6 ; name la ; pos_index 4 ; pos_index_score 0 ; pos DA ; pbreak NB ; 
id _7 ; name tarda ; pos_index 30 ; pos_index_score 0 ; pos NC ; pbreak BB ; 

Frase: 4:55 pm
Token: 
()
id _1 ; name 4:55 ; whitespace "" ; prepunctuation "" ; 
id _2 ; name pm ; whitespace " " ; prepunctuation "" ; 
Word: 
()
id _3 ; name quatre ; pos_index 35 ; pos_index_score 0 ; pos PN ; pbreak NB ; 
id _4 ; name i ; pos_index 2 ; pos_index_score 0 ; pos CC ; pbreak NB ; 
id _5 ; name cinquanta-cinc ; pos_index 35 ; pos_index_score 0 ; pos PN ; pbreak NB ; 
id _6 ; name de ; pos_index 42 ; pos_index_score 0 ; pos SP ; pbreak NB ; 
id _7 ; name la ; pos_index 4 ; pos_index_score 0 ; pos DA ; pbreak NB ; 
id _8 ; name tarda ; pos_index 30 ; pos_index_score 0 ; pos NC ; pbreak BB ; 

Frase: 15:23:44
Token: 
()
id _1 ; name 15:23:44 ; whitespace "" ; prepunctuation "" ; 
Word: 
()
id _2 ; name quinze ; pos_index 8 ; pos_index_score 0 ; pos DN ; pbreak NB ; 
id _3 ; name hores ; pos_index 30 ; pos_index_score 0 ; pos NC ; pbreak NB ; 
id _4 ; name vint-i-tres ; pos_index 42 ; pos_index_score 0 ; pos SP ; pbreak NB ; 
id _5 ; name minuts ; pos_index 30 ; pos_index_score 0 ; pos NC ; pbreak NB ; 
id _6 ; name i ; pos_index 2 ; pos_index_score 0 ; pos CC ; pbreak NB ; 
id _7 ; name quaranta-quatre ; pos_index 30 ; pos_index_score 0 ; pos NC ; pbreak NB ; 
id _8 ; name segons ; pos_index 42 ; pos_index_score 0 ; pos SP ; pbreak BB ; 

Frase: 9/11/09
Token: 
()
id _1 ; name 9/11/09 ; whitespace "" ; prepunctuation "" ; 
Word: 
()
id _2 ; name nou ; pos_index 62 ; pos_index_score 0 ; pos W ; pbreak NB ; 
id _3 ; name de ; pos_index 42 ; pos_index_score 0 ; pos SP ; pbreak NB ; 
id _4 ; name novembre ; pos_index 62 ; pos_index_score 0 ; pos W ; pbreak NB ; 
id _5 ; name del ; pos_index 42 ; pos_index_score 0 ; pos SP ; pbreak NB ; 
id _6 ; name nou ; pos_index 62 ; pos_index_score 0 ; pos W ; pbreak BB ; 

Frase: 8/10/2001
Token: 
()
id _1 ; name 8/10/2001 ; whitespace "" ; prepunctuation "" ; 
Word: 
()
id _2 ; name vuit ; pos_index 35 ; pos_index_score 0 ; pos PN ; pbreak NB ; 
id _3 ; name de ; pos_index 42 ; pos_index_score 0 ; pos SP ; pbreak NB ; 
id _4 ; name octubre ; pos_index 30 ; pos_index_score 0 ; pos NC ; pbreak NB ; 
id _5 ; name del ; pos_index 42 ; pos_index_score 0 ; pos SP ; pbreak NB ; 
id _6 ; name dos ; pos_index 8 ; pos_index_score 0 ; pos DN ; pbreak NB ; 
id _7 ; name mil ; pos_index 30 ; pos_index_score 0 ; pos NC ; pbreak NB ; 
id _8 ; name un ; pos_index 7 ; pos_index_score 0 ; pos DI ; pbreak BB ; 

Frase: 10/02/1987
Token: 
()
id _1 ; name 10/02/1987 ; whitespace "" ; prepunctuation "" ; 
Word: 
()
id _2 ; name deu ; pos_index 35 ; pos_index_score 0 ; pos PN ; pbreak NB ; 
id _3 ; name de ; pos_index 42 ; pos_index_score 0 ; pos SP ; pbreak NB ; 
id _4 ; name febrer ; pos_index 30 ; pos_index_score 0 ; pos NC ; pbreak NB ; 
id _5 ; name del ; pos_index 42 ; pos_index_score 0 ; pos SP ; pbreak NB ; 
id _6 ; name mil ; pos_index 8 ; pos_index_score 0 ; pos DN ; pbreak NB ; 
id _7 ; name nou-cents ; pos_index 30 ; pos_index_score 0 ; pos NC ; pbreak NB ; 
id _8 ; name vuitanta-set ; pos_index 42 ; pos_index_score 0 ; pos SP ; pbreak BB ; 

Frase: tel. 935343423
Token: 
()
id _1 ; name tel ; punc . ; whitespace "" ; prepunctuation "" ; 
id _2 ; name "935343423" ; whitespace " " ; prepunctuation "" ; token_pos cardinal ; 
Word: 
()
id _3 ; name telèfon ; pos_index 30 ; pos_index_score 0 ; pos NC ; pbreak BB ; 
id _4 ; name nou ; pos_index 1 ; pos_index_score 0 ; pos AQ ; pbreak NB ; 
id _5 ; name tres ; pos_index 62 ; pos_index_score 0 ; pos W ; pbreak NB ; 
id _6 ; name cinc ; pos_index 8 ; pos_index_score 0 ; pos DN ; pbreak NB ; 
id _7 ; name tres ; pos_index 8 ; pos_index_score 0 ; pos DN ; pbreak NB ; 
id _8 ; name quatre ; pos_index 8 ; pos_index_score 0 ; pos DN ; pbreak NB ; 
id _9 ; name tres ; pos_index 8 ; pos_index_score 0 ; pos DN ; pbreak NB ; 
id _10 ; name quatre ; pos_index 8 ; pos_index_score 0 ; pos DN ; pbreak NB ; 
id _11 ; name dos ; pos_index 8 ; pos_index_score 0 ; pos DN ; pbreak NB ; 
id _12 ; name tres ; pos_index 8 ; pos_index_score 0 ; pos DN ; pbreak BB ; 

Frase: telf. 976-345423
Token: 
()
id _1 ; name telf ; punc . ; whitespace "" ; prepunctuation "" ; 
id _2 ; name 976-345423 ; whitespace " " ; prepunctuation "" ; 
Word: 
()
id _3 ; name telèfon ; pos_index 30 ; pos_index_score 0 ; pos NC ; pbreak BB ; 
id _4 ; name nou ; pos_index 1 ; pos_index_score 0 ; pos AQ ; pbreak NB ; 
id _5 ; name set ; pos_index 62 ; pos_index_score 0 ; pos W ; pbreak NB ; 
id _6 ; name sis ; pos_index 8 ; pos_index_score 0 ; pos DN ; pbreak NB ; 
id _7 ; name guió ; pos_index 30 ; pos_index_score 0 ; pos NC ; pbreak NB ; 
id _8 ; name tres ; pos_index 51 ; pos_index_score 0 ; pos VMI ; pbreak NB ; 
id _9 ; name quatre ; pos_index 62 ; pos_index_score 0 ; pos W ; pbreak NB ; 
id _10 ; name cinc ; pos_index 8 ; pos_index_score 0 ; pos DN ; pbreak NB ; 
id _11 ; name quatre ; pos_index 8 ; pos_index_score 0 ; pos DN ; pbreak NB ; 
id _12 ; name dos ; pos_index 8 ; pos_index_score 0 ; pos DN ; pbreak NB ; 
id _13 ; name tres ; pos_index 8 ; pos_index_score 0 ; pos DN ; pbreak BB ; 

Frase: 123 231 32 4
Token: 
()
id _1 ; name "123" ; whitespace "" ; prepunctuation "" ; token_pos digits ; punc , ; 
id _2 ; name "231" ; whitespace " " ; prepunctuation "" ; token_pos digits ; punc , ; 
id _3 ; name "32" ; whitespace " " ; prepunctuation "" ; token_pos digits ; punc , ; 
id _4 ; name "4" ; whitespace " " ; prepunctuation "" ; token_pos cardinal ; punc , ; 
Word: 
()
id _5 ; name un ; pos_index 34 ; pos_index_score 0 ; pos PI ; pbreak NB ; 
id _6 ; name dos ; pos_index 8 ; pos_index_score 0 ; pos DN ; pbreak NB ; 
id _7 ; name tres ; pos_index 8 ; pos_index_score 0 ; pos DN ; pbreak B ; 
id _8 ; name dos ; pos_index 8 ; pos_index_score 0 ; pos DN ; pbreak NB ; 
id _9 ; name tres ; pos_index 8 ; pos_index_score 0 ; pos DN ; pbreak NB ; 
id _10 ; name un ; pos_index 7 ; pos_index_score 0 ; pos DI ; pbreak B ; 
id _11 ; name tres ; pos_index 35 ; pos_index_score 0 ; pos PN ; pbreak NB ; 
id _12 ; name dos ; pos_index 51 ; pos_index_score 0 ; pos VMI ; pbreak B ; 
id _13 ; name quatre ; pos_index 8 ; pos_index_score 0 ; pos DN ; pbreak B ; 

Frase: 3-4
Token: 
()
id _1 ; name 3-4 ; whitespace "" ; prepunctuation "" ; 
Word: 
()
id _2 ; name tres ; pos_index 35 ; pos_index_score 0 ; pos PN ; pbreak NB ; 
id _3 ; name a ; pos_index 42 ; pos_index_score 0 ; pos SP ; pbreak NB ; 
id _4 ; name quatre ; pos_index 8 ; pos_index_score 0 ; pos DN ; pbreak BB ; 

Frase: http://
Token: 
()
id _1 ; name http:// ; whitespace "" ; prepunctuation "" ; 
Word: 
()
id _2 ; name #h ; pos_index 53 ; pos_index_score 0 ; pos VMN ; pbreak NB ; 
id _3 ; name #t ; pos_index 4 ; pos_index_score 0 ; pos DA ; pbreak NB ; 
id _4 ; name #t ; pos_index 30 ; pos_index_score 0 ; pos NC ; pbreak NB ; 
id _5 ; name #p ; pos_index 42 ; pos_index_score 0 ; pos SP ; pbreak NB ; 
id _6 ; name dos ; pos_index 8 ; pos_index_score 0 ; pos DN ; pbreak NB ; 
id _7 ; name punts ; pos_index 30 ; pos_index_score 0 ; pos NC ; pbreak NB ; 
id _8 ; name barra ; pos_index 51 ; pos_index_score 0 ; pos VMI ; pbreak NB ; 
id _9 ; name barra ; pos_index 30 ; pos_index_score 0 ; pos NC ; pbreak BB ; 

Frase: ftp://
Token: 
()
id _1 ; name ftp:// ; whitespace "" ; prepunctuation "" ; 
Word: 
()
id _2 ; name #f ; pos_index 60 ; pos_index_score 0 ; pos VSP ; pbreak NB ; 
id _3 ; name #t ; pos_index 54 ; pos_index_score 0 ; pos VMP ; pbreak NB ; 
id _4 ; name #p ; pos_index 42 ; pos_index_score 0 ; pos SP ; pbreak NB ; 
id _5 ; name dos ; pos_index 8 ; pos_index_score 0 ; pos DN ; pbreak NB ; 
id _6 ; name punts ; pos_index 30 ; pos_index_score 0 ; pos NC ; pbreak NB ; 
id _7 ; name barra ; pos_index 51 ; pos_index_score 0 ; pos VMI ; pbreak NB ; 
id _8 ; name barra ; pos_index 30 ; pos_index_score 0 ; pos NC ; pbreak BB ; 

Frase: www
Token: 
()
id _1 ; name www ; whitespace "" ; prepunctuation "" ; 
Word: 
()
id _2 ; name tres ; pos_index 8 ; pos_index_score 0 ; pos DN ; pbreak NB ; 
id _3 ; name #ws ; pos_index 30 ; pos_index_score 0 ; pos NC ; pbreak BB ; 

Frase: WWW
Token: 
()
id _1 ; name WWW ; whitespace "" ; prepunctuation "" ; 
Word: 
()
id _2 ; name tres ; pos_index 8 ; pos_index_score 0 ; pos DN ; pbreak NB ; 
id _3 ; name #ws ; pos_index 30 ; pos_index_score 0 ; pos NC ; pbreak BB ; 

Frase: www.talp.cat
Token: 
()
id _1 ; name www.talp.cat ; whitespace "" ; prepunctuation "" ; 
Word: 
()
id _2 ; name tres ; pos_index 35 ; pos_index_score 0 ; pos PN ; pbreak NB ; 
id _3 ; name #ws ; pos_index 42 ; pos_index_score 0 ; pos SP ; pbreak NB ; 
id _4 ; name punt ; pos_index 30 ; pos_index_score 0 ; pos NC ; pbreak NB ; 
id _5 ; name talp ; pos_index 30 ; pos_index_score 0 ; pos NC ; pbreak NB ; 
id _6 ; name punt ; pos_index 30 ; pos_index_score 0 ; pos NC ; pbreak NB ; 
id _7 ; name cat ; pos_index 31 ; pos_index_score 0 ; pos NP ; pbreak BB ; 

Frase: festcat.talp.cat
Token: 
()
id _1 ; name festcat.talp.cat ; whitespace "" ; prepunctuation "" ; 
Word: 
()
id _2 ; name festcat ; pos_index 7 ; pos_index_score 0 ; pos DI ; pbreak NB ; 
id _3 ; name punt ; pos_index 30 ; pos_index_score 0 ; pos NC ; pbreak NB ; 
id _4 ; name talp ; pos_index 30 ; pos_index_score 0 ; pos NC ; pbreak NB ; 
id _5 ; name punt ; pos_index 30 ; pos_index_score 0 ; pos NC ; pbreak NB ; 
id _6 ; name cat ; pos_index 31 ; pos_index_score 0 ; pos NP ; pbreak BB ; 

Frase: exemple.com
Token: 
()
id _1 ; name exemple.com ; whitespace "" ; prepunctuation "" ; 
Word: 
()
id _2 ; name exemple ; pos_index 30 ; pos_index_score 0 ; pos NC ; pbreak NB ; 
id _3 ; name punt ; pos_index 51 ; pos_index_score 0 ; pos VMI ; pbreak NB ; 
id _4 ; name com ; pos_index 3 ; pos_index_score 0 ; pos CS ; pbreak BB ; 

Frase: http://www.exemple.com
Token: 
()
id _1 ; name http://www.exemple.com ; whitespace "" ; prepunctuation "" ; 
Word: 
()
id _2 ; name #h ; pos_index 53 ; pos_index_score 0 ; pos VMN ; pbreak NB ; 
id _3 ; name #t ; pos_index 4 ; pos_index_score 0 ; pos DA ; pbreak NB ; 
id _4 ; name #t ; pos_index 30 ; pos_index_score 0 ; pos NC ; pbreak NB ; 
id _5 ; name #p ; pos_index 42 ; pos_index_score 0 ; pos SP ; pbreak NB ; 
id _6 ; name dos ; pos_index 8 ; pos_index_score 0 ; pos DN ; pbreak NB ; 
id _7 ; name punts ; pos_index 30 ; pos_index_score 0 ; pos NC ; pbreak NB ; 
id _8 ; name barra ; pos_index 30 ; pos_index_score 0 ; pos NC ; pbreak NB ; 
id _9 ; name barra ; pos_index 30 ; pos_index_score 0 ; pos NC ; pbreak NB ; 
id _10 ; name tres ; pos_index 63 ; pos_index_score 0 ; pos Z ; pbreak NB ; 
id _11 ; name #ws ; pos_index 42 ; pos_index_score 0 ; pos SP ; pbreak NB ; 
id _12 ; name punt ; pos_index 30 ; pos_index_score 0 ; pos NC ; pbreak NB ; 
id _13 ; name exemple ; pos_index 30 ; pos_index_score 0 ; pos NC ; pbreak NB ; 
id _14 ; name punt ; pos_index 51 ; pos_index_score 0 ; pos VMI ; pbreak NB ; 
id _15 ; name com ; pos_index 3 ; pos_index_score 0 ; pos CS ; pbreak BB ; 

Frase: http://exemple2.com
Token: 
()
id _1 ; name http://exemple2.com ; whitespace "" ; prepunctuation "" ; 
Word: 
()
id _2 ; name #h ; pos_index 53 ; pos_index_score 0 ; pos VMN ; pbreak NB ; 
id _3 ; name #t ; pos_index 4 ; pos_index_score 0 ; pos DA ; pbreak NB ; 
id _4 ; name #t ; pos_index 30 ; pos_index_score 0 ; pos NC ; pbreak NB ; 
id _5 ; name #p ; pos_index 42 ; pos_index_score 0 ; pos SP ; pbreak NB ; 
id _6 ; name dos ; pos_index 8 ; pos_index_score 0 ; pos DN ; pbreak NB ; 
id _7 ; name punts ; pos_index 30 ; pos_index_score 0 ; pos NC ; pbreak NB ; 
id _8 ; name barra ; pos_index 30 ; pos_index_score 0 ; pos NC ; pbreak NB ; 
id _9 ; name barra ; pos_index 30 ; pos_index_score 0 ; pos NC ; pbreak NB ; 
id _10 ; name exemple ; pos_index 30 ; pos_index_score 0 ; pos NC ; pbreak NB ; 
id _11 ; name dos ; pos_index 51 ; pos_index_score 0 ; pos VMI ; pbreak NB ; 
id _12 ; name punt ; pos_index 30 ; pos_index_score 0 ; pos NC ; pbreak NB ; 
id _13 ; name com ; pos_index 3 ; pos_index_score 0 ; pos CS ; pbreak BB ; 

Frase: http://a.example.com
Token: 
()
id _1 ; name http://a.example.com ; whitespace "" ; prepunctuation "" ; 
Word: 
()
id _2 ; name #h ; pos_index 53 ; pos_index_score 0 ; pos VMN ; pbreak NB ; 
id _3 ; name #t ; pos_index 4 ; pos_index_score 0 ; pos DA ; pbreak NB ; 
id _4 ; name #t ; pos_index 30 ; pos_index_score 0 ; pos NC ; pbreak NB ; 
id _5 ; name #p ; pos_index 42 ; pos_index_score 0 ; pos SP ; pbreak NB ; 
id _6 ; name dos ; pos_index 8 ; pos_index_score 0 ; pos DN ; pbreak NB ; 
id _7 ; name punts ; pos_index 30 ; pos_index_score 0 ; pos NC ; pbreak NB ; 
id _8 ; name barra ; pos_index 51 ; pos_index_score 0 ; pos VMI ; pbreak NB ; 
id _9 ; name barra ; pos_index 30 ; pos_index_score 0 ; pos NC ; pbreak NB ; 
id _10 ; name a ; pos_index 42 ; pos_index_score 0 ; pos SP ; pbreak NB ; 
id _11 ; name punt ; pos_index 30 ; pos_index_score 0 ; pos NC ; pbreak NB ; 
id _12 ; name example ; pos_index 42 ; pos_index_score 0 ; pos SP ; pbreak NB ; 
id _13 ; name punt ; pos_index 30 ; pos_index_score 0 ; pos NC ; pbreak NB ; 
id _14 ; name com ; pos_index 3 ; pos_index_score 0 ; pos CS ; pbreak BB ; 

Frase: https://a.example.com
Token: 
()
id _1 ; name https://a.example.com ; whitespace "" ; prepunctuation "" ; 
Word: 
()
id _2 ; name #h ; pos_index 11 ; pos_index_score 0 ; pos DT ; pbreak NB ; 
id _3 ; name #t ; pos_index 30 ; pos_index_score 0 ; pos NC ; pbreak NB ; 
id _4 ; name #t ; pos_index 32 ; pos_index_score 0 ; pos P0 ; pbreak NB ; 
id _5 ; name #p ; pos_index 51 ; pos_index_score 0 ; pos VMI ; pbreak NB ; 
id _6 ; name #s ; pos_index 42 ; pos_index_score 0 ; pos SP ; pbreak NB ; 
id _7 ; name dos ; pos_index 8 ; pos_index_score 0 ; pos DN ; pbreak NB ; 
id _8 ; name punts ; pos_index 30 ; pos_index_score 0 ; pos NC ; pbreak NB ; 
id _9 ; name barra ; pos_index 51 ; pos_index_score 0 ; pos VMI ; pbreak NB ; 
id _10 ; name barra ; pos_index 30 ; pos_index_score 0 ; pos NC ; pbreak NB ; 
id _11 ; name a ; pos_index 42 ; pos_index_score 0 ; pos SP ; pbreak NB ; 
id _12 ; name punt ; pos_index 30 ; pos_index_score 0 ; pos NC ; pbreak NB ; 
id _13 ; name example ; pos_index 42 ; pos_index_score 0 ; pos SP ; pbreak NB ; 
id _14 ; name punt ; pos_index 30 ; pos_index_score 0 ; pos NC ; pbreak NB ; 
id _15 ; name com ; pos_index 3 ; pos_index_score 0 ; pos CS ; pbreak BB ; 

Frase: https://a.example.com/test.html
Token: 
()
id _1 ; name https://a.example.com/test.html ; whitespace "" ; prepunctuation "" ; 
Word: 
()
id _2 ; name #h ; pos_index 11 ; pos_index_score 0 ; pos DT ; pbreak NB ; 
id _3 ; name #t ; pos_index 30 ; pos_index_score 0 ; pos NC ; pbreak NB ; 
id _4 ; name #t ; pos_index 32 ; pos_index_score 0 ; pos P0 ; pbreak NB ; 
id _5 ; name #p ; pos_index 51 ; pos_index_score 0 ; pos VMI ; pbreak NB ; 
id _6 ; name #s ; pos_index 42 ; pos_index_score 0 ; pos SP ; pbreak NB ; 
id _7 ; name dos ; pos_index 8 ; pos_index_score 0 ; pos DN ; pbreak NB ; 
id _8 ; name punts ; pos_index 30 ; pos_index_score 0 ; pos NC ; pbreak NB ; 
id _9 ; name barra ; pos_index 51 ; pos_index_score 0 ; pos VMI ; pbreak NB ; 
id _10 ; name barra ; pos_index 30 ; pos_index_score 0 ; pos NC ; pbreak NB ; 
id _11 ; name a ; pos_index 42 ; pos_index_score 0 ; pos SP ; pbreak NB ; 
id _12 ; name punt ; pos_index 30 ; pos_index_score 0 ; pos NC ; pbreak NB ; 
id _13 ; name example ; pos_index 42 ; pos_index_score 0 ; pos SP ; pbreak NB ; 
id _14 ; name punt ; pos_index 30 ; pos_index_score 0 ; pos NC ; pbreak NB ; 
id _15 ; name com ; pos_index 37 ; pos_index_score 0 ; pos PR ; pbreak NB ; 
id _16 ; name barra ; pos_index 51 ; pos_index_score 0 ; pos VMI ; pbreak NB ; 
id _17 ; name test ; pos_index 1 ; pos_index_score 0 ; pos AQ ; pbreak NB ; 
id _18 ; name punt ; pos_index 30 ; pos_index_score 0 ; pos NC ; pbreak NB ; 
id _19 ; name #h ; pos_index 42 ; pos_index_score 0 ; pos SP ; pbreak NB ; 
id _20 ; name #t ; pos_index 4 ; pos_index_score 0 ; pos DA ; pbreak NB ; 
id _21 ; name #m ; pos_index 30 ; pos_index_score 0 ; pos NC ; pbreak NB ; 
id _22 ; name #l ; pos_index 42 ; pos_index_score 0 ; pos SP ; pbreak BB ; 

Frase: https://a.example.com/a
Token: 
()
id _1 ; name https://a.example.com/a ; whitespace "" ; prepunctuation "" ; 
Word: 
()
id _2 ; name #h ; pos_index 11 ; pos_index_score 0 ; pos DT ; pbreak NB ; 
id _3 ; name #t ; pos_index 30 ; pos_index_score 0 ; pos NC ; pbreak NB ; 
id _4 ; name #t ; pos_index 32 ; pos_index_score 0 ; pos P0 ; pbreak NB ; 
id _5 ; name #p ; pos_index 51 ; pos_index_score 0 ; pos VMI ; pbreak NB ; 
id _6 ; name #s ; pos_index 42 ; pos_index_score 0 ; pos SP ; pbreak NB ; 
id _7 ; name dos ; pos_index 8 ; pos_index_score 0 ; pos DN ; pbreak NB ; 
id _8 ; name punts ; pos_index 30 ; pos_index_score 0 ; pos NC ; pbreak NB ; 
id _9 ; name barra ; pos_index 51 ; pos_index_score 0 ; pos VMI ; pbreak NB ; 
id _10 ; name barra ; pos_index 30 ; pos_index_score 0 ; pos NC ; pbreak NB ; 
id _11 ; name a ; pos_index 42 ; pos_index_score 0 ; pos SP ; pbreak NB ; 
id _12 ; name punt ; pos_index 30 ; pos_index_score 0 ; pos NC ; pbreak NB ; 
id _13 ; name example ; pos_index 42 ; pos_index_score 0 ; pos SP ; pbreak NB ; 
id _14 ; name punt ; pos_index 30 ; pos_index_score 0 ; pos NC ; pbreak NB ; 
id _15 ; name com ; pos_index 42 ; pos_index_score 0 ; pos SP ; pbreak NB ; 
id _16 ; name barra ; pos_index 30 ; pos_index_score 0 ; pos NC ; pbreak NB ; 
id _17 ; name a ; pos_index 42 ; pos_index_score 0 ; pos SP ; pbreak BB ; 

Frase: https://a.example.com/
Token: 
()
id _1 ; name https://a.example.com/ ; whitespace "" ; prepunctuation "" ; 
Word: 
()
id _2 ; name #h ; pos_index 11 ; pos_index_score 0 ; pos DT ; pbreak NB ; 
id _3 ; name #t ; pos_index 30 ; pos_index_score 0 ; pos NC ; pbreak NB ; 
id _4 ; name #t ; pos_index 32 ; pos_index_score 0 ; pos P0 ; pbreak NB ; 
id _5 ; name #p ; pos_index 51 ; pos_index_score 0 ; pos VMI ; pbreak NB ; 
id _6 ; name #s ; pos_index 42 ; pos_index_score 0 ; pos SP ; pbreak NB ; 
id _7 ; name dos ; pos_index 8 ; pos_index_score 0 ; pos DN ; pbreak NB ; 
id _8 ; name punts ; pos_index 30 ; pos_index_score 0 ; pos NC ; pbreak NB ; 
id _9 ; name barra ; pos_index 51 ; pos_index_score 0 ; pos VMI ; pbreak NB ; 
id _10 ; name barra ; pos_index 30 ; pos_index_score 0 ; pos NC ; pbreak NB ; 
id _11 ; name a ; pos_index 42 ; pos_index_score 0 ; pos SP ; pbreak NB ; 
id _12 ; name punt ; pos_index 30 ; pos_index_score 0 ; pos NC ; pbreak NB ; 
id _13 ; name example ; pos_index 42 ; pos_index_score 0 ; pos SP ; pbreak NB ; 
id _14 ; name punt ; pos_index 30 ; pos_index_score 0 ; pos NC ; pbreak NB ; 
id _15 ; name com ; pos_index 42 ; pos_index_score 0 ; pos SP ; pbreak NB ; 
id _16 ; name barra ; pos_index 30 ; pos_index_score 0 ; pos NC ; pbreak BB ; 

Frase: https://example.com/test.html?doing_wp_cron=123
Token: 
()
id _1 ; name https://example.com/test.html?doing_wp_cron=123 ; whitespace "" ; prepunctuation "" ; 
Word: 
()
id _2 ; name #h ; pos_index 11 ; pos_index_score 0 ; pos DT ; pbreak NB ; 
id _3 ; name #t ; pos_index 30 ; pos_index_score 0 ; pos NC ; pbreak NB ; 
id _4 ; name #t ; pos_index 32 ; pos_index_score 0 ; pos P0 ; pbreak NB ; 
id _5 ; name #p ; pos_index 51 ; pos_index_score 0 ; pos VMI ; pbreak NB ; 
id _6 ; name #s ; pos_index 42 ; pos_index_score 0 ; pos SP ; pbreak NB ; 
id _7 ; name dos ; pos_index 8 ; pos_index_score 0 ; pos DN ; pbreak NB ; 
id _8 ; name punts ; pos_index 30 ; pos_index_score 0 ; pos NC ; pbreak NB ; 
id _9 ; name barra ; pos_index 51 ; pos_index_score 0 ; pos VMI ; pbreak NB ; 
id _10 ; name barra ; pos_index 30 ; pos_index_score 0 ; pos NC ; pbreak NB ; 
id _11 ; name example ; pos_index 42 ; pos_index_score 0 ; pos SP ; pbreak NB ; 
id _12 ; name punt ; pos_index 30 ; pos_index_score 0 ; pos NC ; pbreak NB ; 
id _13 ; name com ; pos_index 37 ; pos_index_score 0 ; pos PR ; pbreak NB ; 
id _14 ; name barra ; pos_index 51 ; pos_index_score 0 ; pos VMI ; pbreak NB ; 
id _15 ; name test ; pos_index 1 ; pos_index_score 0 ; pos AQ ; pbreak NB ; 
id _16 ; name punt ; pos_index 30 ; pos_index_score 0 ; pos NC ; pbreak NB ; 
id _17 ; name #h ; pos_index 42 ; pos_index_score 0 ; pos SP ; pbreak NB ; 
id _18 ; name #t ; pos_index 30 ; pos_index_score 0 ; pos NC ; pbreak NB ; 
id _19 ; name #m ; pos_index 42 ; pos_index_score 0 ; pos SP ; pbreak NB ; 
id _20 ; name #l ; pos_index 4 ; pos_index_score 0 ; pos DA ; pbreak NB ; 
id _21 ; name interrogant ; pos_index 30 ; pos_index_score 0 ; pos NC ; pbreak NB ; 
id _22 ; name doing ; pos_index 42 ; pos_index_score 0 ; pos SP ; pbreak NB ; 
id _23 ; name guió ; pos_index 30 ; pos_index_score 0 ; pos NC ; pbreak NB ; 
id _24 ; name baix ; pos_index 1 ; pos_index_score 0 ; pos AQ ; pbreak NB ; 
id _25 ; name #w ; pos_index 42 ; pos_index_score 0 ; pos SP ; pbreak NB ; 
id _26 ; name #p ; pos_index 4 ; pos_index_score 0 ; pos DA ; pbreak NB ; 
id _27 ; name guió ; pos_index 30 ; pos_index_score 0 ; pos NC ; pbreak NB ; 
id _28 ; name baix ; pos_index 51 ; pos_index_score 0 ; pos VMI ; pbreak NB ; 
id _29 ; name cron ; pos_index 30 ; pos_index_score 0 ; pos NC ; pbreak NB ; 
id _30 ; name igual ; pos_index 40 ; pos_index_score 0 ; pos RG ; pbreak NB ; 
id _31 ; name cent ; pos_index 8 ; pos_index_score 0 ; pos DN ; pbreak NB ; 
id _32 ; name vint-i-tres ; pos_index 30 ; pos_index_score 0 ; pos NC ; pbreak BB ; 

Frase: https://a.example.com/test.html?doing_wp_cron=123
Token: 
()
id _1 ; name https://a.example.com/test.html?doing_wp_cron=123 ; whitespace "" ; prepunctuation "" ; 
Word: 
()
id _2 ; name #h ; pos_index 11 ; pos_index_score 0 ; pos DT ; pbreak NB ; 
id _3 ; name #t ; pos_index 30 ; pos_index_score 0 ; pos NC ; pbreak NB ; 
id _4 ; name #t ; pos_index 32 ; pos_index_score 0 ; pos P0 ; pbreak NB ; 
id _5 ; name #p ; pos_index 51 ; pos_index_score 0 ; pos VMI ; pbreak NB ; 
id _6 ; name #s ; pos_index 42 ; pos_index_score 0 ; pos SP ; pbreak NB ; 
id _7 ; name dos ; pos_index 8 ; pos_index_score 0 ; pos DN ; pbreak NB ; 
id _8 ; name punts ; pos_index 30 ; pos_index_score 0 ; pos NC ; pbreak NB ; 
id _9 ; name barra ; pos_index 51 ; pos_index_score 0 ; pos VMI ; pbreak NB ; 
id _10 ; name barra ; pos_index 30 ; pos_index_score 0 ; pos NC ; pbreak NB ; 
id _11 ; name a ; pos_index 42 ; pos_index_score 0 ; pos SP ; pbreak NB ; 
id _12 ; name punt ; pos_index 30 ; pos_index_score 0 ; pos NC ; pbreak NB ; 
id _13 ; name example ; pos_index 42 ; pos_index_score 0 ; pos SP ; pbreak NB ; 
id _14 ; name punt ; pos_index 30 ; pos_index_score 0 ; pos NC ; pbreak NB ; 
id _15 ; name com ; pos_index 37 ; pos_index_score 0 ; pos PR ; pbreak NB ; 
id _16 ; name barra ; pos_index 51 ; pos_index_score 0 ; pos VMI ; pbreak NB ; 
id _17 ; name test ; pos_index 1 ; pos_index_score 0 ; pos AQ ; pbreak NB ; 
id _18 ; name punt ; pos_index 30 ; pos_index_score 0 ; pos NC ; pbreak NB ; 
id _19 ; name #h ; pos_index 42 ; pos_index_score 0 ; pos SP ; pbreak NB ; 
id _20 ; name #t ; pos_index 30 ; pos_index_score 0 ; pos NC ; pbreak NB ; 
id _21 ; name #m ; pos_index 42 ; pos_index_score 0 ; pos SP ; pbreak NB ; 
id _22 ; name #l ; pos_index 4 ; pos_index_score 0 ; pos DA ; pbreak NB ; 
id _23 ; name interrogant ; pos_index 30 ; pos_index_score 0 ; pos NC ; pbreak NB ; 
id _24 ; name doing ; pos_index 42 ; pos_index_score 0 ; pos SP ; pbreak NB ; 
id _25 ; name guió ; pos_index 30 ; pos_index_score 0 ; pos NC ; pbreak NB ; 
id _26 ; name baix ; pos_index 1 ; pos_index_score 0 ; pos AQ ; pbreak NB ; 
id _27 ; name #w ; pos_index 42 ; pos_index_score 0 ; pos SP ; pbreak NB ; 
id _28 ; name #p ; pos_index 4 ; pos_index_score 0 ; pos DA ; pbreak NB ; 
id _29 ; name guió ; pos_index 30 ; pos_index_score 0 ; pos NC ; pbreak NB ; 
id _30 ; name baix ; pos_index 51 ; pos_index_score 0 ; pos VMI ; pbreak NB ; 
id _31 ; name cron ; pos_index 30 ; pos_index_score 0 ; pos NC ; pbreak NB ; 
id _32 ; name igual ; pos_index 40 ; pos_index_score 0 ; pos RG ; pbreak NB ; 
id _33 ; name cent ; pos_index 8 ; pos_index_score 0 ; pos DN ; pbreak NB ; 
id _34 ; name vint-i-tres ; pos_index 30 ; pos_index_score 0 ; pos NC ; pbreak BB ; 

Frase: https://a.example.com/test.html?id=2
Token: 
()
id _1 ; name https://a.example.com/test.html?id=2 ; whitespace "" ; prepunctuation "" ; 
Word: 
()
id _2 ; name #h ; pos_index 11 ; pos_index_score 0 ; pos DT ; pbreak NB ; 
id _3 ; name #t ; pos_index 30 ; pos_index_score 0 ; pos NC ; pbreak NB ; 
id _4 ; name #t ; pos_index 32 ; pos_index_score 0 ; pos P0 ; pbreak NB ; 
id _5 ; name #p ; pos_index 51 ; pos_index_score 0 ; pos VMI ; pbreak NB ; 
id _6 ; name #s ; pos_index 42 ; pos_index_score 0 ; pos SP ; pbreak NB ; 
id _7 ; name dos ; pos_index 8 ; pos_index_score 0 ; pos DN ; pbreak NB ; 
id _8 ; name punts ; pos_index 30 ; pos_index_score 0 ; pos NC ; pbreak NB ; 
id _9 ; name barra ; pos_index 51 ; pos_index_score 0 ; pos VMI ; pbreak NB ; 
id _10 ; name barra ; pos_index 30 ; pos_index_score 0 ; pos NC ; pbreak NB ; 
id _11 ; name a ; pos_index 42 ; pos_index_score 0 ; pos SP ; pbreak NB ; 
id _12 ; name punt ; pos_index 30 ; pos_index_score 0 ; pos NC ; pbreak NB ; 
id _13 ; name example ; pos_index 42 ; pos_index_score 0 ; pos SP ; pbreak NB ; 
id _14 ; name punt ; pos_index 30 ; pos_index_score 0 ; pos NC ; pbreak NB ; 
id _15 ; name com ; pos_index 37 ; pos_index_score 0 ; pos PR ; pbreak NB ; 
id _16 ; name barra ; pos_index 51 ; pos_index_score 0 ; pos VMI ; pbreak NB ; 
id _17 ; name test ; pos_index 1 ; pos_index_score 0 ; pos AQ ; pbreak NB ; 
id _18 ; name punt ; pos_index 30 ; pos_index_score 0 ; pos NC ; pbreak NB ; 
id _19 ; name #h ; pos_index 42 ; pos_index_score 0 ; pos SP ; pbreak NB ; 
id _20 ; name #t ; pos_index 30 ; pos_index_score 0 ; pos NC ; pbreak NB ; 
id _21 ; name #m ; pos_index 42 ; pos_index_score 0 ; pos SP ; pbreak NB ; 
id _22 ; name #l ; pos_index 4 ; pos_index_score 0 ; pos DA ; pbreak NB ; 
id _23 ; name interrogant ; pos_index 30 ; pos_index_score 0 ; pos NC ; pbreak NB ; 
id _24 ; name id ; pos_index 42 ; pos_index_score 0 ; pos SP ; pbreak NB ; 
id _25 ; name igual ; pos_index 40 ; pos_index_score 0 ; pos RG ; pbreak NB ; 
id _26 ; name dos ; pos_index 8 ; pos_index_score 0 ; pos DN ; pbreak BB ; 

Frase: https://a.example.com/test.html?doing_wp_cron=123.43_432&id=2&cosa=abcd
Token: 
()
id _1 ; name https://a.example.com/test.html?doing_wp_cron=123.43_432&id=2&cosa=abcd ; whitespace "" ; prepunctuation "" ; 
Word: 
()
id _2 ; name #h ; pos_index 11 ; pos_index_score 0 ; pos DT ; pbreak NB ; 
id _3 ; name #t ; pos_index 30 ; pos_index_score 0 ; pos NC ; pbreak NB ; 
id _4 ; name #t ; pos_index 32 ; pos_index_score 0 ; pos P0 ; pbreak NB ; 
id _5 ; name #p ; pos_index 51 ; pos_index_score 0 ; pos VMI ; pbreak NB ; 
id _6 ; name #s ; pos_index 42 ; pos_index_score 0 ; pos SP ; pbreak NB ; 
id _7 ; name dos ; pos_index 8 ; pos_index_score 0 ; pos DN ; pbreak NB ; 
id _8 ; name punts ; pos_index 30 ; pos_index_score 0 ; pos NC ; pbreak NB ; 
id _9 ; name barra ; pos_index 51 ; pos_index_score 0 ; pos VMI ; pbreak NB ; 
id _10 ; name barra ; pos_index 30 ; pos_index_score 0 ; pos NC ; pbreak NB ; 
id _11 ; name a ; pos_index 42 ; pos_index_score 0 ; pos SP ; pbreak NB ; 
id _12 ; name punt ; pos_index 30 ; pos_index_score 0 ; pos NC ; pbreak NB ; 
id _13 ; name example ; pos_index 42 ; pos_index_score 0 ; pos SP ; pbreak NB ; 
id _14 ; name punt ; pos_index 30 ; pos_index_score 0 ; pos NC ; pbreak NB ; 
id _15 ; name com ; pos_index 37 ; pos_index_score 0 ; pos PR ; pbreak NB ; 
id _16 ; name barra ; pos_index 51 ; pos_index_score 0 ; pos VMI ; pbreak NB ; 
id _17 ; name test ; pos_index 1 ; pos_index_score 0 ; pos AQ ; pbreak NB ; 
id _18 ; name punt ; pos_index 30 ; pos_index_score 0 ; pos NC ; pbreak NB ; 
id _19 ; name #h ; pos_index 42 ; pos_index_score 0 ; pos SP ; pbreak NB ; 
id _20 ; name #t ; pos_index 30 ; pos_index_score 0 ; pos NC ; pbreak NB ; 
id _21 ; name #m ; pos_index 42 ; pos_index_score 0 ; pos SP ; pbreak NB ; 
id _22 ; name #l ; pos_index 4 ; pos_index_score 0 ; pos DA ; pbreak NB ; 
id _23 ; name interrogant ; pos_index 30 ; pos_index_score 0 ; pos NC ; pbreak NB ; 
id _24 ; name doing ; pos_index 42 ; pos_index_score 0 ; pos SP ; pbreak NB ; 
id _25 ; name guió ; pos_index 30 ; pos_index_score 0 ; pos NC ; pbreak NB ; 
id _26 ; name baix ; pos_index 1 ; pos_index_score 0 ; pos AQ ; pbreak NB ; 
id _27 ; name #w ; pos_index 42 ; pos_index_score 0 ; pos SP ; pbreak NB ; 
id _28 ; name #p ; pos_index 4 ; pos_index_score 0 ; pos DA ; pbreak NB ; 
id _29 ; name guió ; pos_index 30 ; pos_index_score 0 ; pos NC ; pbreak NB ; 
id _30 ; name baix ; pos_index 51 ; pos_index_score 0 ; pos VMI ; pbreak NB ; 
id _31 ; name cron ; pos_index 30 ; pos_index_score 0 ; pos NC ; pbreak NB ; 
id _32 ; name igual ; pos_index 40 ; pos_index_score 0 ; pos RG ; pbreak NB ; 
id _33 ; name cent ; pos_index 35 ; pos_index_score 0 ; pos PN ; pbreak NB ; 
id _34 ; name vint-i-tres ; pos_index 42 ; pos_index_score 0 ; pos SP ; pbreak NB ; 
id _35 ; name punt ; pos_index 30 ; pos_index_score 0 ; pos NC ; pbreak NB ; 
id _36 ; name quaranta-tres ; pos_index 42 ; pos_index_score 0 ; pos SP ; pbreak NB ; 
id _37 ; name guió ; pos_index 30 ; pos_index_score 0 ; pos NC ; pbreak NB ; 
id _38 ; name baix ; pos_index 51 ; pos_index_score 0 ; pos VMI ; pbreak NB ; 
id _39 ; name quatre-cents ; pos_index 8 ; pos_index_score 0 ; pos DN ; pbreak NB ; 
id _40 ; name trenta-dos ; pos_index 30 ; pos_index_score 0 ; pos NC ; pbreak NB ; 
id _41 ; name ampersand ; pos_index 42 ; pos_index_score 0 ; pos SP ; pbreak NB ; 
id _42 ; name id ; pos_index 4 ; pos_index_score 0 ; pos DA ; pbreak NB ; 
id _43 ; name igual ; pos_index 1 ; pos_index_score 0 ; pos AQ ; pbreak NB ; 
id _44 ; name dos ; pos_index 30 ; pos_index_score 0 ; pos NC ; pbreak NB ; 
id _45 ; name ampersand ; pos_index 42 ; pos_index_score 0 ; pos SP ; pbreak NB ; 
id _46 ; name cosa ; pos_index 30 ; pos_index_score 0 ; pos NC ; pbreak NB ; 
id _47 ; name igual ; pos_index 1 ; pos_index_score 0 ; pos AQ ; pbreak NB ; 
id _48 ; name abcd ; pos_index 42 ; pos_index_score 0 ; pos SP ; pbreak BB ; 

Frase: www.prova1.cat
Token: 
()
id _1 ; name www.prova1.cat ; whitespace "" ; prepunctuation "" ; 
Word: 
()
id _2 ; name tres ; pos_index 35 ; pos_index_score 0 ; pos PN ; pbreak NB ; 
id _3 ; name #ws ; pos_index 42 ; pos_index_score 0 ; pos SP ; pbreak NB ; 
id _4 ; name punt ; pos_index 30 ; pos_index_score 0 ; pos NC ; pbreak NB ; 
id _5 ; name prova ; pos_index 51 ; pos_index_score 0 ; pos VMI ; pbreak NB ; 
id _6 ; name un ; pos_index 7 ; pos_index_score 0 ; pos DI ; pbreak NB ; 
id _7 ; name punt ; pos_index 30 ; pos_index_score 0 ; pos NC ; pbreak NB ; 
id _8 ; name cat ; pos_index 31 ; pos_index_score 0 ; pos NP ; pbreak BB ; 

Frase: www.1prova.cat
Token: 
()
id _1 ; name www.1prova.cat ; whitespace "" ; prepunctuation "" ; 
Word: 
()
id _2 ; name tres ; pos_index 35 ; pos_index_score 0 ; pos PN ; pbreak NB ; 
id _3 ; name #ws ; pos_index 42 ; pos_index_score 0 ; pos SP ; pbreak NB ; 
id _4 ; name punt ; pos_index 30 ; pos_index_score 0 ; pos NC ; pbreak NB ; 
id _5 ; name un ; pos_index 7 ; pos_index_score 0 ; pos DI ; pbreak NB ; 
id _6 ; name prova ; pos_index 30 ; pos_index_score 0 ; pos NC ; pbreak NB ; 
id _7 ; name punt ; pos_index 30 ; pos_index_score 0 ; pos NC ; pbreak NB ; 
id _8 ; name cat ; pos_index 31 ; pos_index_score 0 ; pos NP ; pbreak BB ; 

Frase: prova1.cat
Token: 
()
id _1 ; name prova1.cat ; whitespace "" ; prepunctuation "" ; 
Word: 
()
id _2 ; name prova ; pos_index 51 ; pos_index_score 0 ; pos VMI ; pbreak NB ; 
id _3 ; name un ; pos_index 7 ; pos_index_score 0 ; pos DI ; pbreak NB ; 
id _4 ; name punt ; pos_index 30 ; pos_index_score 0 ; pos NC ; pbreak NB ; 
id _5 ; name cat ; pos_index 31 ; pos_index_score 0 ; pos NP ; pbreak BB ; 

Frase: 1prova.cat
Token: 
()
id _1 ; name 1prova.cat ; whitespace "" ; prepunctuation "" ; 
Word: 
()
id _2 ; name un ; pos_index 7 ; pos_index_score 0 ; pos DI ; pbreak NB ; 
id _3 ; name prova ; pos_index 30 ; pos_index_score 0 ; pos NC ; pbreak NB ; 
id _4 ; name punt ; pos_index 30 ; pos_index_score 0 ; pos NC ; pbreak NB ; 
id _5 ; name cat ; pos_index 31 ; pos_index_score 0 ; pos NP ; pbreak BB ; 

Frase: <mail@exemple.com>
Token: 
()
id _1 ; name <mail@exemple.com> ; whitespace "" ; prepunctuation "" ; 
Word: 
()
id _2 ; name mail ; pos_index 53 ; pos_index_score 0 ; pos VMN ; pbreak NB ; 
id _3 ; name @ ; pos_index 4 ; pos_index_score 0 ; pos DA ; pbreak NB ; 
id _4 ; name exemple ; pos_index 30 ; pos_index_score 0 ; pos NC ; pbreak NB ; 
id _5 ; name punt ; pos_index 51 ; pos_index_score 0 ; pos VMI ; pbreak NB ; 
id _6 ; name com ; pos_index 3 ; pos_index_score 0 ; pos CS ; pbreak BB ; 

Frase: mail@exemple.com
Token: 
()
id _1 ; name mail@exemple.com ; whitespace "" ; prepunctuation "" ; 
Word: 
()
id _2 ; name mail ; pos_index 7 ; pos_index_score 0 ; pos DI ; pbreak NB ; 
id _3 ; name arrova ; pos_index 30 ; pos_index_score 0 ; pos NC ; pbreak NB ; 
id _4 ; name exemple ; pos_index 30 ; pos_index_score 0 ; pos NC ; pbreak NB ; 
id _5 ; name punt ; pos_index 51 ; pos_index_score 0 ; pos VMI ; pbreak NB ; 
id _6 ; name com ; pos_index 3 ; pos_index_score 0 ; pos CS ; pbreak BB ; 

Frase: 0431
Token: 
()
id _1 ; name "0431" ; whitespace "" ; prepunctuation "" ; token_pos cardinal ; 
Word: 
()
id _2 ; name zero ; pos_index 8 ; pos_index_score 0 ; pos DN ; pbreak NB ; 
id _3 ; name quatre ; pos_index 8 ; pos_index_score 0 ; pos DN ; pbreak NB ; 
id _4 ; name tres ; pos_index 8 ; pos_index_score 0 ; pos DN ; pbreak NB ; 
id _5 ; name un ; pos_index 7 ; pos_index_score 0 ; pos DI ; pbreak BB ; 

Frase: 1542
Token: 
()
id _1 ; name "1542" ; whitespace "" ; prepunctuation "" ; token_pos year ; 
Word: 
()
id _2 ; name mil ; pos_index 8 ; pos_index_score 0 ; pos DN ; pbreak NB ; 
id _3 ; name cinc-cents ; pos_index 8 ; pos_index_score 0 ; pos DN ; pbreak NB ; 
id _4 ; name quaranta-dos ; pos_index 30 ; pos_index_score 0 ; pos NC ; pbreak BB ; 

Frase: 12.234.432
Token: 
()
id _1 ; name 12.234.432 ; whitespace "" ; prepunctuation "" ; 
Word: 
()
id _2 ; name dotze ; pos_index 8 ; pos_index_score 0 ; pos DN ; pbreak NB ; 
id _3 ; name milions ; pos_index 30 ; pos_index_score 0 ; pos NC ; pbreak NB ; 
id _4 ; name dos-cents ; pos_index 1 ; pos_index_score 0 ; pos AQ ; pbreak NB ; 
id _5 ; name trenta-quatre ; pos_index 42 ; pos_index_score 0 ; pos SP ; pbreak NB ; 
id _6 ; name mil ; pos_index 8 ; pos_index_score 0 ; pos DN ; pbreak NB ; 
id _7 ; name quatre-cents ; pos_index 8 ; pos_index_score 0 ; pos DN ; pbreak NB ; 
id _8 ; name trenta-dos ; pos_index 30 ; pos_index_score 0 ; pos NC ; pbreak BB ; 

Frase: 123,32
Token: 
()
id _1 ; name 123,32 ; whitespace "" ; prepunctuation "" ; 
Word: 
()
id _2 ; name cent ; pos_index 35 ; pos_index_score 0 ; pos PN ; pbreak NB ; 
id _3 ; name vint-i-tres ; pos_index 42 ; pos_index_score 0 ; pos SP ; pbreak NB ; 
id _4 ; name coma ; pos_index 30 ; pos_index_score 0 ; pos NC ; pbreak NB ; 
id _5 ; name trenta-dos ; pos_index 42 ; pos_index_score 0 ; pos SP ; pbreak BB ; 

Frase: 123.32
Token: 
()
id _1 ; name "123.32" ; whitespace "" ; prepunctuation "" ; 
Word: 
()
id _2 ; name cent ; pos_index 35 ; pos_index_score 0 ; pos PN ; pbreak NB ; 
id _3 ; name vint-i-tres ; pos_index 42 ; pos_index_score 0 ; pos SP ; pbreak NB ; 
id _4 ; name punt ; pos_index 30 ; pos_index_score 0 ; pos NC ; pbreak NB ; 
id _5 ; name trenta-dos ; pos_index 42 ; pos_index_score 0 ; pos SP ; pbreak BB ; 

Frase: 43>23
Token: 
()
id _1 ; name 43>23 ; whitespace "" ; prepunctuation "" ; 
Word: 
()
id _2 ; name quaranta-tres ; pos_index 57 ; pos_index_score 0 ; pos VSI ; pbreak NB ; 
id _3 ; name més ; pos_index 40 ; pos_index_score 0 ; pos RG ; pbreak NB ; 
id _4 ; name gran ; pos_index 1 ; pos_index_score 0 ; pos AQ ; pbreak NB ; 
id _5 ; name que ; pos_index 3 ; pos_index_score 0 ; pos CS ; pbreak NB ; 
id _6 ; name vint-i-tres ; pos_index 4 ; pos_index_score 0 ; pos DA ; pbreak BB ; 

Frase: 500>>5
Token: 
()
id _1 ; name 500>>5 ; whitespace "" ; prepunctuation "" ; 
Word: 
()
id _2 ; name cinc-cents ; pos_index 8 ; pos_index_score 0 ; pos DN ; pbreak NB ; 
id _3 ; name molt ; pos_index 40 ; pos_index_score 0 ; pos RG ; pbreak NB ; 
id _4 ; name més ; pos_index 40 ; pos_index_score 0 ; pos RG ; pbreak NB ; 
id _5 ; name gran ; pos_index 1 ; pos_index_score 0 ; pos AQ ; pbreak NB ; 
id _6 ; name que ; pos_index 3 ; pos_index_score 0 ; pos CS ; pbreak NB ; 
id _7 ; name cinc ; pos_index 8 ; pos_index_score 0 ; pos DN ; pbreak BB ; 

Frase: 5<10
Token: 
()
id _1 ; name 5<10 ; whitespace "" ; prepunctuation "" ; 
Word: 
()
id _2 ; name cinc ; pos_index 8 ; pos_index_score 0 ; pos DN ; pbreak NB ; 
id _3 ; name menor ; pos_index 30 ; pos_index_score 0 ; pos NC ; pbreak NB ; 
id _4 ; name que ; pos_index 37 ; pos_index_score 0 ; pos PR ; pbreak NB ; 
id _5 ; name deu ; pos_index 51 ; pos_index_score 0 ; pos VMI ; pbreak BB ; 

Frase: 5<<1000
Token: 
()
id _1 ; name 5<<1000 ; whitespace "" ; prepunctuation "" ; 
Word: 
()
id _2 ; name cinc ; pos_index 8 ; pos_index_score 0 ; pos DN ; pbreak NB ; 
id _3 ; name molt ; pos_index 40 ; pos_index_score 0 ; pos RG ; pbreak NB ; 
id _4 ; name menor ; pos_index 1 ; pos_index_score 0 ; pos AQ ; pbreak NB ; 
id _5 ; name que ; pos_index 3 ; pos_index_score 0 ; pos CS ; pbreak NB ; 
id _6 ; name mil ; pos_index 30 ; pos_index_score 0 ; pos NC ; pbreak BB ; 

Frase: <<prova>>
Token: 
()
id _1 ; name <<prova>> ; whitespace "" ; prepunctuation "" ; 
Word: 
()
id _2 ; name prova ; pos_index 30 ; pos_index_score 0 ; pos NC ; pbreak BB ; 

Frase: d'una
Token: 
()
id _1 ; name d'una ; whitespace "" ; prepunctuation "" ; 
Word: 
()
id _2 ; name d' ; pos_index 42 ; pos_index_score 0 ; pos SP ; pbreak NB ; 
id _3 ; name una ; pos_index 7 ; pos_index_score 0 ; pos DI ; pbreak BB ; 

Frase: cantar-li-ho
Token: 
()
id _1 ; name cantar-li-ho ; whitespace "" ; prepunctuation "" ; 
Word: 
()
id _2 ; name cantar ; pos_index 53 ; pos_index_score 0 ; pos VMN ; pbreak NB ; 
id _3 ; name -li ; pos_index 36 ; pos_index_score 0 ; pos PP ; pbreak NB ; 
id _4 ; name -ho ; pos_index 36 ; pos_index_score 0 ; pos PP ; pbreak BB ; 

Frase: n'optaria
Token: 
()
id _1 ; name n'optaria ; whitespace "" ; prepunctuation "" ; 
Word: 
()
id _2 ; name n' ; pos_index 36 ; pos_index_score 0 ; pos PP ; pbreak NB ; 
id _3 ; name optaria ; pos_index 51 ; pos_index_score 0 ; pos VMI ; pbreak BB ; 

Frase: plasmeu-me-la
Token: 
()
id _1 ; name plasmeu-me-la ; whitespace "" ; prepunctuation "" ; 
Word: 
()
id _2 ; name plasmeu ; pos_index 52 ; pos_index_score 0 ; pos VMM ; pbreak NB ; 
id _3 ; name -me ; pos_index 32 ; pos_index_score 0 ; pos P0 ; pbreak NB ; 
id _4 ; name -la ; pos_index 36 ; pos_index_score 0 ; pos PP ; pbreak BB ; 

Frase: XVI
Token: 
()
id _1 ; name XVI ; whitespace "" ; prepunctuation "" ; token_pos letter ; 
Word: 
()
id _2 ; name setze ; pos_index 8 ; pos_index_score 0 ; pos DN ; pbreak BB ; 

Frase: s XX
Token: 
()
id _1 ; name s ; whitespace "" ; prepunctuation "" ; 
id _2 ; name XX ; whitespace " " ; prepunctuation "" ; token_pos letter ; 
Word: 
()
id _3 ; name segle ; pos_index 30 ; pos_index_score 0 ; pos NC ; pbreak NB ; 
id _4 ; name vint ; pos_index 63 ; pos_index_score 0 ; pos Z ; pbreak BB ; 

Frase: s IV aC
Token: 
()
id _1 ; name s ; whitespace "" ; prepunctuation "" ; 
id _2 ; name IV ; whitespace " " ; prepunctuation "" ; token_pos letter ; 
id _3 ; name aC ; whitespace " " ; prepunctuation "" ; 
Word: 
()
id _4 ; name segle ; pos_index 30 ; pos_index_score 0 ; pos NC ; pbreak NB ; 
id _5 ; name quatre ; pos_index 35 ; pos_index_score 0 ; pos PN ; pbreak NB ; 
id _6 ; name abans ; pos_index 40 ; pos_index_score 0 ; pos RG ; pbreak NB ; 
id _7 ; name de ; pos_index 42 ; pos_index_score 0 ; pos SP ; pbreak NB ; 
id _8 ; name Crist ; pos_index 4 ; pos_index_score 0 ; pos DA ; pbreak BB ; 

Frase: s X dC
Token: 
()
id _1 ; name s ; whitespace "" ; prepunctuation "" ; 
id _2 ; name X ; whitespace " " ; prepunctuation "" ; token_pos letter ; 
id _3 ; name dC ; whitespace " " ; prepunctuation "" ; 
Word: 
()
id _4 ; name segle ; pos_index 30 ; pos_index_score 0 ; pos NC ; pbreak NB ; 
id _5 ; name deu ; pos_index 51 ; pos_index_score 0 ; pos VMI ; pbreak NB ; 
id _6 ; name després ; pos_index 40 ; pos_index_score 0 ; pos RG ; pbreak NB ; 
id _7 ; name de ; pos_index 42 ; pos_index_score 0 ; pos SP ; pbreak NB ; 
id _8 ; name Crist ; pos_index 4 ; pos_index_score 0 ; pos DA ; pbreak BB ; 

Frase: telf. 93-23454323
Token: 
()
id _1 ; name telf ; punc . ; whitespace "" ; prepunctuation "" ; 
id _2 ; name 93-23454323 ; whitespace " " ; prepunctuation "" ; 
Word: 
()
id _3 ; name telèfon ; pos_index 31 ; pos_index_score 0 ; pos NP ; pbreak BB ; 
id _4 ; name nou ; pos_index 51 ; pos_index_score 0 ; pos VMI ; pbreak NB ; 
id _5 ; name tres ; pos_index 8 ; pos_index_score 0 ; pos DN ; pbreak NB ; 
id _6 ; name guió ; pos_index 30 ; pos_index_score 0 ; pos NC ; pbreak NB ; 
id _7 ; name dos ; pos_index 51 ; pos_index_score 0 ; pos VMI ; pbreak NB ; 
id _8 ; name tres ; pos_index 62 ; pos_index_score 0 ; pos W ; pbreak NB ; 
id _9 ; name quatre ; pos_index 8 ; pos_index_score 0 ; pos DN ; pbreak NB ; 
id _10 ; name cinc ; pos_index 8 ; pos_index_score 0 ; pos DN ; pbreak NB ; 
id _11 ; name quatre ; pos_index 8 ; pos_index_score 0 ; pos DN ; pbreak NB ; 
id _12 ; name tres ; pos_index 8 ; pos_index_score 0 ; pos DN ; pbreak NB ; 
id _13 ; name dos ; pos_index 8 ; pos_index_score 0 ; pos DN ; pbreak NB ; 
id _14 ; name tres ; pos_index 8 ; pos_index_score 0 ; pos DN ; pbreak BB ; 

Frase: st. Marc
Token: 
()
id _1 ; name st ; punc . ; whitespace "" ; prepunctuation "" ; token_pos title ; 
id _2 ; name Marc ; whitespace " " ; prepunctuation "" ; 
Word: 
()
id _3 ; name sant ; pos_index 1 ; pos_index_score 0 ; pos AQ ; pbreak BB ; 
id _4 ; name Marc ; pos_index 30 ; pos_index_score 0 ; pos NC ; pbreak BB ; 

Frase: peres i/o pomes
Token: 
()
id _1 ; name peres ; whitespace "" ; prepunctuation "" ; 
id _2 ; name i/o ; whitespace " " ; prepunctuation "" ; 
id _3 ; name pomes ; whitespace " " ; prepunctuation "" ; 
Word: 
()
id _4 ; name peres ; pos_index 30 ; pos_index_score 0 ; pos NC ; pbreak NB ; 
id _5 ; name i ; pos_index 2 ; pos_index_score 0 ; pos CC ; pbreak NB ; 
id _6 ; name o ; pos_index 30 ; pos_index_score 0 ; pos NC ; pbreak NB ; 
id _7 ; name pomes ; pos_index 30 ; pos_index_score 0 ; pos NC ; pbreak BB ; 

Frase: C. Violant
Token: 
()
id _1 ; name C ; punc "" ; whitespace "" ; prepunctuation "" ; 
id _2 ; name Violant ; whitespace " " ; prepunctuation "" ; 
Word: 
()
id _3 ; name carrer ; pos_index 30 ; pos_index_score 0 ; pos NC ; pbreak NB ; 
id _4 ; name Violant ; pos_index 31 ; pos_index_score 0 ; pos NP ; pbreak BB ; 

Frase: C/ Violant
Token: 
()
id _1 ; name C/ ; whitespace "" ; prepunctuation "" ; 
id _2 ; name Violant ; whitespace " " ; prepunctuation "" ; 
Word: 
()
id _3 ; name carrer ; pos_index 30 ; pos_index_score 0 ; pos NC ; pbreak NB ; 
id _4 ; name Violant ; pos_index 31 ; pos_index_score 0 ; pos NP ; pbreak BB ; 

Frase: C* Violant
Token: 
()
id _1 ; name C* ; whitespace "" ; prepunctuation "" ; 
id _2 ; name Violant ; whitespace " " ; prepunctuation "" ; 
Word: 
()
id _3 ; name #c ; pos_index 4 ; pos_index_score 0 ; pos DA ; pbreak NB ; 
id _4 ; name asterisc ; pos_index 30 ; pos_index_score 0 ; pos NC ; pbreak NB ; 
id _5 ; name Violant ; pos_index 31 ; pos_index_score 0 ; pos NP ; pbreak BB ; 

Frase: Av Xile
Token: 
()
id _1 ; name Av ; whitespace "" ; prepunctuation "" ; 
id _2 ; name Xile ; whitespace " " ; prepunctuation "" ; 
Word: 
()
id _3 ; name avinguda ; pos_index 30 ; pos_index_score 0 ; pos NC ; pbreak NB ; 
id _4 ; name Xile ; pos_index 31 ; pos_index_score 0 ; pos NP ; pbreak BB ; 

Frase: Pg Xile
Token: 
()
id _1 ; name Pg ; whitespace "" ; prepunctuation "" ; 
id _2 ; name Xile ; whitespace " " ; prepunctuation "" ; 
Word: 
()
id _3 ; name passeig ; pos_index 30 ; pos_index_score 0 ; pos NC ; pbreak NB ; 
id _4 ; name Xile ; pos_index 31 ; pos_index_score 0 ; pos NP ; pbreak BB ; 

Frase: Pl Catalunya
Token: 
()
id _1 ; name Pl ; whitespace "" ; prepunctuation "" ; 
id _2 ; name Catalunya ; whitespace " " ; prepunctuation "" ; 
Word: 
()
id _3 ; name plaça ; pos_index 30 ; pos_index_score 0 ; pos NC ; pbreak NB ; 
id _4 ; name Catalunya ; pos_index 31 ; pos_index_score 0 ; pos NP ; pbreak BB ; 

Frase: pr 1a
Token: 
()
id _1 ; name pr ; whitespace "" ; prepunctuation "" ; 
id _2 ; name 1a ; whitespace " " ; prepunctuation "" ; 
Word: 
()
id _3 ; name principal ; pos_index 1 ; pos_index_score 0 ; pos AQ ; pbreak NB ; 
id _4 ; name primera ; pos_index 0 ; pos_index_score 0 ; pos AO ; pbreak BB ; 

Frase: esc B
Token: 
()
id _1 ; name esc ; whitespace "" ; prepunctuation "" ; 
id _2 ; name B ; whitespace " " ; prepunctuation "" ; 
Word: 
()
id _3 ; name escala ; pos_index 30 ; pos_index_score 0 ; pos NC ; pbreak NB ; 
id _4 ; name #b ; pos_index 42 ; pos_index_score 0 ; pos SP ; pbreak BB ; 

Frase: 2kg de pomes
Token: 
()
id _1 ; name 2kg ; whitespace "" ; prepunctuation "" ; 
id _2 ; name de ; whitespace " " ; prepunctuation "" ; 
id _3 ; name pomes ; whitespace " " ; prepunctuation "" ; 
Word: 
()
id _4 ; name dos ; pos_index 8 ; pos_index_score 0 ; pos DN ; pbreak NB ; 
id _5 ; name quilograms ; pos_index 30 ; pos_index_score 0 ; pos NC ; pbreak NB ; 
id _6 ; name de ; pos_index 42 ; pos_index_score 0 ; pos SP ; pbreak NB ; 
id _7 ; name pomes ; pos_index 30 ; pos_index_score 0 ; pos NC ; pbreak BB ; 

Frase: Sidney'02
Token: 
()
id _1 ; name Sidney'02 ; whitespace "" ; prepunctuation "" ; 
Word: 
()
id _2 ; name Sidney ; pos_index 31 ; pos_index_score 0 ; pos NP ; pbreak NB ; 
id _3 ; name zero ; pos_index 8 ; pos_index_score 0 ; pos DN ; pbreak NB ; 
id _4 ; name dos ; pos_index 30 ; pos_index_score 0 ; pos NC ; pbreak BB ; 

Frase: Barcelona-92
Token: 
()
id _1 ; name Barcelona-92 ; whitespace "" ; prepunctuation "" ; 
Word: 
()
id _2 ; name Barcelona ; pos_index 31 ; pos_index_score 0 ; pos NP ; pbreak NB ; 
id _3 ; name noranta-dos ; pos_index 42 ; pos_index_score 0 ; pos SP ; pbreak BB ; 

Frase: Sevilla92
Token: 
()
id _1 ; name Sevilla92 ; whitespace "" ; prepunctuation "" ; 
Word: 
()
id _2 ; name Sevilla ; pos_index 31 ; pos_index_score 0 ; pos NP ; pbreak NB ; 
id _3 ; name noranta-dos ; pos_index 42 ; pos_index_score 0 ; pos SP ; pbreak BB ; 

Frase: ================
Token: 
()
id _1 ; name ================ ; whitespace "" ; prepunctuation "" ; 
Word: 
()
id _2 ; name ratlla ; pos_index 30 ; pos_index_score 0 ; pos NC ; pbreak NB ; 
id _3 ; name d' ; pos_index 42 ; pos_index_score 0 ; pos SP ; pbreak NB ; 
id _4 ; name iguals ; pos_index 30 ; pos_index_score 0 ; pos NC ; pbreak BB ; 

Frase: ------------------
Token: 
()
id _1 ; name ------------------ ; whitespace "" ; prepunctuation "" ; 
Word: 
()
id _2 ; name ratlla ; pos_index 30 ; pos_index_score 0 ; pos NC ; pbreak NB ; 
id _3 ; name de ; pos_index 42 ; pos_index_score 0 ; pos SP ; pbreak NB ; 
id _4 ; name guions ; pos_index 30 ; pos_index_score 0 ; pos NC ; pbreak BB ; 

Frase: **************
Token: 
()
id _1 ; name ************** ; whitespace "" ; prepunctuation "" ; 
Word: 
()
id _2 ; name ratlla ; pos_index 30 ; pos_index_score 0 ; pos NC ; pbreak NB ; 
id _3 ; name d' ; pos_index 42 ; pos_index_score 0 ; pos SP ; pbreak NB ; 
id _4 ; name asteriscs ; pos_index 30 ; pos_index_score 0 ; pos NC ; pbreak BB ; 

Frase: ################
Token: 
()
id _1 ; name ################ ; whitespace "" ; prepunctuation "" ; 
Word: 
()
id _2 ; name ratlla ; pos_index 30 ; pos_index_score 0 ; pos NC ; pbreak NB ; 
id _3 ; name de ; pos_index 42 ; pos_index_score 0 ; pos SP ; pbreak NB ; 
id _4 ; name coixinets ; pos_index 30 ; pos_index_score 0 ; pos NC ; pbreak BB ; 

Frase: camisa20
Token: 
()
id _1 ; name camisa20 ; whitespace "" ; prepunctuation "" ; 
Word: 
()
id _2 ; name camisa ; pos_index 30 ; pos_index_score 0 ; pos NC ; pbreak NB ; 
id _3 ; name vint ; pos_index 63 ; pos_index_score 0 ; pos Z ; pbreak BB ; 

Frase: 20camisa
Token: 
()
id _1 ; name 20camisa ; whitespace "" ; prepunctuation "" ; 
Word: 
()
id _2 ; name vint ; pos_index 8 ; pos_index_score 0 ; pos DN ; pbreak NB ; 
id _3 ; name camisa ; pos_index 30 ; pos_index_score 0 ; pos NC ; pbreak BB ; 

Frase: 10camisa20
Token: 
()
id _1 ; name 10camisa20 ; whitespace "" ; prepunctuation "" ; 
Word: 
()
id _2 ; name deu ; pos_index 35 ; pos_index_score 0 ; pos PN ; pbreak NB ; 
id _3 ; name camisa ; pos_index 30 ; pos_index_score 0 ; pos NC ; pbreak NB ; 
id _4 ; name vint ; pos_index 63 ; pos_index_score 0 ; pos Z ; pbreak BB ; 

Frase: camisa10samarreta
Token: 
()
id _1 ; name camisa10samarreta ; whitespace "" ; prepunctuation "" ; 
Word: 
()
id _2 ; name camisa ; pos_index 30 ; pos_index_score 0 ; pos NC ; pbreak NB ; 
id _3 ; name deu ; pos_index 8 ; pos_index_score 0 ; pos DN ; pbreak NB ; 
id _4 ; name samarreta ; pos_index 30 ; pos_index_score 0 ; pos NC ; pbreak BB ; 

Frase: #z
Token: 
()
id _1 ; name #z ; whitespace "" ; prepunctuation "" ; 
Word: 
()
id _2 ; name #z ; pos_index 0 ; pos_index_score 0 ; pos AO ; pbreak BB ; 

Frase: wtf
Token: 
()
id _1 ; name wtf ; whitespace "" ; prepunctuation "" ; 
Word: 
()
id _2 ; name #w ; pos_index 60 ; pos_index_score 0 ; pos VSP ; pbreak NB ; 
id _3 ; name #t ; pos_index 54 ; pos_index_score 0 ; pos VMP ; pbreak NB ; 
id _4 ; name #f ; pos_index 42 ; pos_index_score 0 ; pos SP ; pbreak BB ; 

Frase: .
Token: 
()
id _1 ; name . ; whitespace "" ; prepunctuation "" ; 
Word: 
()
id _2 ; name punt ; pos_index 30 ; pos_index_score 0 ; pos NC ; pbreak BB ; 

Frase: ,
Token: 
()
id _1 ; name , ; whitespace "" ; prepunctuation "" ; 
Word: 
()
id _2 ; name coma ; pos_index 30 ; pos_index_score 0 ; pos NC ; pbreak BB ; 

Frase: com_això_que_també-es-pot#pronunciar
Token: 
()
id _1 ; name com_això_que_també-es-pot#pronunciar ; whitespace "" ; prepunctuation "" ; 
Word: 
()
id _2 ; name com ; pos_index 3 ; pos_index_score 0 ; pos CS ; pbreak NB ; 
id _3 ; name això ; pos_index 33 ; pos_index_score 0 ; pos PD ; pbreak NB ; 
id _4 ; name que ; pos_index 37 ; pos_index_score 0 ; pos PR ; pbreak NB ; 
id _5 ; name #t ; pos_index 51 ; pos_index_score 0 ; pos VMI ; pbreak NB ; 
id _6 ; name #a ; pos_index 4 ; pos_index_score 0 ; pos DA ; pbreak NB ; 
id _7 ; name #m ; pos_index 30 ; pos_index_score 0 ; pos NC ; pbreak NB ; 
id _8 ; name #b ; pos_index 42 ; pos_index_score 0 ; pos SP ; pbreak NB ; 
id _9 ; name #e ; pos_index 4 ; pos_index_score 0 ; pos DA ; pbreak NB ; 
id _10 ; name guió ; pos_index 30 ; pos_index_score 0 ; pos NC ; pbreak NB ; 
id _11 ; name #e ; pos_index 42 ; pos_index_score 0 ; pos SP ; pbreak NB ; 
id _12 ; name #s ; pos_index 4 ; pos_index_score 0 ; pos DA ; pbreak NB ; 
id _13 ; name guió ; pos_index 30 ; pos_index_score 0 ; pos NC ; pbreak NB ; 
id _14 ; name #p ; pos_index 42 ; pos_index_score 0 ; pos SP ; pbreak NB ; 
id _15 ; name #o ; pos_index 30 ; pos_index_score 0 ; pos NC ; pbreak NB ; 
id _16 ; name #t ; pos_index 42 ; pos_index_score 0 ; pos SP ; pbreak NB ; 
id _17 ; name pronunciar ; pos_index 53 ; pos_index_score 0 ; pos VMN ; pbreak BB ; 

Frase: Bon dia, amics.
Token: 
()
id _1 ; name Bon ; whitespace "" ; prepunctuation "" ; 
id _2 ; name dia ; punc , ; whitespace " " ; prepunctuation "" ; 
id _3 ; name amics ; punc . ; whitespace " " ; prepunctuation "" ; 
Word: 
()
id _4 ; name Bon ; pos_index 1 ; pos_index_score 0 ; pos AQ ; pbreak NB ; 
id _5 ; name dia ; pos_index 30 ; pos_index_score 0 ; pos NC ; pbreak B ; 
id _6 ; name amics ; pos_index 1 ; pos_index_score 0 ; pos AQ ; pbreak BB ; 

Frase: Bon dia,amics.
Token: 
()
id _1 ; name Bon ; whitespace "" ; prepunctuation "" ; 
id _2 ; name dia ; punc , ; whitespace " " ; prepunctuation "" ; 
id _4 ; name amics ; punc . ; 
Word: 
()
id _3 ; name Bon ; pos_index 1 ; pos_index_score 0 ; pos AQ ; pbreak NB ; 
id _5 ; name dia ; pos_index 30 ; pos_index_score 0 ; pos NC ; pbreak B ; 
id _6 ; name amics ; pos_index 1 ; pos_index_score 0 ; pos AQ ; pbreak BB ; 

Frase: Bon dia ,amics.
Token: 
()
id _1 ; name Bon ; whitespace "" ; prepunctuation "" ; 
id _2 ; name dia ; whitespace " " ; prepunctuation "" ; punc , ; 
id _3 ; name amics ; punc . ; whitespace " " ; prepunctuation "" ; 
Word: 
()
id _4 ; name Bon ; pos_index 1 ; pos_index_score 0 ; pos AQ ; pbreak NB ; 
id _5 ; name dia ; pos_index 30 ; pos_index_score 0 ; pos NC ; pbreak B ; 
id _6 ; name amics ; pos_index 1 ; pos_index_score 0 ; pos AQ ; pbreak BB ; 

Frase: Bon dia , amics.
Token: 
()
id _1 ; name Bon ; whitespace "" ; prepunctuation "" ; 
id _2 ; name dia ; whitespace " " ; prepunctuation "" ; 
id _3 ; name , ; whitespace " " ; prepunctuation "" ; 
id _4 ; name amics ; punc . ; whitespace " " ; prepunctuation "" ; 
Word: 
()
id _5 ; name Bon ; pos_index 1 ; pos_index_score 0 ; pos AQ ; pbreak NB ; 
id _6 ; name dia ; pos_index 30 ; pos_index_score 0 ; pos NC ; pbreak NB ; 
id _7 ; name coma ; pos_index 51 ; pos_index_score 0 ; pos VMI ; pbreak NB ; 
id _8 ; name amics ; pos_index 30 ; pos_index_score 0 ; pos NC ; pbreak BB ; 

Frase: Era gran. Molt gran.
Token: 
()
id _1 ; name Era ; whitespace "" ; prepunctuation "" ; 
id _2 ; name gran ; punc . ; whitespace " " ; prepunctuation "" ; 
id _3 ; name Molt ; whitespace " " ; prepunctuation "" ; 
id _4 ; name gran ; punc . ; whitespace " " ; prepunctuation "" ; 
Word: 
()
id _5 ; name Era ; pos_index 57 ; pos_index_score 0 ; pos VSI ; pbreak NB ; 
id _6 ; name gran ; pos_index 1 ; pos_index_score 0 ; pos AQ ; pbreak BB ; 
id _7 ; name Molt ; pos_index 40 ; pos_index_score 0 ; pos RG ; pbreak NB ; 
id _8 ; name gran ; pos_index 1 ; pos_index_score 0 ; pos AQ ; pbreak BB ; 

Frase: Era gran.Molt gran.
Token: 
()
id _1 ; name Era ; whitespace "" ; prepunctuation "" ; 
id _2 ; name gran ; whitespace " " ; prepunctuation "" ; punc . ; 
id _5 ; name Molt ; punc "" ; 
id _3 ; name gran ; punc . ; whitespace " " ; prepunctuation "" ; 
Word: 
()
id _4 ; name Era ; pos_index 57 ; pos_index_score 0 ; pos VSI ; pbreak NB ; 
id _6 ; name gran ; pos_index 1 ; pos_index_score 0 ; pos AQ ; pbreak BB ; 
id _7 ; name Molt ; pos_index 40 ; pos_index_score 0 ; pos RG ; pbreak NB ; 
id _8 ; name gran ; pos_index 1 ; pos_index_score 0 ; pos AQ ; pbreak BB ; 

Frase: Era gran .Molt gran.
Token: 
()
id _1 ; name Era ; whitespace "" ; prepunctuation "" ; 
id _2 ; name gran ; whitespace " " ; prepunctuation "" ; punc . ; 
id _3 ; name Molt ; whitespace " " ; prepunctuation "" ; punc "" ; 
id _4 ; name gran ; punc . ; whitespace " " ; prepunctuation "" ; 
Word: 
()
id _5 ; name Era ; pos_index 57 ; pos_index_score 0 ; pos VSI ; pbreak NB ; 
id _6 ; name gran ; pos_index 1 ; pos_index_score 0 ; pos AQ ; pbreak BB ; 
id _7 ; name Molt ; pos_index 40 ; pos_index_score 0 ; pos RG ; pbreak NB ; 
id _8 ; name gran ; pos_index 1 ; pos_index_score 0 ; pos AQ ; pbreak BB ; 

Frase: Era gran . Molt gran.
Token: 
()
id _1 ; name Era ; whitespace "" ; prepunctuation "" ; 
id _2 ; name gran ; whitespace " " ; prepunctuation "" ; 
id _3 ; name . ; whitespace " " ; prepunctuation "" ; 
id _4 ; name Molt ; whitespace " " ; prepunctuation "" ; 
id _5 ; name gran ; punc . ; whitespace " " ; prepunctuation "" ; 
Word: 
()
id _6 ; name Era ; pos_index 57 ; pos_index_score 0 ; pos VSI ; pbreak NB ; 
id _7 ; name gran ; pos_index 1 ; pos_index_score 0 ; pos AQ ; pbreak NB ; 
id _8 ; name punt ; pos_index 30 ; pos_index_score 0 ; pos NC ; pbreak NB ; 
id _9 ; name Molt ; pos_index 40 ; pos_index_score 0 ; pos RG ; pbreak NB ; 
id _10 ; name gran ; pos_index 1 ; pos_index_score 0 ; pos AQ ; pbreak BB ; 

Frase: Qui menja; jo no.
Token: 
()
id _1 ; name Qui ; whitespace "" ; prepunctuation "" ; 
id _2 ; name menja ; punc ";" ; whitespace " " ; prepunctuation "" ; 
id _3 ; name jo ; whitespace " " ; prepunctuation "" ; 
id _4 ; name no ; punc . ; whitespace " " ; prepunctuation "" ; 
Word: 
()
id _5 ; name Qui ; pos_index 37 ; pos_index_score 0 ; pos PR ; pbreak NB ; 
id _6 ; name menja ; pos_index 51 ; pos_index_score 0 ; pos VMI ; pbreak BB ; 
id _7 ; name jo ; pos_index 30 ; pos_index_score 0 ; pos NC ; pbreak NB ; 
id _8 ; name no ; pos_index 41 ; pos_index_score 0 ; pos RN ; pbreak BB ; 

Frase: Qui menja;jo no.
Token: 
()
id _1 ; name Qui ; whitespace "" ; prepunctuation "" ; 
id _2 ; name menja ; whitespace " " ; prepunctuation "" ; punc ";" ; 
id _5 ; name jo ; punc "" ; 
id _3 ; name no ; punc . ; whitespace " " ; prepunctuation "" ; 
Word: 
()
id _4 ; name Qui ; pos_index 37 ; pos_index_score 0 ; pos PR ; pbreak NB ; 
id _6 ; name menja ; pos_index 51 ; pos_index_score 0 ; pos VMI ; pbreak BB ; 
id _7 ; name jo ; pos_index 30 ; pos_index_score 0 ; pos NC ; pbreak NB ; 
id _8 ; name no ; pos_index 41 ; pos_index_score 0 ; pos RN ; pbreak BB ; 

Frase: Qui menja ;jo no.
Token: 
()
id _1 ; name Qui ; whitespace "" ; prepunctuation "" ; 
id _2 ; name menja ; whitespace " " ; prepunctuation "" ; punc ";" ; 
id _3 ; name jo ; whitespace " " ; prepunctuation "" ; punc "" ; 
id _4 ; name no ; punc . ; whitespace " " ; prepunctuation "" ; 
Word: 
()
id _5 ; name Qui ; pos_index 37 ; pos_index_score 0 ; pos PR ; pbreak NB ; 
id _6 ; name menja ; pos_index 51 ; pos_index_score 0 ; pos VMI ; pbreak BB ; 
id _7 ; name jo ; pos_index 30 ; pos_index_score 0 ; pos NC ; pbreak NB ; 
id _8 ; name no ; pos_index 41 ; pos_index_score 0 ; pos RN ; pbreak BB ; 

Frase: Qui menja ; jo no.
Token: 
()
id _1 ; name Qui ; whitespace "" ; prepunctuation "" ; 
id _2 ; name menja ; whitespace " " ; prepunctuation "" ; 
id _3 ; name ";" ; whitespace " " ; prepunctuation "" ; 
id _4 ; name jo ; whitespace " " ; prepunctuation "" ; 
id _5 ; name no ; punc . ; whitespace " " ; prepunctuation "" ; 
Word: 
()
id _6 ; name Qui ; pos_index 37 ; pos_index_score 0 ; pos PR ; pbreak NB ; 
id _7 ; name menja ; pos_index 51 ; pos_index_score 0 ; pos VMI ; pbreak NB ; 
id _8 ; name punt ; pos_index 30 ; pos_index_score 0 ; pos NC ; pbreak NB ; 
id _9 ; name i ; pos_index 2 ; pos_index_score 0 ; pos CC ; pbreak NB ; 
id _10 ; name coma ; pos_index 30 ; pos_index_score 0 ; pos NC ; pbreak NB ; 
id _11 ; name jo ; pos_index 30 ; pos_index_score 0 ; pos NC ; pbreak NB ; 
id _12 ; name no ; pos_index 41 ; pos_index_score 0 ; pos RN ; pbreak BB ; 

Frase: Menja pomes i peres... altres fruites no.
Token: 
()
id _1 ; name Menja ; whitespace "" ; prepunctuation "" ; 
id _2 ; name pomes ; whitespace " " ; prepunctuation "" ; 
id _3 ; name i ; whitespace " " ; prepunctuation "" ; 
id _4 ; name peres ; punc ... ; whitespace " " ; prepunctuation "" ; 
id _5 ; name altres ; whitespace " " ; prepunctuation "" ; 
id _6 ; name fruites ; whitespace " " ; prepunctuation "" ; 
id _7 ; name no ; punc . ; whitespace " " ; prepunctuation "" ; 
Word: 
()
id _8 ; name Menja ; pos_index 52 ; pos_index_score 0 ; pos VMM ; pbreak NB ; 
id _9 ; name pomes ; pos_index 30 ; pos_index_score 0 ; pos NC ; pbreak NB ; 
id _10 ; name i ; pos_index 2 ; pos_index_score 0 ; pos CC ; pbreak NB ; 
id _11 ; name peres ; pos_index 30 ; pos_index_score 0 ; pos NC ; pbreak BB ; 
id _12 ; name altres ; pos_index 7 ; pos_index_score 0 ; pos DI ; pbreak NB ; 
id _13 ; name fruites ; pos_index 30 ; pos_index_score 0 ; pos NC ; pbreak NB ; 
id _14 ; name no ; pos_index 41 ; pos_index_score 0 ; pos RN ; pbreak BB ; 

Frase: Menja pomes i peres ...altres fruites no.
Token: 
()
id _1 ; name Menja ; whitespace "" ; prepunctuation "" ; 
id _2 ; name pomes ; whitespace " " ; prepunctuation "" ; 
id _3 ; name i ; whitespace " " ; prepunctuation "" ; 
id _4 ; name peres ; whitespace " " ; prepunctuation "" ; punc ... ; 
id _5 ; name altres ; whitespace " " ; prepunctuation "" ; punc "" ; 
id _6 ; name fruites ; whitespace " " ; prepunctuation "" ; 
id _7 ; name no ; punc . ; whitespace " " ; prepunctuation "" ; 
Word: 
()
id _8 ; name Menja ; pos_index 52 ; pos_index_score 0 ; pos VMM ; pbreak NB ; 
id _9 ; name pomes ; pos_index 30 ; pos_index_score 0 ; pos NC ; pbreak NB ; 
id _10 ; name i ; pos_index 2 ; pos_index_score 0 ; pos CC ; pbreak NB ; 
id _11 ; name peres ; pos_index 30 ; pos_index_score 0 ; pos NC ; pbreak BB ; 
id _12 ; name altres ; pos_index 7 ; pos_index_score 0 ; pos DI ; pbreak NB ; 
id _13 ; name fruites ; pos_index 30 ; pos_index_score 0 ; pos NC ; pbreak NB ; 
id _14 ; name no ; pos_index 41 ; pos_index_score 0 ; pos RN ; pbreak BB ; 

Frase: ¬
Token: 
()
id _1 ; name ¬ ; whitespace "" ; prepunctuation "" ; 
Word: 
()

Frase: poma
Token: 
()
id _1 ; name poma ; whitespace "" ; prepunctuation "" ; 
Word: 
()
id _2 ; name poma ; pos_index 30 ; pos_index_score 0 ; pos NC ; pbreak BB ; 

Frase: host
Token: 
()
id _1 ; name host ; whitespace "" ; prepunctuation "" ; 
Word: 
()
id _2 ; name host ; pos_index 30 ; pos_index_score 0 ; pos NC ; pbreak BB ; 

Frase: 
Token: 
()
Word: 
()

