Token: 
()
id _1 ; name Bon ; whitespace "" ; prepunctuation "" ; 
id _2 ; name dia ; punc , ; whitespace " " ; prepunctuation "" ; 
id _3 ; name amics ; punc . ; whitespace " " ; prepunctuation "" ; 
id _4 ; name Bon ; whitespace "

" ; prepunctuation "" ; 
id _5 ; name dia ; punc , ; whitespace " " ; prepunctuation "" ; 
id _56 ; name amics ; punc . ; 
id _6 ; name Bon ; whitespace "

" ; prepunctuation "" ; 
id _7 ; name dia ; whitespace " " ; prepunctuation "" ; punc , ; 
id _8 ; name amics ; punc . ; whitespace " " ; prepunctuation "" ; 
id _9 ; name Bon ; whitespace "

" ; prepunctuation "" ; 
id _10 ; name dia ; whitespace " " ; prepunctuation "" ; 
id _11 ; name , ; whitespace " " ; prepunctuation "" ; 
id _12 ; name amics ; punc . ; whitespace " " ; prepunctuation "" ; 
id _13 ; name Era ; whitespace "


" ; prepunctuation "" ; 
id _14 ; name gran ; punc . ; whitespace " " ; prepunctuation "" ; 
id _15 ; name Molt ; whitespace " " ; prepunctuation "" ; 
id _16 ; name gran ; punc . ; whitespace " " ; prepunctuation "" ; 
id _17 ; name Era ; whitespace "

" ; prepunctuation "" ; 
id _18 ; name gran ; whitespace " " ; prepunctuation "" ; punc . ; 
id _71 ; name Molt ; punc "" ; 
id _19 ; name gran ; punc . ; whitespace " " ; prepunctuation "" ; 
id _20 ; name Era ; whitespace "

" ; prepunctuation "" ; 
id _21 ; name gran ; whitespace " " ; prepunctuation "" ; punc . ; 
id _22 ; name Molt ; whitespace " " ; prepunctuation "" ; punc "" ; 
id _23 ; name gran ; punc . ; whitespace " " ; prepunctuation "" ; 
id _24 ; name Era ; whitespace "

" ; prepunctuation "" ; 
id _25 ; name gran ; whitespace " " ; prepunctuation "" ; 
id _26 ; name . ; whitespace " " ; prepunctuation "" ; 
id _27 ; name Molt ; whitespace " " ; prepunctuation "" ; 
id _28 ; name gran ; punc . ; whitespace " " ; prepunctuation "" ; 
id _29 ; name www.talp.cat ; whitespace "

" ; prepunctuation "" ; 
id _30 ; name festcat.talp.cat ; whitespace "

" ; prepunctuation "" ; 
id _31 ; name "1.234" ; whitespace "

" ; prepunctuation "" ; 
id _32 ; name 1,234 ; whitespace "

" ; prepunctuation "" ; 
id _33 ; name 1.234.234,234 ; whitespace "

" ; prepunctuation "" ; 
id _34 ; name 53,8% ; whitespace "

" ; prepunctuation "" ; 
id _35 ; name 9.100% ; whitespace "

" ; prepunctuation "" ; 
id _36 ; name Qui ; whitespace "

" ; prepunctuation "" ; 
id _37 ; name menja ; punc ";" ; whitespace " " ; prepunctuation "" ; 
id _38 ; name jo ; whitespace " " ; prepunctuation "" ; 
id _39 ; name no ; punc . ; whitespace " " ; prepunctuation "" ; 
id _40 ; name Qui ; whitespace "

" ; prepunctuation "" ; 
id _41 ; name menja ; whitespace " " ; prepunctuation "" ; punc ";" ; 
id _127 ; name jo ; punc "" ; 
id _42 ; name no ; punc . ; whitespace " " ; prepunctuation "" ; 
id _43 ; name Qui ; whitespace "

" ; prepunctuation "" ; 
id _44 ; name menja ; whitespace " " ; prepunctuation "" ; punc ";" ; 
id _45 ; name jo ; whitespace " " ; prepunctuation "" ; punc "" ; 
id _46 ; name no ; punc . ; whitespace " " ; prepunctuation "" ; 
id _47 ; name Qui ; whitespace "

" ; prepunctuation "" ; 
id _48 ; name menja ; whitespace " " ; prepunctuation "" ; 
id _49 ; name ";" ; whitespace " " ; prepunctuation "" ; 
id _50 ; name jo ; whitespace " " ; prepunctuation "" ; 
id _51 ; name no ; punc . ; whitespace " " ; prepunctuation "" ; 
Word: 
()
id _52 ; name Bon ; pos_index 1 ; pos_index_score 0 ; pos AQ ; pbreak NB ; 
id _53 ; name dia ; pos_index 30 ; pos_index_score 0 ; pos NC ; pbreak B ; 
id _54 ; name amics ; pos_index 1 ; pos_index_score 0 ; pos AQ ; pbreak BB ; 
id _55 ; name Bon ; pos_index 1 ; pos_index_score 0 ; pos AQ ; pbreak NB ; 
id _57 ; name dia ; pos_index 30 ; pos_index_score 0 ; pos NC ; pbreak B ; 
id _58 ; name amics ; pos_index 1 ; pos_index_score 0 ; pos AQ ; pbreak BB ; 
id _59 ; name Bon ; pos_index 1 ; pos_index_score 0 ; pos AQ ; pbreak NB ; 
id _60 ; name dia ; pos_index 30 ; pos_index_score 0 ; pos NC ; pbreak B ; 
id _61 ; name amics ; pos_index 1 ; pos_index_score 0 ; pos AQ ; pbreak BB ; 
id _62 ; name Bon ; pos_index 1 ; pos_index_score 0 ; pos AQ ; pbreak NB ; 
id _63 ; name dia ; pos_index 30 ; pos_index_score 0 ; pos NC ; pbreak NB ; 
id _64 ; name coma ; pos_index 51 ; pos_index_score 0 ; pos VMI ; pbreak NB ; 
id _65 ; name amics ; pos_index 1 ; pos_index_score 0 ; pos AQ ; pbreak BB ; 
id _66 ; name Era ; pos_index 30 ; pos_index_score 0 ; pos NC ; pbreak NB ; 
id _67 ; name gran ; pos_index 1 ; pos_index_score 0 ; pos AQ ; pbreak BB ; 
id _68 ; name Molt ; pos_index 40 ; pos_index_score 0 ; pos RG ; pbreak NB ; 
id _69 ; name gran ; pos_index 1 ; pos_index_score 0 ; pos AQ ; pbreak BB ; 
id _70 ; name Era ; pos_index 57 ; pos_index_score 0 ; pos VSI ; pbreak NB ; 
id _72 ; name gran ; pos_index 1 ; pos_index_score 0 ; pos AQ ; pbreak BB ; 
id _73 ; name Molt ; pos_index 40 ; pos_index_score 0 ; pos RG ; pbreak NB ; 
id _74 ; name gran ; pos_index 1 ; pos_index_score 0 ; pos AQ ; pbreak BB ; 
id _75 ; name Era ; pos_index 57 ; pos_index_score 0 ; pos VSI ; pbreak NB ; 
id _76 ; name gran ; pos_index 1 ; pos_index_score 0 ; pos AQ ; pbreak BB ; 
id _77 ; name Molt ; pos_index 40 ; pos_index_score 0 ; pos RG ; pbreak NB ; 
id _78 ; name gran ; pos_index 1 ; pos_index_score 0 ; pos AQ ; pbreak BB ; 
id _79 ; name Era ; pos_index 57 ; pos_index_score 0 ; pos VSI ; pbreak NB ; 
id _80 ; name gran ; pos_index 1 ; pos_index_score 0 ; pos AQ ; pbreak NB ; 
id _81 ; name punt ; pos_index 30 ; pos_index_score 0 ; pos NC ; pbreak NB ; 
id _82 ; name Molt ; pos_index 40 ; pos_index_score 0 ; pos RG ; pbreak NB ; 
id _83 ; name gran ; pos_index 1 ; pos_index_score 0 ; pos AQ ; pbreak BB ; 
id _84 ; name tres ; pos_index 51 ; pos_index_score 0 ; pos VMI ; pbreak NB ; 
id _85 ; name #ws ; pos_index 4 ; pos_index_score 0 ; pos DA ; pbreak NB ; 
id _86 ; name punt ; pos_index 30 ; pos_index_score 0 ; pos NC ; pbreak NB ; 
id _87 ; name talp ; pos_index 30 ; pos_index_score 0 ; pos NC ; pbreak NB ; 
id _88 ; name punt ; pos_index 51 ; pos_index_score 0 ; pos VMI ; pbreak NB ; 
id _89 ; name cat ; pos_index 30 ; pos_index_score 0 ; pos NC ; pbreak NB ; 
id _90 ; name festcat ; pos_index 42 ; pos_index_score 0 ; pos SP ; pbreak NB ; 
id _91 ; name punt ; pos_index 30 ; pos_index_score 0 ; pos NC ; pbreak NB ; 
id _92 ; name talp ; pos_index 30 ; pos_index_score 0 ; pos NC ; pbreak NB ; 
id _93 ; name punt ; pos_index 30 ; pos_index_score 0 ; pos NC ; pbreak NB ; 
id _94 ; name cat ; pos_index 30 ; pos_index_score 0 ; pos NC ; pbreak NB ; 
id _95 ; name mil ; pos_index 63 ; pos_index_score 0 ; pos Z ; pbreak NB ; 
id _96 ; name dos-cents ; pos_index 30 ; pos_index_score 0 ; pos NC ; pbreak NB ; 
id _97 ; name trenta-quatre ; pos_index 42 ; pos_index_score 0 ; pos SP ; pbreak NB ; 
id _98 ; name un ; pos_index 7 ; pos_index_score 0 ; pos DI ; pbreak NB ; 
id _99 ; name coma ; pos_index 30 ; pos_index_score 0 ; pos NC ; pbreak NB ; 
id _100 ; name dos-cents ; pos_index 1 ; pos_index_score 0 ; pos AQ ; pbreak NB ; 
id _101 ; name trenta-quatre ; pos_index 42 ; pos_index_score 0 ; pos SP ; pbreak NB ; 
id _102 ; name un ; pos_index 7 ; pos_index_score 0 ; pos DI ; pbreak NB ; 
id _103 ; name milió ; pos_index 30 ; pos_index_score 0 ; pos NC ; pbreak NB ; 
id _104 ; name dos-cents ; pos_index 42 ; pos_index_score 0 ; pos SP ; pbreak NB ; 
id _105 ; name trenta-quatre ; pos_index 4 ; pos_index_score 0 ; pos DA ; pbreak NB ; 
id _106 ; name mil ; pos_index 30 ; pos_index_score 0 ; pos NC ; pbreak NB ; 
id _107 ; name dos-cents ; pos_index 42 ; pos_index_score 0 ; pos SP ; pbreak NB ; 
id _108 ; name trenta-quatre ; pos_index 4 ; pos_index_score 0 ; pos DA ; pbreak NB ; 
id _109 ; name coma ; pos_index 30 ; pos_index_score 0 ; pos NC ; pbreak NB ; 
id _110 ; name dos-cents ; pos_index 42 ; pos_index_score 0 ; pos SP ; pbreak NB ; 
id _111 ; name trenta-quatre ; pos_index 30 ; pos_index_score 0 ; pos NC ; pbreak NB ; 
id _112 ; name cinquanta-tres ; pos_index 42 ; pos_index_score 0 ; pos SP ; pbreak NB ; 
id _113 ; name coma ; pos_index 30 ; pos_index_score 0 ; pos NC ; pbreak NB ; 
id _114 ; name vuit ; pos_index 35 ; pos_index_score 0 ; pos PN ; pbreak NB ; 
id _115 ; name per ; pos_index 42 ; pos_index_score 0 ; pos SP ; pbreak NB ; 
id _116 ; name cent ; pos_index 8 ; pos_index_score 0 ; pos DN ; pbreak NB ; 
id _117 ; name nou ; pos_index 1 ; pos_index_score 0 ; pos AQ ; pbreak NB ; 
id _118 ; name mil ; pos_index 30 ; pos_index_score 0 ; pos NC ; pbreak NB ; 
id _119 ; name cent ; pos_index 35 ; pos_index_score 0 ; pos PN ; pbreak NB ; 
id _120 ; name per ; pos_index 42 ; pos_index_score 0 ; pos SP ; pbreak NB ; 
id _121 ; name cent ; pos_index 35 ; pos_index_score 0 ; pos PN ; pbreak NB ; 
id _122 ; name Qui ; pos_index 37 ; pos_index_score 0 ; pos PR ; pbreak NB ; 
id _123 ; name menja ; pos_index 30 ; pos_index_score 0 ; pos NC ; pbreak BB ; 
id _124 ; name jo ; pos_index 30 ; pos_index_score 0 ; pos NC ; pbreak NB ; 
id _125 ; name no ; pos_index 30 ; pos_index_score 0 ; pos NC ; pbreak BB ; 
id _126 ; name Qui ; pos_index 37 ; pos_index_score 0 ; pos PR ; pbreak NB ; 
id _128 ; name menja ; pos_index 51 ; pos_index_score 0 ; pos VMI ; pbreak BB ; 
id _129 ; name jo ; pos_index 36 ; pos_index_score 0 ; pos PP ; pbreak NB ; 
id _130 ; name no ; pos_index 41 ; pos_index_score 0 ; pos RN ; pbreak BB ; 
id _131 ; name Qui ; pos_index 38 ; pos_index_score 0 ; pos PT ; pbreak NB ; 
id _132 ; name menja ; pos_index 30 ; pos_index_score 0 ; pos NC ; pbreak BB ; 
id _133 ; name jo ; pos_index 30 ; pos_index_score 0 ; pos NC ; pbreak NB ; 
id _134 ; name no ; pos_index 30 ; pos_index_score 0 ; pos NC ; pbreak BB ; 
id _135 ; name Qui ; pos_index 37 ; pos_index_score 0 ; pos PR ; pbreak NB ; 
id _136 ; name menja ; pos_index 51 ; pos_index_score 0 ; pos VMI ; pbreak NB ; 
id _137 ; name punt ; pos_index 30 ; pos_index_score 0 ; pos NC ; pbreak NB ; 
id _138 ; name i ; pos_index 2 ; pos_index_score 0 ; pos CC ; pbreak NB ; 
id _139 ; name coma ; pos_index 30 ; pos_index_score 0 ; pos NC ; pbreak NB ; 
id _140 ; name jo ; pos_index 30 ; pos_index_score 0 ; pos NC ; pbreak NB ; 
id _141 ; name no ; pos_index 41 ; pos_index_score 0 ; pos RN ; pbreak BB ; 
Phrase: 
()
id _142 ; name B ; 
id _143 ; name BB ; 
id _144 ; name B ; 
id _145 ; name BB ; 
id _146 ; name B ; 
id _147 ; name BB ; 
id _148 ; name BB ; 
id _149 ; name BB ; 
id _150 ; name BB ; 
id _151 ; name BB ; 
id _152 ; name BB ; 
id _153 ; name BB ; 
id _154 ; name BB ; 
id _155 ; name BB ; 
id _156 ; name BB ; 
id _157 ; name BB ; 
id _158 ; name BB ; 
id _159 ; name BB ; 
id _160 ; name BB ; 
id _161 ; name BB ; 
id _162 ; name BB ; 
Syllable: 
()
id _163 ; name syl ; stress 1 ; 
id _167 ; name syl ; stress 1 ; 
id _170 ; name syl ; stress 0 ; 
id _172 ; name syl ; stress 0 ; 
id _174 ; name syl ; stress 1 ; 
id _179 ; name syl ; stress 1 ; 
id _183 ; name syl ; stress 1 ; 
id _186 ; name syl ; stress 0 ; 
id _188 ; name syl ; stress 0 ; 
id _190 ; name syl ; stress 1 ; 
id _195 ; name syl ; stress 1 ; 
id _199 ; name syl ; stress 1 ; 
id _202 ; name syl ; stress 0 ; 
id _204 ; name syl ; stress 0 ; 
id _206 ; name syl ; stress 1 ; 
id _211 ; name syl ; stress 1 ; 
id _215 ; name syl ; stress 1 ; 
id _218 ; name syl ; stress 0 ; 
id _220 ; name syl ; stress 1 ; 
id _223 ; name syl ; stress 0 ; 
id _226 ; name syl ; stress 0 ; 
id _228 ; name syl ; stress 1 ; 
id _233 ; name syl ; stress 1 ; 
id _235 ; name syl ; stress 0 ; 
id _238 ; name syl ; stress 1 ; 
id _243 ; name syl ; stress 1 ; 
id _247 ; name syl ; stress 1 ; 
id _252 ; name syl ; stress 1 ; 
id _254 ; name syl ; stress 0 ; 
id _257 ; name syl ; stress 1 ; 
id _262 ; name syl ; stress 1 ; 
id _266 ; name syl ; stress 1 ; 
id _271 ; name syl ; stress 1 ; 
id _273 ; name syl ; stress 0 ; 
id _276 ; name syl ; stress 1 ; 
id _281 ; name syl ; stress 1 ; 
id _285 ; name syl ; stress 1 ; 
id _290 ; name syl ; stress 1 ; 
id _292 ; name syl ; stress 0 ; 
id _295 ; name syl ; stress 1 ; 
id _300 ; name syl ; stress 1 ; 
id _304 ; name syl ; stress 1 ; 
id _308 ; name syl ; stress 1 ; 
id _313 ; name syl ; stress 1 ; 
id _318 ; name syl ; stress 1 ; 
id _321 ; name syl ; stress 1 ; 
id _325 ; name syl ; stress 0 ; 
id _330 ; name syl ; stress 1 ; 
id _334 ; name syl ; stress 1 ; 
id _339 ; name syl ; stress 1 ; 
id _343 ; name syl ; stress 1 ; 
id _347 ; name syl ; stress 0 ; 
id _351 ; name syl ; stress 0 ; 
id _353 ; name syl ; stress 1 ; 
id _357 ; name syl ; stress 1 ; 
id _361 ; name syl ; stress 1 ; 
id _366 ; name syl ; stress 1 ; 
id _370 ; name syl ; stress 1 ; 
id _374 ; name syl ; stress 1 ; 
id _378 ; name syl ; stress 0 ; 
id _381 ; name syl ; stress 1 ; 
id _386 ; name syl ; stress 0 ; 
id _391 ; name syl ; stress 0 ; 
id _394 ; name syl ; stress 1 ; 
id _398 ; name syl ; stress 0 ; 
id _402 ; name syl ; stress 0 ; 
id _405 ; name syl ; stress 1 ; 
id _408 ; name syl ; stress 0 ; 
id _411 ; name syl ; stress 0 ; 
id _414 ; name syl ; stress 1 ; 
id _419 ; name syl ; stress 0 ; 
id _424 ; name syl ; stress 0 ; 
id _427 ; name syl ; stress 1 ; 
id _431 ; name syl ; stress 0 ; 
id _435 ; name syl ; stress 0 ; 
id _438 ; name syl ; stress 0 ; 
id _441 ; name syl ; stress 1 ; 
id _445 ; name syl ; stress 0 ; 
id _448 ; name syl ; stress 1 ; 
id _453 ; name syl ; stress 0 ; 
id _458 ; name syl ; stress 0 ; 
id _461 ; name syl ; stress 1 ; 
id _465 ; name syl ; stress 0 ; 
id _469 ; name syl ; stress 1 ; 
id _473 ; name syl ; stress 0 ; 
id _476 ; name syl ; stress 1 ; 
id _481 ; name syl ; stress 0 ; 
id _486 ; name syl ; stress 0 ; 
id _489 ; name syl ; stress 1 ; 
id _493 ; name syl ; stress 0 ; 
id _497 ; name syl ; stress 1 ; 
id _500 ; name syl ; stress 0 ; 
id _503 ; name syl ; stress 0 ; 
id _506 ; name syl ; stress 1 ; 
id _511 ; name syl ; stress 0 ; 
id _516 ; name syl ; stress 0 ; 
id _519 ; name syl ; stress 1 ; 
id _523 ; name syl ; stress 0 ; 
id _527 ; name syl ; stress 0 ; 
id _531 ; name syl ; stress 0 ; 
id _536 ; name syl ; stress 0 ; 
id _539 ; name syl ; stress 1 ; 
id _544 ; name syl ; stress 1 ; 
id _547 ; name syl ; stress 0 ; 
id _550 ; name syl ; stress 1 ; 
id _555 ; name syl ; stress 0 ; 
id _559 ; name syl ; stress 1 ; 
id _563 ; name syl ; stress 1 ; 
id _567 ; name syl ; stress 1 ; 
id _571 ; name syl ; stress 1 ; 
id _575 ; name syl ; stress 0 ; 
id _579 ; name syl ; stress 1 ; 
id _583 ; name syl ; stress 1 ; 
id _586 ; name syl ; stress 1 ; 
id _590 ; name syl ; stress 0 ; 
id _593 ; name syl ; stress 1 ; 
id _596 ; name syl ; stress 1 ; 
id _599 ; name syl ; stress 1 ; 
id _602 ; name syl ; stress 1 ; 
id _606 ; name syl ; stress 0 ; 
id _609 ; name syl ; stress 1 ; 
id _612 ; name syl ; stress 1 ; 
id _615 ; name syl ; stress 1 ; 
id _618 ; name syl ; stress 1 ; 
id _622 ; name syl ; stress 0 ; 
id _625 ; name syl ; stress 1 ; 
id _628 ; name syl ; stress 1 ; 
id _631 ; name syl ; stress 1 ; 
id _634 ; name syl ; stress 1 ; 
id _638 ; name syl ; stress 0 ; 
id _641 ; name syl ; stress 1 ; 
id _645 ; name syl ; stress 0 ; 
id _647 ; name syl ; stress 1 ; 
id _650 ; name syl ; stress 0 ; 
id _653 ; name syl ; stress 1 ; 
id _656 ; name syl ; stress 1 ; 
Segment: 
()
id _659 ; name pau ; 
id _164 ; name b ; 
id _165 ; name O1 ; 
id _166 ; name n ; 
id _168 ; name d ; 
id _169 ; name i1 ; 
id _171 ; name ax ; 
id _660 ; name pau ; 
id _173 ; name ax ; 
id _175 ; name m ; 
id _176 ; name i1 ; 
id _177 ; name k ; 
id _178 ; name s ; 
id _661 ; name pau ; 
id _180 ; name b ; 
id _181 ; name O1 ; 
id _182 ; name n ; 
id _184 ; name d ; 
id _185 ; name i1 ; 
id _187 ; name ax ; 
id _662 ; name pau ; 
id _189 ; name ax ; 
id _191 ; name m ; 
id _192 ; name i1 ; 
id _193 ; name k ; 
id _194 ; name s ; 
id _663 ; name pau ; 
id _196 ; name b ; 
id _197 ; name O1 ; 
id _198 ; name n ; 
id _200 ; name d ; 
id _201 ; name i1 ; 
id _203 ; name ax ; 
id _664 ; name pau ; 
id _205 ; name ax ; 
id _207 ; name m ; 
id _208 ; name i1 ; 
id _209 ; name k ; 
id _210 ; name s ; 
id _665 ; name pau ; 
id _212 ; name b ; 
id _213 ; name O1 ; 
id _214 ; name n ; 
id _216 ; name d ; 
id _217 ; name i1 ; 
id _219 ; name ax ; 
id _221 ; name k ; 
id _222 ; name o1 ; 
id _224 ; name m ; 
id _225 ; name ax ; 
id _227 ; name ax ; 
id _229 ; name m ; 
id _230 ; name i1 ; 
id _231 ; name k ; 
id _232 ; name s ; 
id _666 ; name pau ; 
id _234 ; name e1 ; 
id _236 ; name r ; 
id _237 ; name ax ; 
id _239 ; name g ; 
id _240 ; name r ; 
id _241 ; name a1 ; 
id _242 ; name n ; 
id _667 ; name pau ; 
id _244 ; name m ; 
id _245 ; name o1 ; 
id _246 ; name l ; 
id _248 ; name g ; 
id _249 ; name r ; 
id _250 ; name a1 ; 
id _251 ; name n ; 
id _668 ; name pau ; 
id _253 ; name e1 ; 
id _255 ; name r ; 
id _256 ; name ax ; 
id _258 ; name g ; 
id _259 ; name r ; 
id _260 ; name a1 ; 
id _261 ; name n ; 
id _669 ; name pau ; 
id _263 ; name m ; 
id _264 ; name o1 ; 
id _265 ; name l ; 
id _267 ; name g ; 
id _268 ; name r ; 
id _269 ; name a1 ; 
id _270 ; name n ; 
id _670 ; name pau ; 
id _272 ; name e1 ; 
id _274 ; name r ; 
id _275 ; name ax ; 
id _277 ; name g ; 
id _278 ; name r ; 
id _279 ; name a1 ; 
id _280 ; name n ; 
id _671 ; name pau ; 
id _282 ; name m ; 
id _283 ; name o1 ; 
id _284 ; name l ; 
id _286 ; name g ; 
id _287 ; name r ; 
id _288 ; name a1 ; 
id _289 ; name n ; 
id _672 ; name pau ; 
id _291 ; name e1 ; 
id _293 ; name r ; 
id _294 ; name ax ; 
id _296 ; name g ; 
id _297 ; name r ; 
id _298 ; name a1 ; 
id _299 ; name n ; 
id _301 ; name p ; 
id _302 ; name u1 ; 
id _303 ; name n ; 
id _305 ; name m ; 
id _306 ; name o1 ; 
id _307 ; name l ; 
id _309 ; name g ; 
id _310 ; name r ; 
id _311 ; name a1 ; 
id _312 ; name n ; 
id _673 ; name pau ; 
id _314 ; name t ; 
id _315 ; name r ; 
id _316 ; name E1 ; 
id _317 ; name s ; 
id _319 ; name b ; 
id _320 ; name e1 ; 
id _322 ; name d ; 
id _323 ; name o1 ; 
id _324 ; name b ; 
id _326 ; name b ; 
id _327 ; name l ; 
id _328 ; name ax ; 
id _329 ; name s ; 
id _331 ; name p ; 
id _332 ; name u1 ; 
id _333 ; name n ; 
id _335 ; name t ; 
id _336 ; name a1 ; 
id _337 ; name l ; 
id _338 ; name p ; 
id _340 ; name p ; 
id _341 ; name u1 ; 
id _342 ; name n ; 
id _344 ; name k ; 
id _345 ; name a1 ; 
id _346 ; name t ; 
id _348 ; name f ; 
id _349 ; name ax ; 
id _350 ; name s ; 
id _352 ; name t ; 
id _354 ; name k ; 
id _355 ; name a1 ; 
id _356 ; name t ; 
id _358 ; name p ; 
id _359 ; name u1 ; 
id _360 ; name n ; 
id _362 ; name t ; 
id _363 ; name a1 ; 
id _364 ; name l ; 
id _365 ; name p ; 
id _367 ; name p ; 
id _368 ; name u1 ; 
id _369 ; name n ; 
id _371 ; name k ; 
id _372 ; name a1 ; 
id _373 ; name t ; 
id _375 ; name m ; 
id _376 ; name i1 ; 
id _377 ; name l ; 
id _379 ; name d ; 
id _380 ; name o ; 
id _382 ; name s ; 
id _383 ; name e1 ; 
id _384 ; name n ; 
id _385 ; name s ; 
id _387 ; name t ; 
id _388 ; name r ; 
id _389 ; name E ; 
id _390 ; name n ; 
id _392 ; name t ; 
id _393 ; name ax ; 
id _395 ; name k ; 
id _396 ; name w ; 
id _397 ; name a1 ; 
id _399 ; name t ; 
id _400 ; name r ; 
id _401 ; name ax ; 
id _403 ; name u ; 
id _404 ; name n ; 
id _406 ; name k ; 
id _407 ; name o1 ; 
id _409 ; name m ; 
id _410 ; name ax ; 
id _412 ; name d ; 
id _413 ; name o ; 
id _415 ; name s ; 
id _416 ; name e1 ; 
id _417 ; name n ; 
id _418 ; name s ; 
id _420 ; name t ; 
id _421 ; name r ; 
id _422 ; name E ; 
id _423 ; name n ; 
id _425 ; name t ; 
id _426 ; name ax ; 
id _428 ; name k ; 
id _429 ; name w ; 
id _430 ; name a1 ; 
id _432 ; name t ; 
id _433 ; name r ; 
id _434 ; name ax ; 
id _436 ; name u ; 
id _437 ; name n ; 
id _439 ; name m ; 
id _440 ; name i ; 
id _442 ; name l ; 
id _443 ; name j ; 
id _444 ; name o1 ; 
id _446 ; name d ; 
id _447 ; name o ; 
id _449 ; name s ; 
id _450 ; name e1 ; 
id _451 ; name n ; 
id _452 ; name s ; 
id _454 ; name t ; 
id _455 ; name r ; 
id _456 ; name E ; 
id _457 ; name n ; 
id _459 ; name t ; 
id _460 ; name ax ; 
id _462 ; name k ; 
id _463 ; name w ; 
id _464 ; name a1 ; 
id _466 ; name t ; 
id _467 ; name r ; 
id _468 ; name ax ; 
id _470 ; name m ; 
id _471 ; name i1 ; 
id _472 ; name l ; 
id _474 ; name d ; 
id _475 ; name o ; 
id _477 ; name s ; 
id _478 ; name e1 ; 
id _479 ; name n ; 
id _480 ; name s ; 
id _482 ; name t ; 
id _483 ; name r ; 
id _484 ; name E ; 
id _485 ; name n ; 
id _487 ; name t ; 
id _488 ; name ax ; 
id _490 ; name k ; 
id _491 ; name w ; 
id _492 ; name a1 ; 
id _494 ; name t ; 
id _495 ; name r ; 
id _496 ; name ax ; 
id _498 ; name k ; 
id _499 ; name o1 ; 
id _501 ; name m ; 
id _502 ; name ax ; 
id _504 ; name d ; 
id _505 ; name o ; 
id _507 ; name s ; 
id _508 ; name e1 ; 
id _509 ; name n ; 
id _510 ; name s ; 
id _512 ; name t ; 
id _513 ; name r ; 
id _514 ; name E ; 
id _515 ; name n ; 
id _517 ; name t ; 
id _518 ; name ax ; 
id _520 ; name k ; 
id _521 ; name w ; 
id _522 ; name a1 ; 
id _524 ; name t ; 
id _525 ; name r ; 
id _526 ; name ax ; 
id _528 ; name s ; 
id _529 ; name i ; 
id _530 ; name n ; 
id _532 ; name k ; 
id _533 ; name w ; 
id _534 ; name a ; 
id _535 ; name n ; 
id _537 ; name t ; 
id _538 ; name ax ; 
id _540 ; name t ; 
id _541 ; name r ; 
id _542 ; name E1 ; 
id _543 ; name s ; 
id _545 ; name k ; 
id _546 ; name o1 ; 
id _548 ; name m ; 
id _549 ; name ax ; 
id _551 ; name b ; 
id _552 ; name u1 ; 
id _553 ; name j ; 
id _554 ; name t ; 
id _556 ; name p ; 
id _557 ; name ax ; 
id _558 ; name rr ; 
id _560 ; name s ; 
id _561 ; name e1 ; 
id _562 ; name n ; 
id _564 ; name n ; 
id _565 ; name O1 ; 
id _566 ; name w ; 
id _568 ; name m ; 
id _569 ; name i1 ; 
id _570 ; name l ; 
id _572 ; name s ; 
id _573 ; name e1 ; 
id _574 ; name n ; 
id _576 ; name p ; 
id _577 ; name ax ; 
id _578 ; name rr ; 
id _580 ; name s ; 
id _581 ; name e1 ; 
id _582 ; name n ; 
id _584 ; name k ; 
id _585 ; name i1 ; 
id _587 ; name m ; 
id _588 ; name e1 ; 
id _589 ; name n ; 
id _591 ; name Z ; 
id _592 ; name ax ; 
id _674 ; name pau ; 
id _594 ; name Z ; 
id _595 ; name O1 ; 
id _597 ; name n ; 
id _598 ; name o1 ; 
id _675 ; name pau ; 
id _600 ; name k ; 
id _601 ; name i1 ; 
id _603 ; name m ; 
id _604 ; name e1 ; 
id _605 ; name n ; 
id _607 ; name Z ; 
id _608 ; name ax ; 
id _676 ; name pau ; 
id _610 ; name Z ; 
id _611 ; name O1 ; 
id _613 ; name n ; 
id _614 ; name o1 ; 
id _677 ; name pau ; 
id _616 ; name k ; 
id _617 ; name i1 ; 
id _619 ; name m ; 
id _620 ; name e1 ; 
id _621 ; name n ; 
id _623 ; name Z ; 
id _624 ; name ax ; 
id _678 ; name pau ; 
id _626 ; name Z ; 
id _627 ; name O1 ; 
id _629 ; name n ; 
id _630 ; name o1 ; 
id _679 ; name pau ; 
id _632 ; name k ; 
id _633 ; name i1 ; 
id _635 ; name m ; 
id _636 ; name e1 ; 
id _637 ; name n ; 
id _639 ; name Z ; 
id _640 ; name ax ; 
id _642 ; name p ; 
id _643 ; name u1 ; 
id _644 ; name n ; 
id _646 ; name i ; 
id _648 ; name k ; 
id _649 ; name o1 ; 
id _651 ; name m ; 
id _652 ; name ax ; 
id _654 ; name Z ; 
id _655 ; name O1 ; 
id _657 ; name n ; 
id _658 ; name o1 ; 
id _680 ; name pau ; 
SylStructure: 
()
id _52 ; name Bon ; pos_index 1 ; pos_index_score 0 ; pos AQ ; pbreak NB ; 
id _53 ; name dia ; pos_index 30 ; pos_index_score 0 ; pos NC ; pbreak B ; 
id _54 ; name amics ; pos_index 1 ; pos_index_score 0 ; pos AQ ; pbreak BB ; 
id _55 ; name Bon ; pos_index 1 ; pos_index_score 0 ; pos AQ ; pbreak NB ; 
id _57 ; name dia ; pos_index 30 ; pos_index_score 0 ; pos NC ; pbreak B ; 
id _58 ; name amics ; pos_index 1 ; pos_index_score 0 ; pos AQ ; pbreak BB ; 
id _59 ; name Bon ; pos_index 1 ; pos_index_score 0 ; pos AQ ; pbreak NB ; 
id _60 ; name dia ; pos_index 30 ; pos_index_score 0 ; pos NC ; pbreak B ; 
id _61 ; name amics ; pos_index 1 ; pos_index_score 0 ; pos AQ ; pbreak BB ; 
id _62 ; name Bon ; pos_index 1 ; pos_index_score 0 ; pos AQ ; pbreak NB ; 
id _63 ; name dia ; pos_index 30 ; pos_index_score 0 ; pos NC ; pbreak NB ; 
id _64 ; name coma ; pos_index 51 ; pos_index_score 0 ; pos VMI ; pbreak NB ; 
id _65 ; name amics ; pos_index 1 ; pos_index_score 0 ; pos AQ ; pbreak BB ; 
id _66 ; name Era ; pos_index 30 ; pos_index_score 0 ; pos NC ; pbreak NB ; 
id _67 ; name gran ; pos_index 1 ; pos_index_score 0 ; pos AQ ; pbreak BB ; 
id _68 ; name Molt ; pos_index 40 ; pos_index_score 0 ; pos RG ; pbreak NB ; 
id _69 ; name gran ; pos_index 1 ; pos_index_score 0 ; pos AQ ; pbreak BB ; 
id _70 ; name Era ; pos_index 57 ; pos_index_score 0 ; pos VSI ; pbreak NB ; 
id _72 ; name gran ; pos_index 1 ; pos_index_score 0 ; pos AQ ; pbreak BB ; 
id _73 ; name Molt ; pos_index 40 ; pos_index_score 0 ; pos RG ; pbreak NB ; 
id _74 ; name gran ; pos_index 1 ; pos_index_score 0 ; pos AQ ; pbreak BB ; 
id _75 ; name Era ; pos_index 57 ; pos_index_score 0 ; pos VSI ; pbreak NB ; 
id _76 ; name gran ; pos_index 1 ; pos_index_score 0 ; pos AQ ; pbreak BB ; 
id _77 ; name Molt ; pos_index 40 ; pos_index_score 0 ; pos RG ; pbreak NB ; 
id _78 ; name gran ; pos_index 1 ; pos_index_score 0 ; pos AQ ; pbreak BB ; 
id _79 ; name Era ; pos_index 57 ; pos_index_score 0 ; pos VSI ; pbreak NB ; 
id _80 ; name gran ; pos_index 1 ; pos_index_score 0 ; pos AQ ; pbreak NB ; 
id _81 ; name punt ; pos_index 30 ; pos_index_score 0 ; pos NC ; pbreak NB ; 
id _82 ; name Molt ; pos_index 40 ; pos_index_score 0 ; pos RG ; pbreak NB ; 
id _83 ; name gran ; pos_index 1 ; pos_index_score 0 ; pos AQ ; pbreak BB ; 
id _84 ; name tres ; pos_index 51 ; pos_index_score 0 ; pos VMI ; pbreak NB ; 
id _85 ; name #ws ; pos_index 4 ; pos_index_score 0 ; pos DA ; pbreak NB ; 
id _86 ; name punt ; pos_index 30 ; pos_index_score 0 ; pos NC ; pbreak NB ; 
id _87 ; name talp ; pos_index 30 ; pos_index_score 0 ; pos NC ; pbreak NB ; 
id _88 ; name punt ; pos_index 51 ; pos_index_score 0 ; pos VMI ; pbreak NB ; 
id _89 ; name cat ; pos_index 30 ; pos_index_score 0 ; pos NC ; pbreak NB ; 
id _90 ; name festcat ; pos_index 42 ; pos_index_score 0 ; pos SP ; pbreak NB ; 
id _91 ; name punt ; pos_index 30 ; pos_index_score 0 ; pos NC ; pbreak NB ; 
id _92 ; name talp ; pos_index 30 ; pos_index_score 0 ; pos NC ; pbreak NB ; 
id _93 ; name punt ; pos_index 30 ; pos_index_score 0 ; pos NC ; pbreak NB ; 
id _94 ; name cat ; pos_index 30 ; pos_index_score 0 ; pos NC ; pbreak NB ; 
id _95 ; name mil ; pos_index 63 ; pos_index_score 0 ; pos Z ; pbreak NB ; 
id _96 ; name dos-cents ; pos_index 30 ; pos_index_score 0 ; pos NC ; pbreak NB ; 
id _97 ; name trenta-quatre ; pos_index 42 ; pos_index_score 0 ; pos SP ; pbreak NB ; 
id _98 ; name un ; pos_index 7 ; pos_index_score 0 ; pos DI ; pbreak NB ; 
id _99 ; name coma ; pos_index 30 ; pos_index_score 0 ; pos NC ; pbreak NB ; 
id _100 ; name dos-cents ; pos_index 1 ; pos_index_score 0 ; pos AQ ; pbreak NB ; 
id _101 ; name trenta-quatre ; pos_index 42 ; pos_index_score 0 ; pos SP ; pbreak NB ; 
id _102 ; name un ; pos_index 7 ; pos_index_score 0 ; pos DI ; pbreak NB ; 
id _103 ; name milió ; pos_index 30 ; pos_index_score 0 ; pos NC ; pbreak NB ; 
id _104 ; name dos-cents ; pos_index 42 ; pos_index_score 0 ; pos SP ; pbreak NB ; 
id _105 ; name trenta-quatre ; pos_index 4 ; pos_index_score 0 ; pos DA ; pbreak NB ; 
id _106 ; name mil ; pos_index 30 ; pos_index_score 0 ; pos NC ; pbreak NB ; 
id _107 ; name dos-cents ; pos_index 42 ; pos_index_score 0 ; pos SP ; pbreak NB ; 
id _108 ; name trenta-quatre ; pos_index 4 ; pos_index_score 0 ; pos DA ; pbreak NB ; 
id _109 ; name coma ; pos_index 30 ; pos_index_score 0 ; pos NC ; pbreak NB ; 
id _110 ; name dos-cents ; pos_index 42 ; pos_index_score 0 ; pos SP ; pbreak NB ; 
id _111 ; name trenta-quatre ; pos_index 30 ; pos_index_score 0 ; pos NC ; pbreak NB ; 
id _112 ; name cinquanta-tres ; pos_index 42 ; pos_index_score 0 ; pos SP ; pbreak NB ; 
id _113 ; name coma ; pos_index 30 ; pos_index_score 0 ; pos NC ; pbreak NB ; 
id _114 ; name vuit ; pos_index 35 ; pos_index_score 0 ; pos PN ; pbreak NB ; 
id _115 ; name per ; pos_index 42 ; pos_index_score 0 ; pos SP ; pbreak NB ; 
id _116 ; name cent ; pos_index 8 ; pos_index_score 0 ; pos DN ; pbreak NB ; 
id _117 ; name nou ; pos_index 1 ; pos_index_score 0 ; pos AQ ; pbreak NB ; 
id _118 ; name mil ; pos_index 30 ; pos_index_score 0 ; pos NC ; pbreak NB ; 
id _119 ; name cent ; pos_index 35 ; pos_index_score 0 ; pos PN ; pbreak NB ; 
id _120 ; name per ; pos_index 42 ; pos_index_score 0 ; pos SP ; pbreak NB ; 
id _121 ; name cent ; pos_index 35 ; pos_index_score 0 ; pos PN ; pbreak NB ; 
id _122 ; name Qui ; pos_index 37 ; pos_index_score 0 ; pos PR ; pbreak NB ; 
id _123 ; name menja ; pos_index 30 ; pos_index_score 0 ; pos NC ; pbreak BB ; 
id _124 ; name jo ; pos_index 30 ; pos_index_score 0 ; pos NC ; pbreak NB ; 
id _125 ; name no ; pos_index 30 ; pos_index_score 0 ; pos NC ; pbreak BB ; 
id _126 ; name Qui ; pos_index 37 ; pos_index_score 0 ; pos PR ; pbreak NB ; 
id _128 ; name menja ; pos_index 51 ; pos_index_score 0 ; pos VMI ; pbreak BB ; 
id _129 ; name jo ; pos_index 36 ; pos_index_score 0 ; pos PP ; pbreak NB ; 
id _130 ; name no ; pos_index 41 ; pos_index_score 0 ; pos RN ; pbreak BB ; 
id _131 ; name Qui ; pos_index 38 ; pos_index_score 0 ; pos PT ; pbreak NB ; 
id _132 ; name menja ; pos_index 30 ; pos_index_score 0 ; pos NC ; pbreak BB ; 
id _133 ; name jo ; pos_index 30 ; pos_index_score 0 ; pos NC ; pbreak NB ; 
id _134 ; name no ; pos_index 30 ; pos_index_score 0 ; pos NC ; pbreak BB ; 
id _135 ; name Qui ; pos_index 37 ; pos_index_score 0 ; pos PR ; pbreak NB ; 
id _136 ; name menja ; pos_index 51 ; pos_index_score 0 ; pos VMI ; pbreak NB ; 
id _137 ; name punt ; pos_index 30 ; pos_index_score 0 ; pos NC ; pbreak NB ; 
id _138 ; name i ; pos_index 2 ; pos_index_score 0 ; pos CC ; pbreak NB ; 
id _139 ; name coma ; pos_index 30 ; pos_index_score 0 ; pos NC ; pbreak NB ; 
id _140 ; name jo ; pos_index 30 ; pos_index_score 0 ; pos NC ; pbreak NB ; 
id _141 ; name no ; pos_index 41 ; pos_index_score 0 ; pos RN ; pbreak BB ; 
