Frase: Charset: ISO-8859-15.

Llista primera:

- 3 kg. de patates
- 2 pomes
- 4 mandarines


Llista segona:

- 1 pera.
- 1 plàtan.
- 3 kiwis.

Llista tercera:

-3 kg. de patates
-2 pomes
-4 mandarines


Llista 4ª:

-1 pera.
-1 plàtan.
-3 kiwis.

Token: 
()
id _1 ; name Charset ; punc : ; whitespace "" ; prepunctuation "" ; 
id _2 ; name ISO-8859-15 ; punc . ; whitespace " " ; prepunctuation "" ; 
id _3 ; name Llista ; whitespace "

" ; prepunctuation "" ; 
id _4 ; name primera ; punc , ; whitespace " " ; prepunctuation "" ; 
id _5 ; name - ; whitespace "

" ; prepunctuation "" ; 
id _6 ; name "3" ; whitespace " " ; prepunctuation "" ; token_pos cardinal ; 
id _7 ; name kg ; punc "" ; whitespace " " ; prepunctuation "" ; 
id _8 ; name de ; whitespace " " ; prepunctuation "" ; 
id _9 ; name patates ; whitespace " " ; prepunctuation "" ; punc , ; 
id _10 ; name - ; whitespace "
" ; prepunctuation "" ; 
id _11 ; name "2" ; whitespace " " ; prepunctuation "" ; token_pos cardinal ; 
id _12 ; name pomes ; whitespace " " ; prepunctuation "" ; punc , ; 
id _13 ; name - ; whitespace "
" ; prepunctuation "" ; 
id _14 ; name "4" ; whitespace " " ; prepunctuation "" ; token_pos cardinal ; 
id _15 ; name mandarines ; whitespace " " ; prepunctuation "" ; 
id _16 ; name Llista ; whitespace "


" ; prepunctuation "" ; 
id _17 ; name segona ; punc , ; whitespace " " ; prepunctuation "" ; 
id _18 ; name - ; whitespace "

" ; prepunctuation "" ; 
id _19 ; name "1" ; whitespace " " ; prepunctuation "" ; token_pos cardinal ; 
id _20 ; name pera ; punc , ; whitespace " " ; prepunctuation "" ; 
id _21 ; name - ; whitespace "
" ; prepunctuation "" ; 
id _22 ; name "1" ; whitespace " " ; prepunctuation "" ; token_pos cardinal ; 
id _23 ; name plàtan ; punc , ; whitespace " " ; prepunctuation "" ; 
id _24 ; name - ; whitespace "
" ; prepunctuation "" ; 
id _25 ; name "3" ; whitespace " " ; prepunctuation "" ; token_pos cardinal ; 
id _26 ; name kiwis ; punc . ; whitespace " " ; prepunctuation "" ; 
id _27 ; name Llista ; whitespace "

" ; prepunctuation "" ; 
id _28 ; name tercera ; punc , ; whitespace " " ; prepunctuation "" ; 
id _29 ; name "-3" ; whitespace "

" ; prepunctuation "" ; 
id _30 ; name kg ; punc "" ; whitespace " " ; prepunctuation "" ; 
id _31 ; name de ; whitespace " " ; prepunctuation "" ; 
id _32 ; name patates ; whitespace " " ; prepunctuation "" ; punc , ; 
id _33 ; name "-2" ; whitespace "
" ; prepunctuation "" ; 
id _34 ; name pomes ; whitespace " " ; prepunctuation "" ; punc , ; 
id _35 ; name "-4" ; whitespace "
" ; prepunctuation "" ; 
id _36 ; name mandarines ; whitespace " " ; prepunctuation "" ; 
id _37 ; name Llista ; whitespace "


" ; prepunctuation "" ; 
id _38 ; name 4ª ; punc , ; whitespace " " ; prepunctuation "" ; 
id _39 ; name "-1" ; whitespace "

" ; prepunctuation "" ; 
id _40 ; name pera ; punc , ; whitespace " " ; prepunctuation "" ; 
id _41 ; name "-1" ; whitespace "
" ; prepunctuation "" ; 
id _42 ; name plàtan ; punc , ; whitespace " " ; prepunctuation "" ; 
id _43 ; name "-3" ; whitespace "
" ; prepunctuation "" ; 
id _44 ; name kiwis ; punc . ; whitespace " " ; prepunctuation "" ; 
Word: 
()
id _45 ; name Charset ; pos_index 60 ; pos_index_score 0 ; pos VSP ; pbreak BB ; 
id _46 ; name #i ; pos_index 54 ; pos_index_score 0 ; pos VMP ; pbreak NB ; 
id _47 ; name #s ; pos_index 42 ; pos_index_score 0 ; pos SP ; pbreak NB ; 
id _48 ; name #o ; pos_index 4 ; pos_index_score 0 ; pos DA ; pbreak NB ; 
id _49 ; name guió ; pos_index 30 ; pos_index_score 0 ; pos NC ; pbreak NB ; 
id _50 ; name vuit ; pos_index 35 ; pos_index_score 0 ; pos PN ; pbreak NB ; 
id _51 ; name vuit ; pos_index 8 ; pos_index_score 0 ; pos DN ; pbreak NB ; 
id _52 ; name cinc ; pos_index 8 ; pos_index_score 0 ; pos DN ; pbreak NB ; 
id _53 ; name nou ; pos_index 1 ; pos_index_score 0 ; pos AQ ; pbreak NB ; 
id _54 ; name guió ; pos_index 30 ; pos_index_score 0 ; pos NC ; pbreak NB ; 
id _55 ; name un ; pos_index 7 ; pos_index_score 0 ; pos DI ; pbreak NB ; 
id _56 ; name cinc ; pos_index 35 ; pos_index_score 0 ; pos PN ; pbreak BB ; 
id _57 ; name Llista ; pos_index 51 ; pos_index_score 0 ; pos VMI ; pbreak NB ; 
id _58 ; name primera ; pos_index 0 ; pos_index_score 0 ; pos AO ; pbreak B ; 
id _59 ; name tres ; pos_index 8 ; pos_index_score 0 ; pos DN ; pbreak NB ; 
id _60 ; name quilograms ; pos_index 30 ; pos_index_score 0 ; pos NC ; pbreak NB ; 
id _61 ; name de ; pos_index 42 ; pos_index_score 0 ; pos SP ; pbreak NB ; 
id _62 ; name patates ; pos_index 30 ; pos_index_score 0 ; pos NC ; pbreak B ; 
id _63 ; name dos ; pos_index 35 ; pos_index_score 0 ; pos PN ; pbreak NB ; 
id _64 ; name pomes ; pos_index 30 ; pos_index_score 0 ; pos NC ; pbreak B ; 
id _65 ; name quatre ; pos_index 8 ; pos_index_score 0 ; pos DN ; pbreak NB ; 
id _66 ; name mandarines ; pos_index 30 ; pos_index_score 0 ; pos NC ; pbreak NB ; 
id _67 ; name Llista ; pos_index 51 ; pos_index_score 0 ; pos VMI ; pbreak NB ; 
id _68 ; name segona ; pos_index 0 ; pos_index_score 0 ; pos AO ; pbreak B ; 
id _69 ; name un ; pos_index 8 ; pos_index_score 0 ; pos DN ; pbreak NB ; 
id _70 ; name pera ; pos_index 30 ; pos_index_score 0 ; pos NC ; pbreak B ; 
id _71 ; name un ; pos_index 34 ; pos_index_score 0 ; pos PI ; pbreak NB ; 
id _72 ; name plàtan ; pos_index 30 ; pos_index_score 0 ; pos NC ; pbreak B ; 
id _73 ; name tres ; pos_index 8 ; pos_index_score 0 ; pos DN ; pbreak NB ; 
id _74 ; name kiwis ; pos_index 30 ; pos_index_score 0 ; pos NC ; pbreak BB ; 
id _75 ; name Llista ; pos_index 51 ; pos_index_score 0 ; pos VMI ; pbreak NB ; 
id _76 ; name tercera ; pos_index 0 ; pos_index_score 0 ; pos AO ; pbreak B ; 
id _77 ; name tres ; pos_index 8 ; pos_index_score 0 ; pos DN ; pbreak NB ; 
id _78 ; name quilograms ; pos_index 30 ; pos_index_score 0 ; pos NC ; pbreak NB ; 
id _79 ; name de ; pos_index 42 ; pos_index_score 0 ; pos SP ; pbreak NB ; 
id _80 ; name patates ; pos_index 30 ; pos_index_score 0 ; pos NC ; pbreak B ; 
id _81 ; name dos ; pos_index 35 ; pos_index_score 0 ; pos PN ; pbreak NB ; 
id _82 ; name pomes ; pos_index 30 ; pos_index_score 0 ; pos NC ; pbreak B ; 
id _83 ; name quatre ; pos_index 8 ; pos_index_score 0 ; pos DN ; pbreak NB ; 
id _84 ; name mandarines ; pos_index 30 ; pos_index_score 0 ; pos NC ; pbreak NB ; 
id _85 ; name Llista ; pos_index 30 ; pos_index_score 0 ; pos NC ; pbreak NB ; 
id _86 ; name quarta ; pos_index 51 ; pos_index_score 0 ; pos VMI ; pbreak B ; 
id _87 ; name un ; pos_index 7 ; pos_index_score 0 ; pos DI ; pbreak NB ; 
id _88 ; name pera ; pos_index 30 ; pos_index_score 0 ; pos NC ; pbreak B ; 
id _89 ; name un ; pos_index 7 ; pos_index_score 0 ; pos DI ; pbreak NB ; 
id _90 ; name plàtan ; pos_index 30 ; pos_index_score 0 ; pos NC ; pbreak B ; 
id _91 ; name tres ; pos_index 63 ; pos_index_score 0 ; pos Z ; pbreak NB ; 
id _92 ; name kiwis ; pos_index 30 ; pos_index_score 0 ; pos NC ; pbreak BB ; 

